<!doctype html public "-//w3c//dtd html 4.0 transitional//en">
<html><head>
<title>Static Call Graph - [.\Flash\Blinky.axf]</title></head>
<body><HR>
<H1>Static Call Graph for image .\Flash\Blinky.axf</H1><HR>
<BR><P>#&#060CALLGRAPH&#062# ARM Linker, 5.02 [Build 28]: Last Updated: Sat Jul 15 22:53:04 2017
<BR><P>
<H3>Maximum Stack Usage =        780 bytes + Unknown(Cycles, Untraceable Function Pointers)</H3><H3>
Call chain for Maximum Stack Depth:</H3>
physics &rArr; collisionPhysics &rArr; sin &rArr; __ieee754_rem_pio2 &rArr; __aeabi_dsub &rArr; __aeabi_dadd &rArr; _double_epilogue &rArr; _double_round
<P>
<H3>
Mutually Recursive functions
</H3> <LI><a href="#[1]">NMI_Handler</a>&nbsp;&nbsp;&nbsp;&rArr;&nbsp;&nbsp;&nbsp;<a href="#[1]">NMI_Handler</a><BR>
 <LI><a href="#[2]">HardFault_Handler</a>&nbsp;&nbsp;&nbsp;&rArr;&nbsp;&nbsp;&nbsp;<a href="#[2]">HardFault_Handler</a><BR>
 <LI><a href="#[3]">MemManage_Handler</a>&nbsp;&nbsp;&nbsp;&rArr;&nbsp;&nbsp;&nbsp;<a href="#[3]">MemManage_Handler</a><BR>
 <LI><a href="#[4]">BusFault_Handler</a>&nbsp;&nbsp;&nbsp;&rArr;&nbsp;&nbsp;&nbsp;<a href="#[4]">BusFault_Handler</a><BR>
 <LI><a href="#[5]">UsageFault_Handler</a>&nbsp;&nbsp;&nbsp;&rArr;&nbsp;&nbsp;&nbsp;<a href="#[5]">UsageFault_Handler</a><BR>
 <LI><a href="#[7]">DebugMon_Handler</a>&nbsp;&nbsp;&nbsp;&rArr;&nbsp;&nbsp;&nbsp;<a href="#[7]">DebugMon_Handler</a><BR>
 <LI><a href="#[21]">BOD_IRQHandler</a>&nbsp;&nbsp;&nbsp;&rArr;&nbsp;&nbsp;&nbsp;<a href="#[21]">BOD_IRQHandler</a><BR>
 <LI><a href="#[41]">os_idle_demon</a>&nbsp;&nbsp;&nbsp;&rArr;&nbsp;&nbsp;&nbsp;<a href="#[41]">os_idle_demon</a><BR>
 <LI><a href="#[2e]">rt_alloc_box</a>&nbsp;&nbsp;&nbsp;&rArr;&nbsp;&nbsp;&nbsp;<a href="#[2e]">rt_alloc_box</a><BR>
</UL>
<P>
<H3>
Function Pointers
</H3><UL>
 <LI><a href="#[20]">ADC_IRQHandler</a> from controls.o(.text) referenced from startup_lpc17xx.o(RESET)
 <LI><a href="#[21]">BOD_IRQHandler</a> from startup_lpc17xx.o(.text) referenced from startup_lpc17xx.o(RESET)
 <LI><a href="#[4]">BusFault_Handler</a> from startup_lpc17xx.o(.text) referenced from startup_lpc17xx.o(RESET)
 <LI><a href="#[2c]">CANActivity_IRQHandler</a> from startup_lpc17xx.o(.text) referenced from startup_lpc17xx.o(RESET)
 <LI><a href="#[23]">CAN_IRQHandler</a> from startup_lpc17xx.o(.text) referenced from startup_lpc17xx.o(RESET)
 <LI><a href="#[24]">DMA_IRQHandler</a> from startup_lpc17xx.o(.text) referenced from startup_lpc17xx.o(RESET)
 <LI><a href="#[7]">DebugMon_Handler</a> from startup_lpc17xx.o(.text) referenced from startup_lpc17xx.o(RESET)
 <LI><a href="#[1c]">EINT0_IRQHandler</a> from startup_lpc17xx.o(.text) referenced from startup_lpc17xx.o(RESET)
 <LI><a href="#[1d]">EINT1_IRQHandler</a> from startup_lpc17xx.o(.text) referenced from startup_lpc17xx.o(RESET)
 <LI><a href="#[1e]">EINT2_IRQHandler</a> from startup_lpc17xx.o(.text) referenced from startup_lpc17xx.o(RESET)
 <LI><a href="#[1f]">EINT3_IRQHandler</a> from startup_lpc17xx.o(.text) referenced from startup_lpc17xx.o(RESET)
 <LI><a href="#[26]">ENET_IRQHandler</a> from startup_lpc17xx.o(.text) referenced from startup_lpc17xx.o(RESET)
 <LI><a href="#[38]">GameOver</a> from graphics.o(.text) referenced from tasks.o(.text)
 <LI><a href="#[2]">HardFault_Handler</a> from startup_lpc17xx.o(.text) referenced from startup_lpc17xx.o(RESET)
 <LI><a href="#[14]">I2C0_IRQHandler</a> from startup_lpc17xx.o(.text) referenced from startup_lpc17xx.o(RESET)
 <LI><a href="#[15]">I2C1_IRQHandler</a> from startup_lpc17xx.o(.text) referenced from startup_lpc17xx.o(RESET)
 <LI><a href="#[16]">I2C2_IRQHandler</a> from startup_lpc17xx.o(.text) referenced from startup_lpc17xx.o(RESET)
 <LI><a href="#[25]">I2S_IRQHandler</a> from startup_lpc17xx.o(.text) referenced from startup_lpc17xx.o(RESET)
 <LI><a href="#[28]">MCPWM_IRQHandler</a> from startup_lpc17xx.o(.text) referenced from startup_lpc17xx.o(RESET)
 <LI><a href="#[3]">MemManage_Handler</a> from startup_lpc17xx.o(.text) referenced from startup_lpc17xx.o(RESET)
 <LI><a href="#[1]">NMI_Handler</a> from startup_lpc17xx.o(.text) referenced from startup_lpc17xx.o(RESET)
 <LI><a href="#[1a]">PLL0_IRQHandler</a> from startup_lpc17xx.o(.text) referenced from startup_lpc17xx.o(RESET)
 <LI><a href="#[2a]">PLL1_IRQHandler</a> from startup_lpc17xx.o(.text) referenced from startup_lpc17xx.o(RESET)
 <LI><a href="#[13]">PWM1_IRQHandler</a> from startup_lpc17xx.o(.text) referenced from startup_lpc17xx.o(RESET)
 <LI><a href="#[8]">PendSV_Handler</a> from hal_cm3.o(.emb_text) referenced from startup_lpc17xx.o(RESET)
 <LI><a href="#[29]">QEI_IRQHandler</a> from startup_lpc17xx.o(.text) referenced from startup_lpc17xx.o(RESET)
 <LI><a href="#[27]">RIT_IRQHandler</a> from startup_lpc17xx.o(.text) referenced from startup_lpc17xx.o(RESET)
 <LI><a href="#[1b]">RTC_IRQHandler</a> from startup_lpc17xx.o(.text) referenced from startup_lpc17xx.o(RESET)
 <LI><a href="#[0]">Reset_Handler</a> from startup_lpc17xx.o(.text) referenced from startup_lpc17xx.o(RESET)
 <LI><a href="#[17]">SPI_IRQHandler</a> from startup_lpc17xx.o(.text) referenced from startup_lpc17xx.o(RESET)
 <LI><a href="#[18]">SSP0_IRQHandler</a> from startup_lpc17xx.o(.text) referenced from startup_lpc17xx.o(RESET)
 <LI><a href="#[19]">SSP1_IRQHandler</a> from startup_lpc17xx.o(.text) referenced from startup_lpc17xx.o(RESET)
 <LI><a href="#[6]">SVC_Handler</a> from hal_cm3.o(.emb_text) referenced from startup_lpc17xx.o(RESET)
 <LI><a href="#[9]">SysTick_Handler</a> from hal_cm3.o(.emb_text) referenced from startup_lpc17xx.o(RESET)
 <LI><a href="#[30]">SystemInit</a> from system_lpc17xx.o(.text) referenced from startup_lpc17xx.o(.text)
 <LI><a href="#[b]">TIMER0_IRQHandler</a> from startup_lpc17xx.o(.text) referenced from startup_lpc17xx.o(RESET)
 <LI><a href="#[c]">TIMER1_IRQHandler</a> from startup_lpc17xx.o(.text) referenced from startup_lpc17xx.o(RESET)
 <LI><a href="#[d]">TIMER2_IRQHandler</a> from startup_lpc17xx.o(.text) referenced from startup_lpc17xx.o(RESET)
 <LI><a href="#[e]">TIMER3_IRQHandler</a> from startup_lpc17xx.o(.text) referenced from startup_lpc17xx.o(RESET)
 <LI><a href="#[f]">UART0_IRQHandler</a> from uart.o(.text) referenced from startup_lpc17xx.o(RESET)
 <LI><a href="#[10]">UART1_IRQHandler</a> from uart.o(.text) referenced from startup_lpc17xx.o(RESET)
 <LI><a href="#[11]">UART2_IRQHandler</a> from startup_lpc17xx.o(.text) referenced from startup_lpc17xx.o(RESET)
 <LI><a href="#[12]">UART3_IRQHandler</a> from startup_lpc17xx.o(.text) referenced from startup_lpc17xx.o(RESET)
 <LI><a href="#[2b]">USBActivity_IRQHandler</a> from startup_lpc17xx.o(.text) referenced from startup_lpc17xx.o(RESET)
 <LI><a href="#[22]">USB_IRQHandler</a> from startup_lpc17xx.o(.text) referenced from startup_lpc17xx.o(RESET)
 <LI><a href="#[5]">UsageFault_Handler</a> from startup_lpc17xx.o(.text) referenced from startup_lpc17xx.o(RESET)
 <LI><a href="#[a]">WDT_IRQHandler</a> from startup_lpc17xx.o(.text) referenced from startup_lpc17xx.o(RESET)
 <LI><a href="#[31]">__main</a> from entry.o(.ARM.Collect$$$$00000000) referenced from startup_lpc17xx.o(.text)
 <LI><a href="#[40]">_sputc</a> from printf1.o(i._sputc) referenced from printf1.o(i.__0sprintf$1)
 <LI><a href="#[b6]">adc</a> from tasks.o(.text) referenced from tasks.o(.text)
 <LI><a href="#[bc]">bomb</a> from tasks.o(.text) referenced from tasks.o(.text)
 <LI><a href="#[3f]">fputc</a> from retarget.o(.text) referenced from printf1.o(i.__0printf$1)
 <LI><a href="#[c1]">init</a> from tasks.o(.text) referenced from tasks.o(.text)
 <LI><a href="#[b8]">joystick</a> from tasks.o(.text) referenced from tasks.o(.text)
 <LI><a href="#[bd]">lcd</a> from tasks.o(.text) referenced from tasks.o(.text)
 <LI><a href="#[2d]">main</a> from main.o(.text) referenced from entry8.o(.ARM.Collect$$$$00000009)
 <LI><a href="#[ba]">moveShip</a> from tasks.o(.text) referenced from tasks.o(.text)
 <LI><a href="#[41]">os_idle_demon</a> from rtx_conf_cm.o(.text) referenced from rt_task.o(i.rt_sys_init)
 <LI><a href="#[be]">physics</a> from tasks.o(.text) referenced from tasks.o(.text)
 <LI><a href="#[2e]">rt_alloc_box</a> from rt_membox.o(i.rt_alloc_box) referenced from hal_cm3.o(.emb_text)
 <LI><a href="#[34]">rt_dly_wait</a> from rt_time.o(i.rt_dly_wait) referenced 3 times from graphics.o(.text)
 <LI><a href="#[2f]">rt_free_box</a> from rt_membox.o(i.rt_free_box) referenced from hal_cm3.o(.emb_text)
 <LI><a href="#[3b]">rt_mut_init</a> from rt_mutex.o(i.rt_mut_init) referenced from tasks.o(.text)
 <LI><a href="#[33]">rt_mut_release</a> from rt_mutex.o(i.rt_mut_release) referenced 9 times from graphics.o(.text)
 <LI><a href="#[32]">rt_mut_wait</a> from rt_mutex.o(i.rt_mut_wait) referenced 9 times from graphics.o(.text)
 <LI><a href="#[3c]">rt_sem_init</a> from rt_semaphore.o(i.rt_sem_init) referenced from tasks.o(.text)
 <LI><a href="#[3a]">rt_sem_send</a> from rt_semaphore.o(i.rt_sem_send) referenced from tasks.o(.text)
 <LI><a href="#[36]">rt_sem_wait</a> from rt_semaphore.o(i.rt_sem_wait) referenced from entities.o(.text)
 <LI><a href="#[3e]">rt_sys_init</a> from rt_task.o(i.rt_sys_init) referenced from tasks.o(.text)
 <LI><a href="#[39]">rt_tsk_create</a> from rt_task.o(i.rt_tsk_create) referenced from tasks.o(.text)
 <LI><a href="#[35]">rt_tsk_delete</a> from rt_task.o(i.rt_tsk_delete) referenced 2 times from graphics.o(.text)
 <LI><a href="#[37]">rt_tsk_pass</a> from rt_task.o(i.rt_tsk_pass) referenced from tasks.o(.text)
 <LI><a href="#[b9]">shipGun</a> from tasks.o(.text) referenced from tasks.o(.text)
 <LI><a href="#[bf]">stageMonitor</a> from tasks.o(.text) referenced from tasks.o(.text)
 <LI><a href="#[3d]">startScreen</a> from graphics.o(.text) referenced from tasks.o(.text)
</UL>
<P>
<H3>
Global Symbols
</H3>
<P><STRONG><a name="[31]"></a>__main</STRONG> (Thumb, 0 bytes, Stack size unknown bytes, entry.o(.ARM.Collect$$$$00000000))
<BR>[Address Reference Count : 1]<UL><LI> startup_lpc17xx.o(.text)
</UL>
<P><STRONG><a name="[103]"></a>_main_stk</STRONG> (Thumb, 0 bytes, Stack size unknown bytes, entry2.o(.ARM.Collect$$$$00000001))

<P><STRONG><a name="[42]"></a>_main_scatterload</STRONG> (Thumb, 0 bytes, Stack size unknown bytes, entry5.o(.ARM.Collect$$$$00000004))
<BR><BR>[Calls]<UL><LI><a href="#[43]">&gt;&gt;</a>&nbsp;&nbsp;&nbsp;__scatterload
</UL>

<P><STRONG><a name="[da]"></a>__main_after_scatterload</STRONG> (Thumb, 0 bytes, Stack size unknown bytes, entry5.o(.ARM.Collect$$$$00000004))
<BR><BR>[Called By]<UL><LI><a href="#[43]">&gt;&gt;</a>&nbsp;&nbsp;&nbsp;__scatterload
</UL>

<P><STRONG><a name="[104]"></a>_main_clock</STRONG> (Thumb, 0 bytes, Stack size unknown bytes, entry7b.o(.ARM.Collect$$$$00000008))

<P><STRONG><a name="[105]"></a>_main_init</STRONG> (Thumb, 0 bytes, Stack size unknown bytes, entry8.o(.ARM.Collect$$$$00000009))

<P><STRONG><a name="[fb]"></a>rt_set_PSP</STRONG> (Thumb, 6 bytes, Stack size 0 bytes, hal_cm3.o(.emb_text))
<BR><BR>[Called By]<UL><LI><a href="#[3e]">&gt;&gt;</a>&nbsp;&nbsp;&nbsp;rt_sys_init
</UL>

<P><STRONG><a name="[101]"></a>rt_get_PSP</STRONG> (Thumb, 6 bytes, Stack size 0 bytes, hal_cm3.o(.emb_text))
<BR><BR>[Called By]<UL><LI><a href="#[35]">&gt;&gt;</a>&nbsp;&nbsp;&nbsp;rt_tsk_delete
</UL>

<P><STRONG><a name="[c0]"></a>os_set_env</STRONG> (Thumb, 24 bytes, Stack size 0 bytes, hal_cm3.o(.emb_text))
<BR><BR>[Called By]<UL><LI><a href="#[4d]">&gt;&gt;</a>&nbsp;&nbsp;&nbsp;initializeTasks
</UL>

<P><STRONG><a name="[106]"></a>_alloc_box</STRONG> (Thumb, 28 bytes, Stack size 0 bytes, hal_cm3.o(.emb_text), UNUSED)

<P><STRONG><a name="[107]"></a>_free_box</STRONG> (Thumb, 28 bytes, Stack size 0 bytes, hal_cm3.o(.emb_text), UNUSED)

<P><STRONG><a name="[6]"></a>SVC_Handler</STRONG> (Thumb, 124 bytes, Stack size 0 bytes, hal_cm3.o(.emb_text))
<BR><BR>[Stack]<UL><LI>Max Depth = 24<LI>Call Chain = SVC_Handler &rArr; rt_stk_check &rArr; os_error &rArr; __2printf
</UL>
<BR>[Calls]<UL><LI><a href="#[44]">&gt;&gt;</a>&nbsp;&nbsp;&nbsp;rt_stk_check
</UL>
<BR>[Address Reference Count : 1]<UL><LI> startup_lpc17xx.o(RESET)
</UL>
<P><STRONG><a name="[8]"></a>PendSV_Handler</STRONG> (Thumb, 76 bytes, Stack size 0 bytes, hal_cm3.o(.emb_text))
<BR><BR>[Stack]<UL><LI>Max Depth = 64<LI>Call Chain = PendSV_Handler &rArr; rt_pop_req &rArr; rt_mbx_psh &rArr; os_error &rArr; __2printf
</UL>
<BR>[Calls]<UL><LI><a href="#[44]">&gt;&gt;</a>&nbsp;&nbsp;&nbsp;rt_stk_check
<LI><a href="#[45]">&gt;&gt;</a>&nbsp;&nbsp;&nbsp;rt_pop_req
</UL>
<BR>[Address Reference Count : 1]<UL><LI> startup_lpc17xx.o(RESET)
</UL>
<P><STRONG><a name="[9]"></a>SysTick_Handler</STRONG> (Thumb, 8 bytes, Stack size 0 bytes, hal_cm3.o(.emb_text))
<BR><BR>[Stack]<UL><LI>Max Depth = 36<LI>Call Chain = SysTick_Handler &rArr; rt_systick &rArr; rt_dec_dly &rArr; rt_put_prio
</UL>
<BR>[Calls]<UL><LI><a href="#[46]">&gt;&gt;</a>&nbsp;&nbsp;&nbsp;rt_systick
</UL>
<BR>[Address Reference Count : 1]<UL><LI> startup_lpc17xx.o(RESET)
</UL>
<P><STRONG><a name="[47]"></a>OS_Tick_Handler</STRONG> (Thumb, 12 bytes, Stack size 0 bytes, hal_cm3.o(.emb_text), UNUSED)
<BR><BR>[Calls]<UL><LI><a href="#[46]">&gt;&gt;</a>&nbsp;&nbsp;&nbsp;rt_systick
<LI><a href="#[48]">&gt;&gt;</a>&nbsp;&nbsp;&nbsp;os_tick_irqack
</UL>

<P><STRONG><a name="[0]"></a>Reset_Handler</STRONG> (Thumb, 8 bytes, Stack size 0 bytes, startup_lpc17xx.o(.text))
<BR>[Address Reference Count : 1]<UL><LI> startup_lpc17xx.o(RESET)
</UL>
<P><STRONG><a name="[1]"></a>NMI_Handler</STRONG> (Thumb, 2 bytes, Stack size 0 bytes, startup_lpc17xx.o(.text))
<BR><BR>[Calls]<UL><LI><a href="#[1]">&gt;&gt;</a>&nbsp;&nbsp;&nbsp;NMI_Handler
</UL>
<BR>[Called By]<UL><LI><a href="#[1]">&gt;&gt;</a>&nbsp;&nbsp;&nbsp;NMI_Handler
</UL>
<BR>[Address Reference Count : 1]<UL><LI> startup_lpc17xx.o(RESET)
</UL>
<P><STRONG><a name="[2]"></a>HardFault_Handler</STRONG> (Thumb, 2 bytes, Stack size 0 bytes, startup_lpc17xx.o(.text))
<BR><BR>[Calls]<UL><LI><a href="#[2]">&gt;&gt;</a>&nbsp;&nbsp;&nbsp;HardFault_Handler
</UL>
<BR>[Called By]<UL><LI><a href="#[2]">&gt;&gt;</a>&nbsp;&nbsp;&nbsp;HardFault_Handler
</UL>
<BR>[Address Reference Count : 1]<UL><LI> startup_lpc17xx.o(RESET)
</UL>
<P><STRONG><a name="[3]"></a>MemManage_Handler</STRONG> (Thumb, 2 bytes, Stack size 0 bytes, startup_lpc17xx.o(.text))
<BR><BR>[Calls]<UL><LI><a href="#[3]">&gt;&gt;</a>&nbsp;&nbsp;&nbsp;MemManage_Handler
</UL>
<BR>[Called By]<UL><LI><a href="#[3]">&gt;&gt;</a>&nbsp;&nbsp;&nbsp;MemManage_Handler
</UL>
<BR>[Address Reference Count : 1]<UL><LI> startup_lpc17xx.o(RESET)
</UL>
<P><STRONG><a name="[4]"></a>BusFault_Handler</STRONG> (Thumb, 2 bytes, Stack size 0 bytes, startup_lpc17xx.o(.text))
<BR><BR>[Calls]<UL><LI><a href="#[4]">&gt;&gt;</a>&nbsp;&nbsp;&nbsp;BusFault_Handler
</UL>
<BR>[Called By]<UL><LI><a href="#[4]">&gt;&gt;</a>&nbsp;&nbsp;&nbsp;BusFault_Handler
</UL>
<BR>[Address Reference Count : 1]<UL><LI> startup_lpc17xx.o(RESET)
</UL>
<P><STRONG><a name="[5]"></a>UsageFault_Handler</STRONG> (Thumb, 2 bytes, Stack size 0 bytes, startup_lpc17xx.o(.text))
<BR><BR>[Calls]<UL><LI><a href="#[5]">&gt;&gt;</a>&nbsp;&nbsp;&nbsp;UsageFault_Handler
</UL>
<BR>[Called By]<UL><LI><a href="#[5]">&gt;&gt;</a>&nbsp;&nbsp;&nbsp;UsageFault_Handler
</UL>
<BR>[Address Reference Count : 1]<UL><LI> startup_lpc17xx.o(RESET)
</UL>
<P><STRONG><a name="[7]"></a>DebugMon_Handler</STRONG> (Thumb, 2 bytes, Stack size 0 bytes, startup_lpc17xx.o(.text))
<BR><BR>[Calls]<UL><LI><a href="#[7]">&gt;&gt;</a>&nbsp;&nbsp;&nbsp;DebugMon_Handler
</UL>
<BR>[Called By]<UL><LI><a href="#[7]">&gt;&gt;</a>&nbsp;&nbsp;&nbsp;DebugMon_Handler
</UL>
<BR>[Address Reference Count : 1]<UL><LI> startup_lpc17xx.o(RESET)
</UL>
<P><STRONG><a name="[21]"></a>BOD_IRQHandler</STRONG> (Thumb, 0 bytes, Stack size 0 bytes, startup_lpc17xx.o(.text))
<BR><BR>[Calls]<UL><LI><a href="#[21]">&gt;&gt;</a>&nbsp;&nbsp;&nbsp;BOD_IRQHandler
</UL>
<BR>[Called By]<UL><LI><a href="#[21]">&gt;&gt;</a>&nbsp;&nbsp;&nbsp;BOD_IRQHandler
</UL>
<BR>[Address Reference Count : 1]<UL><LI> startup_lpc17xx.o(RESET)
</UL>
<P><STRONG><a name="[2c]"></a>CANActivity_IRQHandler</STRONG> (Thumb, 0 bytes, Stack size 0 bytes, startup_lpc17xx.o(.text))
<BR>[Address Reference Count : 1]<UL><LI> startup_lpc17xx.o(RESET)
</UL>
<P><STRONG><a name="[23]"></a>CAN_IRQHandler</STRONG> (Thumb, 0 bytes, Stack size 0 bytes, startup_lpc17xx.o(.text))
<BR>[Address Reference Count : 1]<UL><LI> startup_lpc17xx.o(RESET)
</UL>
<P><STRONG><a name="[24]"></a>DMA_IRQHandler</STRONG> (Thumb, 0 bytes, Stack size 0 bytes, startup_lpc17xx.o(.text))
<BR>[Address Reference Count : 1]<UL><LI> startup_lpc17xx.o(RESET)
</UL>
<P><STRONG><a name="[1c]"></a>EINT0_IRQHandler</STRONG> (Thumb, 0 bytes, Stack size 0 bytes, startup_lpc17xx.o(.text))
<BR>[Address Reference Count : 1]<UL><LI> startup_lpc17xx.o(RESET)
</UL>
<P><STRONG><a name="[1d]"></a>EINT1_IRQHandler</STRONG> (Thumb, 0 bytes, Stack size 0 bytes, startup_lpc17xx.o(.text))
<BR>[Address Reference Count : 1]<UL><LI> startup_lpc17xx.o(RESET)
</UL>
<P><STRONG><a name="[1e]"></a>EINT2_IRQHandler</STRONG> (Thumb, 0 bytes, Stack size 0 bytes, startup_lpc17xx.o(.text))
<BR>[Address Reference Count : 1]<UL><LI> startup_lpc17xx.o(RESET)
</UL>
<P><STRONG><a name="[1f]"></a>EINT3_IRQHandler</STRONG> (Thumb, 0 bytes, Stack size 0 bytes, startup_lpc17xx.o(.text))
<BR>[Address Reference Count : 1]<UL><LI> startup_lpc17xx.o(RESET)
</UL>
<P><STRONG><a name="[26]"></a>ENET_IRQHandler</STRONG> (Thumb, 0 bytes, Stack size 0 bytes, startup_lpc17xx.o(.text))
<BR>[Address Reference Count : 1]<UL><LI> startup_lpc17xx.o(RESET)
</UL>
<P><STRONG><a name="[14]"></a>I2C0_IRQHandler</STRONG> (Thumb, 0 bytes, Stack size 0 bytes, startup_lpc17xx.o(.text))
<BR>[Address Reference Count : 1]<UL><LI> startup_lpc17xx.o(RESET)
</UL>
<P><STRONG><a name="[15]"></a>I2C1_IRQHandler</STRONG> (Thumb, 0 bytes, Stack size 0 bytes, startup_lpc17xx.o(.text))
<BR>[Address Reference Count : 1]<UL><LI> startup_lpc17xx.o(RESET)
</UL>
<P><STRONG><a name="[16]"></a>I2C2_IRQHandler</STRONG> (Thumb, 0 bytes, Stack size 0 bytes, startup_lpc17xx.o(.text))
<BR>[Address Reference Count : 1]<UL><LI> startup_lpc17xx.o(RESET)
</UL>
<P><STRONG><a name="[25]"></a>I2S_IRQHandler</STRONG> (Thumb, 0 bytes, Stack size 0 bytes, startup_lpc17xx.o(.text))
<BR>[Address Reference Count : 1]<UL><LI> startup_lpc17xx.o(RESET)
</UL>
<P><STRONG><a name="[28]"></a>MCPWM_IRQHandler</STRONG> (Thumb, 0 bytes, Stack size 0 bytes, startup_lpc17xx.o(.text))
<BR>[Address Reference Count : 1]<UL><LI> startup_lpc17xx.o(RESET)
</UL>
<P><STRONG><a name="[1a]"></a>PLL0_IRQHandler</STRONG> (Thumb, 0 bytes, Stack size 0 bytes, startup_lpc17xx.o(.text))
<BR>[Address Reference Count : 1]<UL><LI> startup_lpc17xx.o(RESET)
</UL>
<P><STRONG><a name="[2a]"></a>PLL1_IRQHandler</STRONG> (Thumb, 0 bytes, Stack size 0 bytes, startup_lpc17xx.o(.text))
<BR>[Address Reference Count : 1]<UL><LI> startup_lpc17xx.o(RESET)
</UL>
<P><STRONG><a name="[13]"></a>PWM1_IRQHandler</STRONG> (Thumb, 0 bytes, Stack size 0 bytes, startup_lpc17xx.o(.text))
<BR>[Address Reference Count : 1]<UL><LI> startup_lpc17xx.o(RESET)
</UL>
<P><STRONG><a name="[29]"></a>QEI_IRQHandler</STRONG> (Thumb, 0 bytes, Stack size 0 bytes, startup_lpc17xx.o(.text))
<BR>[Address Reference Count : 1]<UL><LI> startup_lpc17xx.o(RESET)
</UL>
<P><STRONG><a name="[27]"></a>RIT_IRQHandler</STRONG> (Thumb, 0 bytes, Stack size 0 bytes, startup_lpc17xx.o(.text))
<BR>[Address Reference Count : 1]<UL><LI> startup_lpc17xx.o(RESET)
</UL>
<P><STRONG><a name="[1b]"></a>RTC_IRQHandler</STRONG> (Thumb, 0 bytes, Stack size 0 bytes, startup_lpc17xx.o(.text))
<BR>[Address Reference Count : 1]<UL><LI> startup_lpc17xx.o(RESET)
</UL>
<P><STRONG><a name="[17]"></a>SPI_IRQHandler</STRONG> (Thumb, 0 bytes, Stack size 0 bytes, startup_lpc17xx.o(.text))
<BR>[Address Reference Count : 1]<UL><LI> startup_lpc17xx.o(RESET)
</UL>
<P><STRONG><a name="[18]"></a>SSP0_IRQHandler</STRONG> (Thumb, 0 bytes, Stack size 0 bytes, startup_lpc17xx.o(.text))
<BR>[Address Reference Count : 1]<UL><LI> startup_lpc17xx.o(RESET)
</UL>
<P><STRONG><a name="[19]"></a>SSP1_IRQHandler</STRONG> (Thumb, 0 bytes, Stack size 0 bytes, startup_lpc17xx.o(.text))
<BR>[Address Reference Count : 1]<UL><LI> startup_lpc17xx.o(RESET)
</UL>
<P><STRONG><a name="[b]"></a>TIMER0_IRQHandler</STRONG> (Thumb, 0 bytes, Stack size 0 bytes, startup_lpc17xx.o(.text))
<BR>[Address Reference Count : 1]<UL><LI> startup_lpc17xx.o(RESET)
</UL>
<P><STRONG><a name="[c]"></a>TIMER1_IRQHandler</STRONG> (Thumb, 0 bytes, Stack size 0 bytes, startup_lpc17xx.o(.text))
<BR>[Address Reference Count : 1]<UL><LI> startup_lpc17xx.o(RESET)
</UL>
<P><STRONG><a name="[d]"></a>TIMER2_IRQHandler</STRONG> (Thumb, 0 bytes, Stack size 0 bytes, startup_lpc17xx.o(.text))
<BR>[Address Reference Count : 1]<UL><LI> startup_lpc17xx.o(RESET)
</UL>
<P><STRONG><a name="[e]"></a>TIMER3_IRQHandler</STRONG> (Thumb, 0 bytes, Stack size 0 bytes, startup_lpc17xx.o(.text))
<BR>[Address Reference Count : 1]<UL><LI> startup_lpc17xx.o(RESET)
</UL>
<P><STRONG><a name="[11]"></a>UART2_IRQHandler</STRONG> (Thumb, 0 bytes, Stack size 0 bytes, startup_lpc17xx.o(.text))
<BR>[Address Reference Count : 1]<UL><LI> startup_lpc17xx.o(RESET)
</UL>
<P><STRONG><a name="[12]"></a>UART3_IRQHandler</STRONG> (Thumb, 0 bytes, Stack size 0 bytes, startup_lpc17xx.o(.text))
<BR>[Address Reference Count : 1]<UL><LI> startup_lpc17xx.o(RESET)
</UL>
<P><STRONG><a name="[2b]"></a>USBActivity_IRQHandler</STRONG> (Thumb, 0 bytes, Stack size 0 bytes, startup_lpc17xx.o(.text))
<BR>[Address Reference Count : 1]<UL><LI> startup_lpc17xx.o(RESET)
</UL>
<P><STRONG><a name="[22]"></a>USB_IRQHandler</STRONG> (Thumb, 0 bytes, Stack size 0 bytes, startup_lpc17xx.o(.text))
<BR>[Address Reference Count : 1]<UL><LI> startup_lpc17xx.o(RESET)
</UL>
<P><STRONG><a name="[a]"></a>WDT_IRQHandler</STRONG> (Thumb, 0 bytes, Stack size 0 bytes, startup_lpc17xx.o(.text))
<BR>[Address Reference Count : 1]<UL><LI> startup_lpc17xx.o(RESET)
</UL>
<P><STRONG><a name="[41]"></a>os_idle_demon</STRONG> (Thumb, 2 bytes, Stack size 0 bytes, rtx_conf_cm.o(.text))
<BR><BR>[Calls]<UL><LI><a href="#[41]">&gt;&gt;</a>&nbsp;&nbsp;&nbsp;os_idle_demon
</UL>
<BR>[Called By]<UL><LI><a href="#[41]">&gt;&gt;</a>&nbsp;&nbsp;&nbsp;os_idle_demon
</UL>
<BR>[Address Reference Count : 1]<UL><LI> rt_task.o(i.rt_sys_init)
</UL>
<P><STRONG><a name="[ff]"></a>os_tmr_call</STRONG> (Thumb, 2 bytes, Stack size 0 bytes, rtx_conf_cm.o(.text))
<BR><BR>[Called By]<UL><LI><a href="#[fe]">&gt;&gt;</a>&nbsp;&nbsp;&nbsp;rt_tmr_tick
</UL>

<P><STRONG><a name="[49]"></a>os_error</STRONG> (Thumb, 10 bytes, Stack size 0 bytes, rtx_conf_cm.o(.text))
<BR><BR>[Stack]<UL><LI>Max Depth = 24<LI>Call Chain = os_error &rArr; __2printf
</UL>
<BR>[Calls]<UL><LI><a href="#[4a]">&gt;&gt;</a>&nbsp;&nbsp;&nbsp;__2printf
</UL>
<BR>[Called By]<UL><LI><a href="#[44]">&gt;&gt;</a>&nbsp;&nbsp;&nbsp;rt_stk_check
<LI><a href="#[f4]">&gt;&gt;</a>&nbsp;&nbsp;&nbsp;rt_mbx_psh
</UL>

<P><STRONG><a name="[2d]"></a>main</STRONG> (Thumb, 24 bytes, Stack size 8 bytes, main.o(.text))
<BR><BR>[Stack]<UL><LI>Max Depth = 676<LI>Call Chain = main &rArr; initializeEntities &rArr; initializeAsteroids &rArr; sin &rArr; __ieee754_rem_pio2 &rArr; __aeabi_dsub &rArr; __aeabi_dadd &rArr; _double_epilogue &rArr; _double_round
</UL>
<BR>[Calls]<UL><LI><a href="#[4d]">&gt;&gt;</a>&nbsp;&nbsp;&nbsp;initializeTasks
<LI><a href="#[4b]">&gt;&gt;</a>&nbsp;&nbsp;&nbsp;initializeEntities
<LI><a href="#[4c]">&gt;&gt;</a>&nbsp;&nbsp;&nbsp;initializeControls
<LI><a href="#[4a]">&gt;&gt;</a>&nbsp;&nbsp;&nbsp;__2printf
</UL>
<BR>[Address Reference Count : 1]<UL><LI> entry8.o(.ARM.Collect$$$$00000009)
</UL>
<P><STRONG><a name="[4e]"></a>__aeabi_uldivmod</STRONG> (Thumb, 98 bytes, Stack size 40 bytes, uldiv.o(.text), UNUSED)
<BR><BR>[Calls]<UL><LI><a href="#[4f]">&gt;&gt;</a>&nbsp;&nbsp;&nbsp;__aeabi_llsr
<LI><a href="#[50]">&gt;&gt;</a>&nbsp;&nbsp;&nbsp;__aeabi_llsl
</UL>
<BR>[Called By]<UL><LI><a href="#[51]">&gt;&gt;</a>&nbsp;&nbsp;&nbsp;SystemCoreClockUpdate
</UL>

<P><STRONG><a name="[108]"></a>__I$use$fp</STRONG> (Thumb, 0 bytes, Stack size unknown bytes, iusefp.o(.text), UNUSED)

<P><STRONG><a name="[51]"></a>SystemCoreClockUpdate</STRONG> (Thumb, 194 bytes, Stack size 16 bytes, system_lpc17xx.o(.text), UNUSED)
<BR><BR>[Calls]<UL><LI><a href="#[4e]">&gt;&gt;</a>&nbsp;&nbsp;&nbsp;__aeabi_uldivmod
</UL>

<P><STRONG><a name="[30]"></a>SystemInit</STRONG> (Thumb, 142 bytes, Stack size 12 bytes, system_lpc17xx.o(.text))
<BR><BR>[Stack]<UL><LI>Max Depth = 12<LI>Call Chain = SystemInit
</UL>
<BR>[Address Reference Count : 1]<UL><LI> startup_lpc17xx.o(.text)
</UL>
<P><STRONG><a name="[54]"></a>GLCD_Init</STRONG> (Thumb, 1472 bytes, Stack size 24 bytes, glcd_spi_lpc1700.o(.text))
<BR><BR>[Stack]<UL><LI>Max Depth = 80<LI>Call Chain = GLCD_Init &rArr; rd_id_man &rArr; spi_tran_man
</UL>
<BR>[Calls]<UL><LI><a href="#[55]">&gt;&gt;</a>&nbsp;&nbsp;&nbsp;rd_id_man
<LI><a href="#[58]">&gt;&gt;</a>&nbsp;&nbsp;&nbsp;wr_reg
<LI><a href="#[56]">&gt;&gt;</a>&nbsp;&nbsp;&nbsp;wr_cmd
<LI><a href="#[57]">&gt;&gt;</a>&nbsp;&nbsp;&nbsp;spi_tran
<LI><a href="#[53]">&gt;&gt;</a>&nbsp;&nbsp;&nbsp;delay
</UL>
<BR>[Called By]<UL><LI><a href="#[4c]">&gt;&gt;</a>&nbsp;&nbsp;&nbsp;initializeControls
</UL>

<P><STRONG><a name="[59]"></a>GLCD_SetWindow</STRONG> (Thumb, 148 bytes, Stack size 24 bytes, glcd_spi_lpc1700.o(.text))
<BR><BR>[Stack]<UL><LI>Max Depth = 48<LI>Call Chain = GLCD_SetWindow &rArr; wr_reg &rArr; wr_dat
</UL>
<BR>[Calls]<UL><LI><a href="#[58]">&gt;&gt;</a>&nbsp;&nbsp;&nbsp;wr_reg
</UL>
<BR>[Called By]<UL><LI><a href="#[7d]">&gt;&gt;</a>&nbsp;&nbsp;&nbsp;clearBullet
<LI><a href="#[7c]">&gt;&gt;</a>&nbsp;&nbsp;&nbsp;drawBullet
<LI><a href="#[72]">&gt;&gt;</a>&nbsp;&nbsp;&nbsp;drawInHUD
<LI><a href="#[6e]">&gt;&gt;</a>&nbsp;&nbsp;&nbsp;LCD_drawBlock
<LI><a href="#[65]">&gt;&gt;</a>&nbsp;&nbsp;&nbsp;GLCD_Bitmap
<LI><a href="#[64]">&gt;&gt;</a>&nbsp;&nbsp;&nbsp;GLCD_Bargraph
<LI><a href="#[60]">&gt;&gt;</a>&nbsp;&nbsp;&nbsp;GLCD_DrawChar
<LI><a href="#[5a]">&gt;&gt;</a>&nbsp;&nbsp;&nbsp;GLCD_WindowMax
</UL>

<P><STRONG><a name="[5a]"></a>GLCD_WindowMax</STRONG> (Thumb, 12 bytes, Stack size 0 bytes, glcd_spi_lpc1700.o(.text))
<BR><BR>[Stack]<UL><LI>Max Depth = 48<LI>Call Chain = GLCD_WindowMax &rArr; GLCD_SetWindow &rArr; wr_reg &rArr; wr_dat
</UL>
<BR>[Calls]<UL><LI><a href="#[59]">&gt;&gt;</a>&nbsp;&nbsp;&nbsp;GLCD_SetWindow
</UL>
<BR>[Called By]<UL><LI><a href="#[7e]">&gt;&gt;</a>&nbsp;&nbsp;&nbsp;renderBullets
<LI><a href="#[73]">&gt;&gt;</a>&nbsp;&nbsp;&nbsp;renderHUD
<LI><a href="#[63]">&gt;&gt;</a>&nbsp;&nbsp;&nbsp;GLCD_ClearLn
<LI><a href="#[5d]">&gt;&gt;</a>&nbsp;&nbsp;&nbsp;GLCD_Clear
</UL>

<P><STRONG><a name="[5b]"></a>GLCD_PutPixel</STRONG> (Thumb, 118 bytes, Stack size 16 bytes, glcd_spi_lpc1700.o(.text), UNUSED)
<BR><BR>[Calls]<UL><LI><a href="#[58]">&gt;&gt;</a>&nbsp;&nbsp;&nbsp;wr_reg
<LI><a href="#[5c]">&gt;&gt;</a>&nbsp;&nbsp;&nbsp;wr_dat
<LI><a href="#[56]">&gt;&gt;</a>&nbsp;&nbsp;&nbsp;wr_cmd
</UL>

<P><STRONG><a name="[75]"></a>GLCD_SetTextColor</STRONG> (Thumb, 8 bytes, Stack size 0 bytes, glcd_spi_lpc1700.o(.text))
<BR><BR>[Called By]<UL><LI><a href="#[88]">&gt;&gt;</a>&nbsp;&nbsp;&nbsp;renderShip
<LI><a href="#[7e]">&gt;&gt;</a>&nbsp;&nbsp;&nbsp;renderBullets
<LI><a href="#[77]">&gt;&gt;</a>&nbsp;&nbsp;&nbsp;renderAsteroids
<LI><a href="#[73]">&gt;&gt;</a>&nbsp;&nbsp;&nbsp;renderHUD
</UL>

<P><STRONG><a name="[109]"></a>GLCD_SetBackColor</STRONG> (Thumb, 8 bytes, Stack size 0 bytes, glcd_spi_lpc1700.o(.text), UNUSED)

<P><STRONG><a name="[5d]"></a>GLCD_Clear</STRONG> (Thumb, 44 bytes, Stack size 16 bytes, glcd_spi_lpc1700.o(.text))
<BR><BR>[Stack]<UL><LI>Max Depth = 64<LI>Call Chain = GLCD_Clear &rArr; GLCD_WindowMax &rArr; GLCD_SetWindow &rArr; wr_reg &rArr; wr_dat
</UL>
<BR>[Calls]<UL><LI><a href="#[5a]">&gt;&gt;</a>&nbsp;&nbsp;&nbsp;GLCD_WindowMax
<LI><a href="#[5f]">&gt;&gt;</a>&nbsp;&nbsp;&nbsp;wr_dat_only
<LI><a href="#[5e]">&gt;&gt;</a>&nbsp;&nbsp;&nbsp;wr_dat_start
<LI><a href="#[56]">&gt;&gt;</a>&nbsp;&nbsp;&nbsp;wr_cmd
</UL>
<BR>[Called By]<UL><LI><a href="#[bf]">&gt;&gt;</a>&nbsp;&nbsp;&nbsp;stageMonitor
<LI><a href="#[8d]">&gt;&gt;</a>&nbsp;&nbsp;&nbsp;bombEffect
<LI><a href="#[3d]">&gt;&gt;</a>&nbsp;&nbsp;&nbsp;startScreen
<LI><a href="#[4c]">&gt;&gt;</a>&nbsp;&nbsp;&nbsp;initializeControls
</UL>

<P><STRONG><a name="[60]"></a>GLCD_DrawChar</STRONG> (Thumb, 138 bytes, Stack size 32 bytes, glcd_spi_lpc1700.o(.text))
<BR><BR>[Stack]<UL><LI>Max Depth = 80<LI>Call Chain = GLCD_DrawChar &rArr; GLCD_SetWindow &rArr; wr_reg &rArr; wr_dat
</UL>
<BR>[Calls]<UL><LI><a href="#[59]">&gt;&gt;</a>&nbsp;&nbsp;&nbsp;GLCD_SetWindow
<LI><a href="#[5f]">&gt;&gt;</a>&nbsp;&nbsp;&nbsp;wr_dat_only
<LI><a href="#[5e]">&gt;&gt;</a>&nbsp;&nbsp;&nbsp;wr_dat_start
<LI><a href="#[56]">&gt;&gt;</a>&nbsp;&nbsp;&nbsp;wr_cmd
</UL>
<BR>[Called By]<UL><LI><a href="#[61]">&gt;&gt;</a>&nbsp;&nbsp;&nbsp;GLCD_DisplayChar
</UL>

<P><STRONG><a name="[61]"></a>GLCD_DisplayChar</STRONG> (Thumb, 66 bytes, Stack size 16 bytes, glcd_spi_lpc1700.o(.text))
<BR><BR>[Stack]<UL><LI>Max Depth = 96<LI>Call Chain = GLCD_DisplayChar &rArr; GLCD_DrawChar &rArr; GLCD_SetWindow &rArr; wr_reg &rArr; wr_dat
</UL>
<BR>[Calls]<UL><LI><a href="#[60]">&gt;&gt;</a>&nbsp;&nbsp;&nbsp;GLCD_DrawChar
</UL>
<BR>[Called By]<UL><LI><a href="#[73]">&gt;&gt;</a>&nbsp;&nbsp;&nbsp;renderHUD
<LI><a href="#[62]">&gt;&gt;</a>&nbsp;&nbsp;&nbsp;GLCD_DisplayString
</UL>

<P><STRONG><a name="[62]"></a>GLCD_DisplayString</STRONG> (Thumb, 36 bytes, Stack size 24 bytes, glcd_spi_lpc1700.o(.text))
<BR><BR>[Stack]<UL><LI>Max Depth = 120<LI>Call Chain = GLCD_DisplayString &rArr; GLCD_DisplayChar &rArr; GLCD_DrawChar &rArr; GLCD_SetWindow &rArr; wr_reg &rArr; wr_dat
</UL>
<BR>[Calls]<UL><LI><a href="#[61]">&gt;&gt;</a>&nbsp;&nbsp;&nbsp;GLCD_DisplayChar
</UL>
<BR>[Called By]<UL><LI><a href="#[38]">&gt;&gt;</a>&nbsp;&nbsp;&nbsp;GameOver
<LI><a href="#[3d]">&gt;&gt;</a>&nbsp;&nbsp;&nbsp;startScreen
<LI><a href="#[73]">&gt;&gt;</a>&nbsp;&nbsp;&nbsp;renderHUD
<LI><a href="#[71]">&gt;&gt;</a>&nbsp;&nbsp;&nbsp;setupHUD
<LI><a href="#[63]">&gt;&gt;</a>&nbsp;&nbsp;&nbsp;GLCD_ClearLn
</UL>

<P><STRONG><a name="[63]"></a>GLCD_ClearLn</STRONG> (Thumb, 72 bytes, Stack size 72 bytes, glcd_spi_lpc1700.o(.text), UNUSED)
<BR><BR>[Calls]<UL><LI><a href="#[62]">&gt;&gt;</a>&nbsp;&nbsp;&nbsp;GLCD_DisplayString
<LI><a href="#[5a]">&gt;&gt;</a>&nbsp;&nbsp;&nbsp;GLCD_WindowMax
</UL>

<P><STRONG><a name="[64]"></a>GLCD_Bargraph</STRONG> (Thumb, 84 bytes, Stack size 32 bytes, glcd_spi_lpc1700.o(.text), UNUSED)
<BR><BR>[Calls]<UL><LI><a href="#[59]">&gt;&gt;</a>&nbsp;&nbsp;&nbsp;GLCD_SetWindow
<LI><a href="#[5f]">&gt;&gt;</a>&nbsp;&nbsp;&nbsp;wr_dat_only
<LI><a href="#[5e]">&gt;&gt;</a>&nbsp;&nbsp;&nbsp;wr_dat_start
<LI><a href="#[56]">&gt;&gt;</a>&nbsp;&nbsp;&nbsp;wr_cmd
</UL>

<P><STRONG><a name="[65]"></a>GLCD_Bitmap</STRONG> (Thumb, 64 bytes, Stack size 24 bytes, glcd_spi_lpc1700.o(.text), UNUSED)
<BR><BR>[Calls]<UL><LI><a href="#[59]">&gt;&gt;</a>&nbsp;&nbsp;&nbsp;GLCD_SetWindow
<LI><a href="#[5f]">&gt;&gt;</a>&nbsp;&nbsp;&nbsp;wr_dat_only
<LI><a href="#[5e]">&gt;&gt;</a>&nbsp;&nbsp;&nbsp;wr_dat_start
<LI><a href="#[56]">&gt;&gt;</a>&nbsp;&nbsp;&nbsp;wr_cmd
</UL>

<P><STRONG><a name="[66]"></a>GLCD_ScrollVertical</STRONG> (Thumb, 78 bytes, Stack size 8 bytes, glcd_spi_lpc1700.o(.text), UNUSED)
<BR><BR>[Calls]<UL><LI><a href="#[58]">&gt;&gt;</a>&nbsp;&nbsp;&nbsp;wr_reg
</UL>

<P><STRONG><a name="[67]"></a>GLCD_WrCmd</STRONG> (Thumb, 4 bytes, Stack size 0 bytes, glcd_spi_lpc1700.o(.text), UNUSED)
<BR><BR>[Calls]<UL><LI><a href="#[56]">&gt;&gt;</a>&nbsp;&nbsp;&nbsp;wr_cmd
</UL>

<P><STRONG><a name="[68]"></a>GLCD_WrReg</STRONG> (Thumb, 4 bytes, Stack size 0 bytes, glcd_spi_lpc1700.o(.text), UNUSED)
<BR><BR>[Calls]<UL><LI><a href="#[58]">&gt;&gt;</a>&nbsp;&nbsp;&nbsp;wr_reg
</UL>

<P><STRONG><a name="[69]"></a>GLCD_WrDat</STRONG> (Thumb, 4 bytes, Stack size 0 bytes, glcd_spi_lpc1700.o(.text), UNUSED)
<BR><BR>[Calls]<UL><LI><a href="#[5c]">&gt;&gt;</a>&nbsp;&nbsp;&nbsp;wr_dat
</UL>

<P><STRONG><a name="[b3]"></a>LCD_Init</STRONG> (Thumb, 16 bytes, Stack size 0 bytes, glcd_spi_lpc1700.o(.text))
<BR><BR>[Called By]<UL><LI><a href="#[4c]">&gt;&gt;</a>&nbsp;&nbsp;&nbsp;initializeControls
</UL>

<P><STRONG><a name="[6a]"></a>LCD_DrawLine</STRONG> (Thumb, 196 bytes, Stack size 32 bytes, graphics.o(.text))
<BR><BR>[Stack]<UL><LI>Max Depth = 56<LI>Call Chain = LCD_DrawLine &rArr; wr_reg &rArr; wr_dat
</UL>
<BR>[Calls]<UL><LI><a href="#[6b]">&gt;&gt;</a>&nbsp;&nbsp;&nbsp;wr_reg
<LI><a href="#[6d]">&gt;&gt;</a>&nbsp;&nbsp;&nbsp;wr_dat
<LI><a href="#[6c]">&gt;&gt;</a>&nbsp;&nbsp;&nbsp;wr_cmd
</UL>
<BR>[Called By]<UL><LI><a href="#[38]">&gt;&gt;</a>&nbsp;&nbsp;&nbsp;GameOver
<LI><a href="#[7f]">&gt;&gt;</a>&nbsp;&nbsp;&nbsp;drawShip
<LI><a href="#[76]">&gt;&gt;</a>&nbsp;&nbsp;&nbsp;drawAsteroid
</UL>

<P><STRONG><a name="[6e]"></a>LCD_drawBlock</STRONG> (Thumb, 66 bytes, Stack size 24 bytes, graphics.o(.text), UNUSED)
<BR><BR>[Calls]<UL><LI><a href="#[6f]">&gt;&gt;</a>&nbsp;&nbsp;&nbsp;wr_dat_start
<LI><a href="#[70]">&gt;&gt;</a>&nbsp;&nbsp;&nbsp;wr_dat_only
<LI><a href="#[6c]">&gt;&gt;</a>&nbsp;&nbsp;&nbsp;wr_cmd
<LI><a href="#[59]">&gt;&gt;</a>&nbsp;&nbsp;&nbsp;GLCD_SetWindow
</UL>

<P><STRONG><a name="[71]"></a>setupHUD</STRONG> (Thumb, 12 bytes, Stack size 0 bytes, graphics.o(.text), UNUSED)
<BR><BR>[Calls]<UL><LI><a href="#[62]">&gt;&gt;</a>&nbsp;&nbsp;&nbsp;GLCD_DisplayString
</UL>

<P><STRONG><a name="[72]"></a>drawInHUD</STRONG> (Thumb, 12 bytes, Stack size 0 bytes, graphics.o(.text), UNUSED)
<BR><BR>[Calls]<UL><LI><a href="#[59]">&gt;&gt;</a>&nbsp;&nbsp;&nbsp;GLCD_SetWindow
</UL>

<P><STRONG><a name="[73]"></a>renderHUD</STRONG> (Thumb, 166 bytes, Stack size 32 bytes, graphics.o(.text))
<BR><BR>[Stack]<UL><LI>Max Depth = 152<LI>Call Chain = renderHUD &rArr; GLCD_DisplayString &rArr; GLCD_DisplayChar &rArr; GLCD_DrawChar &rArr; GLCD_SetWindow &rArr; wr_reg &rArr; wr_dat
</UL>
<BR>[Calls]<UL><LI><a href="#[62]">&gt;&gt;</a>&nbsp;&nbsp;&nbsp;GLCD_DisplayString
<LI><a href="#[61]">&gt;&gt;</a>&nbsp;&nbsp;&nbsp;GLCD_DisplayChar
<LI><a href="#[75]">&gt;&gt;</a>&nbsp;&nbsp;&nbsp;GLCD_SetTextColor
<LI><a href="#[5a]">&gt;&gt;</a>&nbsp;&nbsp;&nbsp;GLCD_WindowMax
<LI><a href="#[74]">&gt;&gt;</a>&nbsp;&nbsp;&nbsp;__2sprintf
</UL>
<BR>[Called By]<UL><LI><a href="#[bd]">&gt;&gt;</a>&nbsp;&nbsp;&nbsp;lcd
</UL>

<P><STRONG><a name="[76]"></a>drawAsteroid</STRONG> (Thumb, 98 bytes, Stack size 32 bytes, graphics.o(.text))
<BR><BR>[Stack]<UL><LI>Max Depth = 88<LI>Call Chain = drawAsteroid &rArr; LCD_DrawLine &rArr; wr_reg &rArr; wr_dat
</UL>
<BR>[Calls]<UL><LI><a href="#[6a]">&gt;&gt;</a>&nbsp;&nbsp;&nbsp;LCD_DrawLine
</UL>
<BR>[Called By]<UL><LI><a href="#[77]">&gt;&gt;</a>&nbsp;&nbsp;&nbsp;renderAsteroids
</UL>

<P><STRONG><a name="[77]"></a>renderAsteroids</STRONG> (Thumb, 436 bytes, Stack size 96 bytes, graphics.o(.text))
<BR><BR>[Stack]<UL><LI>Max Depth = 184<LI>Call Chain = renderAsteroids &rArr; drawAsteroid &rArr; LCD_DrawLine &rArr; wr_reg &rArr; wr_dat
</UL>
<BR>[Calls]<UL><LI><a href="#[78]">&gt;&gt;</a>&nbsp;&nbsp;&nbsp;__aeabi_ui2f
<LI><a href="#[79]">&gt;&gt;</a>&nbsp;&nbsp;&nbsp;__aeabi_i2f
<LI><a href="#[7a]">&gt;&gt;</a>&nbsp;&nbsp;&nbsp;__aeabi_fdiv
<LI><a href="#[7b]">&gt;&gt;</a>&nbsp;&nbsp;&nbsp;__aeabi_f2uiz
<LI><a href="#[76]">&gt;&gt;</a>&nbsp;&nbsp;&nbsp;drawAsteroid
<LI><a href="#[75]">&gt;&gt;</a>&nbsp;&nbsp;&nbsp;GLCD_SetTextColor
</UL>
<BR>[Called By]<UL><LI><a href="#[bd]">&gt;&gt;</a>&nbsp;&nbsp;&nbsp;lcd
</UL>

<P><STRONG><a name="[7c]"></a>drawBullet</STRONG> (Thumb, 106 bytes, Stack size 16 bytes, graphics.o(.text))
<BR><BR>[Stack]<UL><LI>Max Depth = 64<LI>Call Chain = drawBullet &rArr; GLCD_SetWindow &rArr; wr_reg &rArr; wr_dat
</UL>
<BR>[Calls]<UL><LI><a href="#[6f]">&gt;&gt;</a>&nbsp;&nbsp;&nbsp;wr_dat_start
<LI><a href="#[70]">&gt;&gt;</a>&nbsp;&nbsp;&nbsp;wr_dat_only
<LI><a href="#[6c]">&gt;&gt;</a>&nbsp;&nbsp;&nbsp;wr_cmd
<LI><a href="#[59]">&gt;&gt;</a>&nbsp;&nbsp;&nbsp;GLCD_SetWindow
</UL>
<BR>[Called By]<UL><LI><a href="#[7e]">&gt;&gt;</a>&nbsp;&nbsp;&nbsp;renderBullets
</UL>

<P><STRONG><a name="[7d]"></a>clearBullet</STRONG> (Thumb, 46 bytes, Stack size 16 bytes, graphics.o(.text))
<BR><BR>[Stack]<UL><LI>Max Depth = 64<LI>Call Chain = clearBullet &rArr; GLCD_SetWindow &rArr; wr_reg &rArr; wr_dat
</UL>
<BR>[Calls]<UL><LI><a href="#[6f]">&gt;&gt;</a>&nbsp;&nbsp;&nbsp;wr_dat_start
<LI><a href="#[70]">&gt;&gt;</a>&nbsp;&nbsp;&nbsp;wr_dat_only
<LI><a href="#[6c]">&gt;&gt;</a>&nbsp;&nbsp;&nbsp;wr_cmd
<LI><a href="#[59]">&gt;&gt;</a>&nbsp;&nbsp;&nbsp;GLCD_SetWindow
</UL>
<BR>[Called By]<UL><LI><a href="#[7e]">&gt;&gt;</a>&nbsp;&nbsp;&nbsp;renderBullets
</UL>

<P><STRONG><a name="[7e]"></a>renderBullets</STRONG> (Thumb, 240 bytes, Stack size 32 bytes, graphics.o(.text))
<BR><BR>[Stack]<UL><LI>Max Depth = 96<LI>Call Chain = renderBullets &rArr; clearBullet &rArr; GLCD_SetWindow &rArr; wr_reg &rArr; wr_dat
</UL>
<BR>[Calls]<UL><LI><a href="#[7b]">&gt;&gt;</a>&nbsp;&nbsp;&nbsp;__aeabi_f2uiz
<LI><a href="#[7d]">&gt;&gt;</a>&nbsp;&nbsp;&nbsp;clearBullet
<LI><a href="#[7c]">&gt;&gt;</a>&nbsp;&nbsp;&nbsp;drawBullet
<LI><a href="#[75]">&gt;&gt;</a>&nbsp;&nbsp;&nbsp;GLCD_SetTextColor
<LI><a href="#[5a]">&gt;&gt;</a>&nbsp;&nbsp;&nbsp;GLCD_WindowMax
</UL>
<BR>[Called By]<UL><LI><a href="#[bd]">&gt;&gt;</a>&nbsp;&nbsp;&nbsp;lcd
<LI><a href="#[3d]">&gt;&gt;</a>&nbsp;&nbsp;&nbsp;startScreen
</UL>

<P><STRONG><a name="[7f]"></a>drawShip</STRONG> (Thumb, 340 bytes, Stack size 48 bytes, graphics.o(.text))
<BR><BR>[Stack]<UL><LI>Max Depth = 652<LI>Call Chain = drawShip &rArr; sin &rArr; __ieee754_rem_pio2 &rArr; __aeabi_dsub &rArr; __aeabi_dadd &rArr; _double_epilogue &rArr; _double_round
</UL>
<BR>[Calls]<UL><LI><a href="#[80]">&gt;&gt;</a>&nbsp;&nbsp;&nbsp;__aeabi_ui2d
<LI><a href="#[87]">&gt;&gt;</a>&nbsp;&nbsp;&nbsp;__aeabi_dsub
<LI><a href="#[81]">&gt;&gt;</a>&nbsp;&nbsp;&nbsp;__aeabi_dmul
<LI><a href="#[82]">&gt;&gt;</a>&nbsp;&nbsp;&nbsp;__aeabi_ddiv
<LI><a href="#[84]">&gt;&gt;</a>&nbsp;&nbsp;&nbsp;__aeabi_dadd
<LI><a href="#[85]">&gt;&gt;</a>&nbsp;&nbsp;&nbsp;__aeabi_d2uiz
<LI><a href="#[6a]">&gt;&gt;</a>&nbsp;&nbsp;&nbsp;LCD_DrawLine
<LI><a href="#[86]">&gt;&gt;</a>&nbsp;&nbsp;&nbsp;sin
<LI><a href="#[83]">&gt;&gt;</a>&nbsp;&nbsp;&nbsp;cos
</UL>
<BR>[Called By]<UL><LI><a href="#[3d]">&gt;&gt;</a>&nbsp;&nbsp;&nbsp;startScreen
<LI><a href="#[88]">&gt;&gt;</a>&nbsp;&nbsp;&nbsp;renderShip
</UL>

<P><STRONG><a name="[88]"></a>renderShip</STRONG> (Thumb, 174 bytes, Stack size 40 bytes, graphics.o(.text))
<BR><BR>[Stack]<UL><LI>Max Depth = 692<LI>Call Chain = renderShip &rArr; drawShip &rArr; sin &rArr; __ieee754_rem_pio2 &rArr; __aeabi_dsub &rArr; __aeabi_dadd &rArr; _double_epilogue &rArr; _double_round
</UL>
<BR>[Calls]<UL><LI><a href="#[78]">&gt;&gt;</a>&nbsp;&nbsp;&nbsp;__aeabi_ui2f
<LI><a href="#[7b]">&gt;&gt;</a>&nbsp;&nbsp;&nbsp;__aeabi_f2uiz
<LI><a href="#[89]">&gt;&gt;</a>&nbsp;&nbsp;&nbsp;__aeabi_f2iz
<LI><a href="#[7f]">&gt;&gt;</a>&nbsp;&nbsp;&nbsp;drawShip
<LI><a href="#[75]">&gt;&gt;</a>&nbsp;&nbsp;&nbsp;GLCD_SetTextColor
</UL>
<BR>[Called By]<UL><LI><a href="#[bd]">&gt;&gt;</a>&nbsp;&nbsp;&nbsp;lcd
</UL>

<P><STRONG><a name="[3d]"></a>startScreen</STRONG> (Thumb, 428 bytes, Stack size 0 bytes, graphics.o(.text))
<BR><BR>[Stack]<UL><LI>Max Depth = 652<LI>Call Chain = startScreen &rArr; drawShip &rArr; sin &rArr; __ieee754_rem_pio2 &rArr; __aeabi_dsub &rArr; __aeabi_dadd &rArr; _double_epilogue &rArr; _double_round
</UL>
<BR>[Calls]<UL><LI><a href="#[8b]">&gt;&gt;</a>&nbsp;&nbsp;&nbsp;createBullet
<LI><a href="#[8c]">&gt;&gt;</a>&nbsp;&nbsp;&nbsp;bulletPhysics
<LI><a href="#[7b]">&gt;&gt;</a>&nbsp;&nbsp;&nbsp;__aeabi_f2uiz
<LI><a href="#[8a]">&gt;&gt;</a>&nbsp;&nbsp;&nbsp;INT0_Get
<LI><a href="#[7f]">&gt;&gt;</a>&nbsp;&nbsp;&nbsp;drawShip
<LI><a href="#[7e]">&gt;&gt;</a>&nbsp;&nbsp;&nbsp;renderBullets
<LI><a href="#[62]">&gt;&gt;</a>&nbsp;&nbsp;&nbsp;GLCD_DisplayString
<LI><a href="#[5d]">&gt;&gt;</a>&nbsp;&nbsp;&nbsp;GLCD_Clear
</UL>
<BR>[Address Reference Count : 1]<UL><LI> tasks.o(.text)
</UL>
<P><STRONG><a name="[8d]"></a>bombEffect</STRONG> (Thumb, 46 bytes, Stack size 16 bytes, graphics.o(.text))
<BR><BR>[Stack]<UL><LI>Max Depth = 80<LI>Call Chain = bombEffect &rArr; GLCD_Clear &rArr; GLCD_WindowMax &rArr; GLCD_SetWindow &rArr; wr_reg &rArr; wr_dat
</UL>
<BR>[Calls]<UL><LI><a href="#[5d]">&gt;&gt;</a>&nbsp;&nbsp;&nbsp;GLCD_Clear
</UL>
<BR>[Called By]<UL><LI><a href="#[9a]">&gt;&gt;</a>&nbsp;&nbsp;&nbsp;launchBomb
</UL>

<P><STRONG><a name="[38]"></a>GameOver</STRONG> (Thumb, 324 bytes, Stack size 40 bytes, graphics.o(.text))
<BR><BR>[Stack]<UL><LI>Max Depth = 160<LI>Call Chain = GameOver &rArr; GLCD_DisplayString &rArr; GLCD_DisplayChar &rArr; GLCD_DrawChar &rArr; GLCD_SetWindow &rArr; wr_reg &rArr; wr_dat
</UL>
<BR>[Calls]<UL><LI><a href="#[78]">&gt;&gt;</a>&nbsp;&nbsp;&nbsp;__aeabi_ui2f
<LI><a href="#[8e]">&gt;&gt;</a>&nbsp;&nbsp;&nbsp;__aeabi_fmul
<LI><a href="#[8f]">&gt;&gt;</a>&nbsp;&nbsp;&nbsp;__aeabi_fadd
<LI><a href="#[89]">&gt;&gt;</a>&nbsp;&nbsp;&nbsp;__aeabi_f2iz
<LI><a href="#[6a]">&gt;&gt;</a>&nbsp;&nbsp;&nbsp;LCD_DrawLine
<LI><a href="#[62]">&gt;&gt;</a>&nbsp;&nbsp;&nbsp;GLCD_DisplayString
<LI><a href="#[74]">&gt;&gt;</a>&nbsp;&nbsp;&nbsp;__2sprintf
</UL>
<BR>[Address Reference Count : 1]<UL><LI> tasks.o(.text)
</UL>
<P><STRONG><a name="[91]"></a>shipThrusters</STRONG> (Thumb, 148 bytes, Stack size 40 bytes, entities.o(.text))
<BR><BR>[Stack]<UL><LI>Max Depth = 644<LI>Call Chain = shipThrusters &rArr; sin &rArr; __ieee754_rem_pio2 &rArr; __aeabi_dsub &rArr; __aeabi_dadd &rArr; _double_epilogue &rArr; _double_round
</UL>
<BR>[Calls]<UL><LI><a href="#[92]">&gt;&gt;</a>&nbsp;&nbsp;&nbsp;__aeabi_d2f
<LI><a href="#[80]">&gt;&gt;</a>&nbsp;&nbsp;&nbsp;__aeabi_ui2d
<LI><a href="#[81]">&gt;&gt;</a>&nbsp;&nbsp;&nbsp;__aeabi_dmul
<LI><a href="#[82]">&gt;&gt;</a>&nbsp;&nbsp;&nbsp;__aeabi_ddiv
<LI><a href="#[86]">&gt;&gt;</a>&nbsp;&nbsp;&nbsp;sin
<LI><a href="#[83]">&gt;&gt;</a>&nbsp;&nbsp;&nbsp;cos
</UL>
<BR>[Called By]<UL><LI><a href="#[ba]">&gt;&gt;</a>&nbsp;&nbsp;&nbsp;moveShip
</UL>

<P><STRONG><a name="[bb]"></a>thrustersOff</STRONG> (Thumb, 10 bytes, Stack size 0 bytes, entities.o(.text))
<BR><BR>[Called By]<UL><LI><a href="#[ba]">&gt;&gt;</a>&nbsp;&nbsp;&nbsp;moveShip
</UL>

<P><STRONG><a name="[93]"></a>shipBreaks</STRONG> (Thumb, 96 bytes, Stack size 16 bytes, entities.o(.text), UNUSED)
<BR><BR>[Calls]<UL><LI><a href="#[94]">&gt;&gt;</a>&nbsp;&nbsp;&nbsp;__aeabi_f2d
<LI><a href="#[92]">&gt;&gt;</a>&nbsp;&nbsp;&nbsp;__aeabi_d2f
<LI><a href="#[81]">&gt;&gt;</a>&nbsp;&nbsp;&nbsp;__aeabi_dmul
</UL>

<P><STRONG><a name="[95]"></a>setAsteroidDifficulty</STRONG> (Thumb, 48 bytes, Stack size 16 bytes, entities.o(.text))
<BR><BR>[Stack]<UL><LI>Max Depth = 20<LI>Call Chain = setAsteroidDifficulty &rArr; __aeabi_ui2f &rArr; _float_epilogue
</UL>
<BR>[Calls]<UL><LI><a href="#[78]">&gt;&gt;</a>&nbsp;&nbsp;&nbsp;__aeabi_ui2f
</UL>
<BR>[Called By]<UL><LI><a href="#[bf]">&gt;&gt;</a>&nbsp;&nbsp;&nbsp;stageMonitor
</UL>

<P><STRONG><a name="[96]"></a>createAsteroids</STRONG> (Thumb, 352 bytes, Stack size 32 bytes, entities.o(.text))
<BR><BR>[Stack]<UL><LI>Max Depth = 636<LI>Call Chain = createAsteroids &rArr; sin &rArr; __ieee754_rem_pio2 &rArr; __aeabi_dsub &rArr; __aeabi_dadd &rArr; _double_epilogue &rArr; _double_round
</UL>
<BR>[Calls]<UL><LI><a href="#[98]">&gt;&gt;</a>&nbsp;&nbsp;&nbsp;__aeabi_i2d
<LI><a href="#[94]">&gt;&gt;</a>&nbsp;&nbsp;&nbsp;__aeabi_f2d
<LI><a href="#[92]">&gt;&gt;</a>&nbsp;&nbsp;&nbsp;__aeabi_d2f
<LI><a href="#[99]">&gt;&gt;</a>&nbsp;&nbsp;&nbsp;__ARM_scalbn
<LI><a href="#[8f]">&gt;&gt;</a>&nbsp;&nbsp;&nbsp;__aeabi_fadd
<LI><a href="#[81]">&gt;&gt;</a>&nbsp;&nbsp;&nbsp;__aeabi_dmul
<LI><a href="#[82]">&gt;&gt;</a>&nbsp;&nbsp;&nbsp;__aeabi_ddiv
<LI><a href="#[84]">&gt;&gt;</a>&nbsp;&nbsp;&nbsp;__aeabi_dadd
<LI><a href="#[97]">&gt;&gt;</a>&nbsp;&nbsp;&nbsp;rand
<LI><a href="#[86]">&gt;&gt;</a>&nbsp;&nbsp;&nbsp;sin
<LI><a href="#[83]">&gt;&gt;</a>&nbsp;&nbsp;&nbsp;cos
</UL>
<BR>[Called By]<UL><LI><a href="#[bf]">&gt;&gt;</a>&nbsp;&nbsp;&nbsp;stageMonitor
</UL>

<P><STRONG><a name="[8b]"></a>createBullet</STRONG> (Thumb, 504 bytes, Stack size 40 bytes, entities.o(.text))
<BR><BR>[Stack]<UL><LI>Max Depth = 644<LI>Call Chain = createBullet &rArr; sin &rArr; __ieee754_rem_pio2 &rArr; __aeabi_dsub &rArr; __aeabi_dadd &rArr; _double_epilogue &rArr; _double_round
</UL>
<BR>[Calls]<UL><LI><a href="#[94]">&gt;&gt;</a>&nbsp;&nbsp;&nbsp;__aeabi_f2d
<LI><a href="#[92]">&gt;&gt;</a>&nbsp;&nbsp;&nbsp;__aeabi_d2f
<LI><a href="#[80]">&gt;&gt;</a>&nbsp;&nbsp;&nbsp;__aeabi_ui2d
<LI><a href="#[7b]">&gt;&gt;</a>&nbsp;&nbsp;&nbsp;__aeabi_f2uiz
<LI><a href="#[87]">&gt;&gt;</a>&nbsp;&nbsp;&nbsp;__aeabi_dsub
<LI><a href="#[81]">&gt;&gt;</a>&nbsp;&nbsp;&nbsp;__aeabi_dmul
<LI><a href="#[82]">&gt;&gt;</a>&nbsp;&nbsp;&nbsp;__aeabi_ddiv
<LI><a href="#[84]">&gt;&gt;</a>&nbsp;&nbsp;&nbsp;__aeabi_dadd
<LI><a href="#[86]">&gt;&gt;</a>&nbsp;&nbsp;&nbsp;sin
<LI><a href="#[83]">&gt;&gt;</a>&nbsp;&nbsp;&nbsp;cos
</UL>
<BR>[Called By]<UL><LI><a href="#[b9]">&gt;&gt;</a>&nbsp;&nbsp;&nbsp;shipGun
<LI><a href="#[3d]">&gt;&gt;</a>&nbsp;&nbsp;&nbsp;startScreen
</UL>

<P><STRONG><a name="[a9]"></a>createShip</STRONG> (Thumb, 40 bytes, Stack size 0 bytes, entities.o(.text))
<BR><BR>[Called By]<UL><LI><a href="#[ac]">&gt;&gt;</a>&nbsp;&nbsp;&nbsp;resetEntities
<LI><a href="#[4b]">&gt;&gt;</a>&nbsp;&nbsp;&nbsp;initializeEntities
</UL>

<P><STRONG><a name="[9a]"></a>launchBomb</STRONG> (Thumb, 222 bytes, Stack size 32 bytes, entities.o(.text))
<BR><BR>[Stack]<UL><LI>Max Depth = 120<LI>Call Chain = launchBomb &rArr; __aeabi_dmul &rArr; _double_epilogue &rArr; _double_round
</UL>
<BR>[Calls]<UL><LI><a href="#[98]">&gt;&gt;</a>&nbsp;&nbsp;&nbsp;__aeabi_i2d
<LI><a href="#[80]">&gt;&gt;</a>&nbsp;&nbsp;&nbsp;__aeabi_ui2d
<LI><a href="#[81]">&gt;&gt;</a>&nbsp;&nbsp;&nbsp;__aeabi_dmul
<LI><a href="#[84]">&gt;&gt;</a>&nbsp;&nbsp;&nbsp;__aeabi_dadd
<LI><a href="#[85]">&gt;&gt;</a>&nbsp;&nbsp;&nbsp;__aeabi_d2uiz
<LI><a href="#[8d]">&gt;&gt;</a>&nbsp;&nbsp;&nbsp;bombEffect
</UL>
<BR>[Called By]<UL><LI><a href="#[bc]">&gt;&gt;</a>&nbsp;&nbsp;&nbsp;bomb
</UL>

<P><STRONG><a name="[9b]"></a>pnpoly</STRONG> (Thumb, 160 bytes, Stack size 56 bytes, entities.o(.text))
<BR><BR>[Stack]<UL><LI>Max Depth = 76<LI>Call Chain = pnpoly &rArr; __aeabi_fsub &rArr; __aeabi_fadd &rArr; _float_epilogue
</UL>
<BR>[Calls]<UL><LI><a href="#[9d]">&gt;&gt;</a>&nbsp;&nbsp;&nbsp;__aeabi_fsub
<LI><a href="#[9c]">&gt;&gt;</a>&nbsp;&nbsp;&nbsp;__aeabi_cfrcmple
<LI><a href="#[8e]">&gt;&gt;</a>&nbsp;&nbsp;&nbsp;__aeabi_fmul
<LI><a href="#[7a]">&gt;&gt;</a>&nbsp;&nbsp;&nbsp;__aeabi_fdiv
<LI><a href="#[8f]">&gt;&gt;</a>&nbsp;&nbsp;&nbsp;__aeabi_fadd
</UL>
<BR>[Called By]<UL><LI><a href="#[9f]">&gt;&gt;</a>&nbsp;&nbsp;&nbsp;collisionPhysics
</UL>

<P><STRONG><a name="[9e]"></a>get_line_intersection</STRONG> (Thumb, 186 bytes, Stack size 40 bytes, entities.o(.text))
<BR><BR>[Stack]<UL><LI>Max Depth = 60<LI>Call Chain = get_line_intersection &rArr; __aeabi_fsub &rArr; __aeabi_fadd &rArr; _float_epilogue
</UL>
<BR>[Calls]<UL><LI><a href="#[9d]">&gt;&gt;</a>&nbsp;&nbsp;&nbsp;__aeabi_fsub
<LI><a href="#[79]">&gt;&gt;</a>&nbsp;&nbsp;&nbsp;__aeabi_i2f
<LI><a href="#[8e]">&gt;&gt;</a>&nbsp;&nbsp;&nbsp;__aeabi_fmul
<LI><a href="#[7a]">&gt;&gt;</a>&nbsp;&nbsp;&nbsp;__aeabi_fdiv
</UL>
<BR>[Called By]<UL><LI><a href="#[9f]">&gt;&gt;</a>&nbsp;&nbsp;&nbsp;collisionPhysics
</UL>

<P><STRONG><a name="[9f]"></a>collisionPhysics</STRONG> (Thumb, 1806 bytes, Stack size 176 bytes, entities.o(.text))
<BR><BR>[Stack]<UL><LI>Max Depth = 780<LI>Call Chain = collisionPhysics &rArr; sin &rArr; __ieee754_rem_pio2 &rArr; __aeabi_dsub &rArr; __aeabi_dadd &rArr; _double_epilogue &rArr; _double_round
</UL>
<BR>[Calls]<UL><LI><a href="#[98]">&gt;&gt;</a>&nbsp;&nbsp;&nbsp;__aeabi_i2d
<LI><a href="#[9d]">&gt;&gt;</a>&nbsp;&nbsp;&nbsp;__aeabi_fsub
<LI><a href="#[a2]">&gt;&gt;</a>&nbsp;&nbsp;&nbsp;__aeabi_frsub
<LI><a href="#[94]">&gt;&gt;</a>&nbsp;&nbsp;&nbsp;__aeabi_f2d
<LI><a href="#[92]">&gt;&gt;</a>&nbsp;&nbsp;&nbsp;__aeabi_d2f
<LI><a href="#[a1]">&gt;&gt;</a>&nbsp;&nbsp;&nbsp;__aeabi_cfcmple
<LI><a href="#[a0]">&gt;&gt;</a>&nbsp;&nbsp;&nbsp;__ARM_scalbnf
<LI><a href="#[99]">&gt;&gt;</a>&nbsp;&nbsp;&nbsp;__ARM_scalbn
<LI><a href="#[9e]">&gt;&gt;</a>&nbsp;&nbsp;&nbsp;get_line_intersection
<LI><a href="#[9b]">&gt;&gt;</a>&nbsp;&nbsp;&nbsp;pnpoly
<LI><a href="#[78]">&gt;&gt;</a>&nbsp;&nbsp;&nbsp;__aeabi_ui2f
<LI><a href="#[80]">&gt;&gt;</a>&nbsp;&nbsp;&nbsp;__aeabi_ui2d
<LI><a href="#[79]">&gt;&gt;</a>&nbsp;&nbsp;&nbsp;__aeabi_i2f
<LI><a href="#[8e]">&gt;&gt;</a>&nbsp;&nbsp;&nbsp;__aeabi_fmul
<LI><a href="#[7a]">&gt;&gt;</a>&nbsp;&nbsp;&nbsp;__aeabi_fdiv
<LI><a href="#[8f]">&gt;&gt;</a>&nbsp;&nbsp;&nbsp;__aeabi_fadd
<LI><a href="#[7b]">&gt;&gt;</a>&nbsp;&nbsp;&nbsp;__aeabi_f2uiz
<LI><a href="#[87]">&gt;&gt;</a>&nbsp;&nbsp;&nbsp;__aeabi_dsub
<LI><a href="#[81]">&gt;&gt;</a>&nbsp;&nbsp;&nbsp;__aeabi_dmul
<LI><a href="#[82]">&gt;&gt;</a>&nbsp;&nbsp;&nbsp;__aeabi_ddiv
<LI><a href="#[84]">&gt;&gt;</a>&nbsp;&nbsp;&nbsp;__aeabi_dadd
<LI><a href="#[85]">&gt;&gt;</a>&nbsp;&nbsp;&nbsp;__aeabi_d2uiz
<LI><a href="#[a3]">&gt;&gt;</a>&nbsp;&nbsp;&nbsp;sqrt
<LI><a href="#[86]">&gt;&gt;</a>&nbsp;&nbsp;&nbsp;sin
<LI><a href="#[83]">&gt;&gt;</a>&nbsp;&nbsp;&nbsp;cos
</UL>
<BR>[Called By]<UL><LI><a href="#[be]">&gt;&gt;</a>&nbsp;&nbsp;&nbsp;physics
</UL>

<P><STRONG><a name="[a4]"></a>asteroidPhysics</STRONG> (Thumb, 166 bytes, Stack size 40 bytes, entities.o(.text))
<BR><BR>[Stack]<UL><LI>Max Depth = 60<LI>Call Chain = asteroidPhysics &rArr; __aeabi_fsub &rArr; __aeabi_fadd &rArr; _float_epilogue
</UL>
<BR>[Calls]<UL><LI><a href="#[9d]">&gt;&gt;</a>&nbsp;&nbsp;&nbsp;__aeabi_fsub
<LI><a href="#[8f]">&gt;&gt;</a>&nbsp;&nbsp;&nbsp;__aeabi_fadd
</UL>
<BR>[Called By]<UL><LI><a href="#[be]">&gt;&gt;</a>&nbsp;&nbsp;&nbsp;physics
</UL>

<P><STRONG><a name="[8c]"></a>bulletPhysics</STRONG> (Thumb, 208 bytes, Stack size 40 bytes, entities.o(.text))
<BR><BR>[Stack]<UL><LI>Max Depth = 60<LI>Call Chain = bulletPhysics &rArr; __aeabi_fsub &rArr; __aeabi_fadd &rArr; _float_epilogue
</UL>
<BR>[Calls]<UL><LI><a href="#[9d]">&gt;&gt;</a>&nbsp;&nbsp;&nbsp;__aeabi_fsub
<LI><a href="#[8f]">&gt;&gt;</a>&nbsp;&nbsp;&nbsp;__aeabi_fadd
</UL>
<BR>[Called By]<UL><LI><a href="#[be]">&gt;&gt;</a>&nbsp;&nbsp;&nbsp;physics
<LI><a href="#[3d]">&gt;&gt;</a>&nbsp;&nbsp;&nbsp;startScreen
</UL>

<P><STRONG><a name="[a5]"></a>shipPhysics</STRONG> (Thumb, 578 bytes, Stack size 40 bytes, entities.o(.text))
<BR><BR>[Stack]<UL><LI>Max Depth = 128<LI>Call Chain = shipPhysics &rArr; __aeabi_dsub &rArr; __aeabi_dadd &rArr; _double_epilogue &rArr; _double_round
</UL>
<BR>[Calls]<UL><LI><a href="#[9d]">&gt;&gt;</a>&nbsp;&nbsp;&nbsp;__aeabi_fsub
<LI><a href="#[94]">&gt;&gt;</a>&nbsp;&nbsp;&nbsp;__aeabi_f2d
<LI><a href="#[92]">&gt;&gt;</a>&nbsp;&nbsp;&nbsp;__aeabi_d2f
<LI><a href="#[a6]">&gt;&gt;</a>&nbsp;&nbsp;&nbsp;__aeabi_cdrcmple
<LI><a href="#[a0]">&gt;&gt;</a>&nbsp;&nbsp;&nbsp;__ARM_scalbnf
<LI><a href="#[79]">&gt;&gt;</a>&nbsp;&nbsp;&nbsp;__aeabi_i2f
<LI><a href="#[8e]">&gt;&gt;</a>&nbsp;&nbsp;&nbsp;__aeabi_fmul
<LI><a href="#[8f]">&gt;&gt;</a>&nbsp;&nbsp;&nbsp;__aeabi_fadd
<LI><a href="#[87]">&gt;&gt;</a>&nbsp;&nbsp;&nbsp;__aeabi_dsub
<LI><a href="#[81]">&gt;&gt;</a>&nbsp;&nbsp;&nbsp;__aeabi_dmul
<LI><a href="#[82]">&gt;&gt;</a>&nbsp;&nbsp;&nbsp;__aeabi_ddiv
</UL>
<BR>[Called By]<UL><LI><a href="#[be]">&gt;&gt;</a>&nbsp;&nbsp;&nbsp;physics
</UL>

<P><STRONG><a name="[ab]"></a>initializeHUD</STRONG> (Thumb, 80 bytes, Stack size 0 bytes, entities.o(.text))
<BR><BR>[Called By]<UL><LI><a href="#[4b]">&gt;&gt;</a>&nbsp;&nbsp;&nbsp;initializeEntities
</UL>

<P><STRONG><a name="[aa]"></a>initializeBullets</STRONG> (Thumb, 46 bytes, Stack size 0 bytes, entities.o(.text))
<BR><BR>[Called By]<UL><LI><a href="#[ac]">&gt;&gt;</a>&nbsp;&nbsp;&nbsp;resetEntities
<LI><a href="#[4b]">&gt;&gt;</a>&nbsp;&nbsp;&nbsp;initializeEntities
</UL>

<P><STRONG><a name="[a7]"></a>initializeAsteroids</STRONG> (Thumb, 518 bytes, Stack size 56 bytes, entities.o(.text))
<BR><BR>[Stack]<UL><LI>Max Depth = 660<LI>Call Chain = initializeAsteroids &rArr; sin &rArr; __ieee754_rem_pio2 &rArr; __aeabi_dsub &rArr; __aeabi_dadd &rArr; _double_epilogue &rArr; _double_round
</UL>
<BR>[Calls]<UL><LI><a href="#[98]">&gt;&gt;</a>&nbsp;&nbsp;&nbsp;__aeabi_i2d
<LI><a href="#[a2]">&gt;&gt;</a>&nbsp;&nbsp;&nbsp;__aeabi_frsub
<LI><a href="#[94]">&gt;&gt;</a>&nbsp;&nbsp;&nbsp;__aeabi_f2d
<LI><a href="#[92]">&gt;&gt;</a>&nbsp;&nbsp;&nbsp;__aeabi_d2f
<LI><a href="#[99]">&gt;&gt;</a>&nbsp;&nbsp;&nbsp;__ARM_scalbn
<LI><a href="#[78]">&gt;&gt;</a>&nbsp;&nbsp;&nbsp;__aeabi_ui2f
<LI><a href="#[8f]">&gt;&gt;</a>&nbsp;&nbsp;&nbsp;__aeabi_fadd
<LI><a href="#[89]">&gt;&gt;</a>&nbsp;&nbsp;&nbsp;__aeabi_f2iz
<LI><a href="#[81]">&gt;&gt;</a>&nbsp;&nbsp;&nbsp;__aeabi_dmul
<LI><a href="#[82]">&gt;&gt;</a>&nbsp;&nbsp;&nbsp;__aeabi_ddiv
<LI><a href="#[84]">&gt;&gt;</a>&nbsp;&nbsp;&nbsp;__aeabi_dadd
<LI><a href="#[97]">&gt;&gt;</a>&nbsp;&nbsp;&nbsp;rand
<LI><a href="#[86]">&gt;&gt;</a>&nbsp;&nbsp;&nbsp;sin
<LI><a href="#[83]">&gt;&gt;</a>&nbsp;&nbsp;&nbsp;cos
</UL>
<BR>[Called By]<UL><LI><a href="#[ac]">&gt;&gt;</a>&nbsp;&nbsp;&nbsp;resetEntities
<LI><a href="#[4b]">&gt;&gt;</a>&nbsp;&nbsp;&nbsp;initializeEntities
</UL>

<P><STRONG><a name="[4b]"></a>initializeEntities</STRONG> (Thumb, 42 bytes, Stack size 8 bytes, entities.o(.text))
<BR><BR>[Stack]<UL><LI>Max Depth = 668<LI>Call Chain = initializeEntities &rArr; initializeAsteroids &rArr; sin &rArr; __ieee754_rem_pio2 &rArr; __aeabi_dsub &rArr; __aeabi_dadd &rArr; _double_epilogue &rArr; _double_round
</UL>
<BR>[Calls]<UL><LI><a href="#[a7]">&gt;&gt;</a>&nbsp;&nbsp;&nbsp;initializeAsteroids
<LI><a href="#[aa]">&gt;&gt;</a>&nbsp;&nbsp;&nbsp;initializeBullets
<LI><a href="#[ab]">&gt;&gt;</a>&nbsp;&nbsp;&nbsp;initializeHUD
<LI><a href="#[a9]">&gt;&gt;</a>&nbsp;&nbsp;&nbsp;createShip
<LI><a href="#[a8]">&gt;&gt;</a>&nbsp;&nbsp;&nbsp;malloc
</UL>
<BR>[Called By]<UL><LI><a href="#[2d]">&gt;&gt;</a>&nbsp;&nbsp;&nbsp;main
</UL>

<P><STRONG><a name="[ac]"></a>resetEntities</STRONG> (Thumb, 82 bytes, Stack size 8 bytes, entities.o(.text))
<BR><BR>[Stack]<UL><LI>Max Depth = 668<LI>Call Chain = resetEntities &rArr; initializeAsteroids &rArr; sin &rArr; __ieee754_rem_pio2 &rArr; __aeabi_dsub &rArr; __aeabi_dadd &rArr; _double_epilogue &rArr; _double_round
</UL>
<BR>[Calls]<UL><LI><a href="#[a7]">&gt;&gt;</a>&nbsp;&nbsp;&nbsp;initializeAsteroids
<LI><a href="#[aa]">&gt;&gt;</a>&nbsp;&nbsp;&nbsp;initializeBullets
<LI><a href="#[a9]">&gt;&gt;</a>&nbsp;&nbsp;&nbsp;createShip
</UL>
<BR>[Called By]<UL><LI><a href="#[bf]">&gt;&gt;</a>&nbsp;&nbsp;&nbsp;stageMonitor
</UL>

<P><STRONG><a name="[b5]"></a>ADC_Init</STRONG> (Thumb, 50 bytes, Stack size 0 bytes, controls.o(.text))
<BR><BR>[Called By]<UL><LI><a href="#[4c]">&gt;&gt;</a>&nbsp;&nbsp;&nbsp;initializeControls
</UL>

<P><STRONG><a name="[20]"></a>ADC_IRQHandler</STRONG> (Thumb, 18 bytes, Stack size 0 bytes, controls.o(.text))
<BR>[Address Reference Count : 1]<UL><LI> startup_lpc17xx.o(RESET)
</UL>
<P><STRONG><a name="[b7]"></a>ADC_ConversionStart</STRONG> (Thumb, 12 bytes, Stack size 0 bytes, controls.o(.text))
<BR><BR>[Called By]<UL><LI><a href="#[b6]">&gt;&gt;</a>&nbsp;&nbsp;&nbsp;adc
</UL>

<P><STRONG><a name="[b4]"></a>KBD_Init</STRONG> (Thumb, 38 bytes, Stack size 0 bytes, controls.o(.text))
<BR><BR>[Called By]<UL><LI><a href="#[4c]">&gt;&gt;</a>&nbsp;&nbsp;&nbsp;initializeControls
</UL>

<P><STRONG><a name="[ae]"></a>KBD_Get</STRONG> (Thumb, 12 bytes, Stack size 0 bytes, controls.o(.text))
<BR><BR>[Called By]<UL><LI><a href="#[ad]">&gt;&gt;</a>&nbsp;&nbsp;&nbsp;KBD_Read
</UL>

<P><STRONG><a name="[ad]"></a>KBD_Read</STRONG> (Thumb, 12 bytes, Stack size 4 bytes, controls.o(.text))
<BR><BR>[Stack]<UL><LI>Max Depth = 4<LI>Call Chain = KBD_Read
</UL>
<BR>[Calls]<UL><LI><a href="#[ae]">&gt;&gt;</a>&nbsp;&nbsp;&nbsp;KBD_Get
</UL>
<BR>[Called By]<UL><LI><a href="#[b8]">&gt;&gt;</a>&nbsp;&nbsp;&nbsp;joystick
</UL>

<P><STRONG><a name="[8a]"></a>INT0_Get</STRONG> (Thumb, 10 bytes, Stack size 0 bytes, controls.o(.text))
<BR><BR>[Called By]<UL><LI><a href="#[bc]">&gt;&gt;</a>&nbsp;&nbsp;&nbsp;bomb
<LI><a href="#[3d]">&gt;&gt;</a>&nbsp;&nbsp;&nbsp;startScreen
</UL>

<P><STRONG><a name="[b2]"></a>LED_Init</STRONG> (Thumb, 30 bytes, Stack size 0 bytes, controls.o(.text))
<BR><BR>[Called By]<UL><LI><a href="#[4c]">&gt;&gt;</a>&nbsp;&nbsp;&nbsp;initializeControls
</UL>

<P><STRONG><a name="[b0]"></a>LED_On</STRONG> (Thumb, 28 bytes, Stack size 0 bytes, controls.o(.text), UNUSED)
<BR><BR>[Called By]<UL><LI><a href="#[af]">&gt;&gt;</a>&nbsp;&nbsp;&nbsp;LED_Out
</UL>

<P><STRONG><a name="[b1]"></a>LED_Off</STRONG> (Thumb, 28 bytes, Stack size 0 bytes, controls.o(.text), UNUSED)
<BR><BR>[Called By]<UL><LI><a href="#[af]">&gt;&gt;</a>&nbsp;&nbsp;&nbsp;LED_Out
</UL>

<P><STRONG><a name="[af]"></a>LED_Out</STRONG> (Thumb, 38 bytes, Stack size 12 bytes, controls.o(.text), UNUSED)
<BR><BR>[Calls]<UL><LI><a href="#[b1]">&gt;&gt;</a>&nbsp;&nbsp;&nbsp;LED_Off
<LI><a href="#[b0]">&gt;&gt;</a>&nbsp;&nbsp;&nbsp;LED_On
</UL>

<P><STRONG><a name="[10a]"></a>LED_Toggle</STRONG> (Thumb, 28 bytes, Stack size 0 bytes, controls.o(.text), UNUSED)

<P><STRONG><a name="[4c]"></a>initializeControls</STRONG> (Thumb, 38 bytes, Stack size 8 bytes, controls.o(.text))
<BR><BR>[Stack]<UL><LI>Max Depth = 88<LI>Call Chain = initializeControls &rArr; GLCD_Init &rArr; rd_id_man &rArr; spi_tran_man
</UL>
<BR>[Calls]<UL><LI><a href="#[b2]">&gt;&gt;</a>&nbsp;&nbsp;&nbsp;LED_Init
<LI><a href="#[b4]">&gt;&gt;</a>&nbsp;&nbsp;&nbsp;KBD_Init
<LI><a href="#[b5]">&gt;&gt;</a>&nbsp;&nbsp;&nbsp;ADC_Init
<LI><a href="#[b3]">&gt;&gt;</a>&nbsp;&nbsp;&nbsp;LCD_Init
<LI><a href="#[5d]">&gt;&gt;</a>&nbsp;&nbsp;&nbsp;GLCD_Clear
<LI><a href="#[54]">&gt;&gt;</a>&nbsp;&nbsp;&nbsp;GLCD_Init
</UL>
<BR>[Called By]<UL><LI><a href="#[2d]">&gt;&gt;</a>&nbsp;&nbsp;&nbsp;main
</UL>

<P><STRONG><a name="[b6]"></a>adc</STRONG> (Thumb, 66 bytes, Stack size 0 bytes, tasks.o(.text))
<BR><BR>[Calls]<UL><LI><a href="#[b7]">&gt;&gt;</a>&nbsp;&nbsp;&nbsp;ADC_ConversionStart
</UL>
<BR>[Address Reference Count : 1]<UL><LI> tasks.o(.text)
</UL>
<P><STRONG><a name="[b8]"></a>joystick</STRONG> (Thumb, 16 bytes, Stack size 0 bytes, tasks.o(.text))
<BR><BR>[Stack]<UL><LI>Max Depth = 4<LI>Call Chain = joystick &rArr; KBD_Read
</UL>
<BR>[Calls]<UL><LI><a href="#[ad]">&gt;&gt;</a>&nbsp;&nbsp;&nbsp;KBD_Read
</UL>
<BR>[Address Reference Count : 1]<UL><LI> tasks.o(.text)
</UL>
<P><STRONG><a name="[b9]"></a>shipGun</STRONG> (Thumb, 64 bytes, Stack size 0 bytes, tasks.o(.text))
<BR><BR>[Stack]<UL><LI>Max Depth = 644<LI>Call Chain = shipGun &rArr; createBullet &rArr; sin &rArr; __ieee754_rem_pio2 &rArr; __aeabi_dsub &rArr; __aeabi_dadd &rArr; _double_epilogue &rArr; _double_round
</UL>
<BR>[Calls]<UL><LI><a href="#[8b]">&gt;&gt;</a>&nbsp;&nbsp;&nbsp;createBullet
</UL>
<BR>[Address Reference Count : 1]<UL><LI> tasks.o(.text)
</UL>
<P><STRONG><a name="[ba]"></a>moveShip</STRONG> (Thumb, 62 bytes, Stack size 0 bytes, tasks.o(.text))
<BR><BR>[Stack]<UL><LI>Max Depth = 644<LI>Call Chain = moveShip &rArr; shipThrusters &rArr; sin &rArr; __ieee754_rem_pio2 &rArr; __aeabi_dsub &rArr; __aeabi_dadd &rArr; _double_epilogue &rArr; _double_round
</UL>
<BR>[Calls]<UL><LI><a href="#[bb]">&gt;&gt;</a>&nbsp;&nbsp;&nbsp;thrustersOff
<LI><a href="#[91]">&gt;&gt;</a>&nbsp;&nbsp;&nbsp;shipThrusters
</UL>
<BR>[Address Reference Count : 1]<UL><LI> tasks.o(.text)
</UL>
<P><STRONG><a name="[bc]"></a>bomb</STRONG> (Thumb, 66 bytes, Stack size 0 bytes, tasks.o(.text))
<BR><BR>[Stack]<UL><LI>Max Depth = 120<LI>Call Chain = bomb &rArr; launchBomb &rArr; __aeabi_dmul &rArr; _double_epilogue &rArr; _double_round
</UL>
<BR>[Calls]<UL><LI><a href="#[9a]">&gt;&gt;</a>&nbsp;&nbsp;&nbsp;launchBomb
<LI><a href="#[8a]">&gt;&gt;</a>&nbsp;&nbsp;&nbsp;INT0_Get
</UL>
<BR>[Address Reference Count : 1]<UL><LI> tasks.o(.text)
</UL>
<P><STRONG><a name="[bd]"></a>lcd</STRONG> (Thumb, 48 bytes, Stack size 0 bytes, tasks.o(.text))
<BR><BR>[Stack]<UL><LI>Max Depth = 692<LI>Call Chain = lcd &rArr; renderShip &rArr; drawShip &rArr; sin &rArr; __ieee754_rem_pio2 &rArr; __aeabi_dsub &rArr; __aeabi_dadd &rArr; _double_epilogue &rArr; _double_round
</UL>
<BR>[Calls]<UL><LI><a href="#[88]">&gt;&gt;</a>&nbsp;&nbsp;&nbsp;renderShip
<LI><a href="#[7e]">&gt;&gt;</a>&nbsp;&nbsp;&nbsp;renderBullets
<LI><a href="#[77]">&gt;&gt;</a>&nbsp;&nbsp;&nbsp;renderAsteroids
<LI><a href="#[73]">&gt;&gt;</a>&nbsp;&nbsp;&nbsp;renderHUD
</UL>
<BR>[Address Reference Count : 1]<UL><LI> tasks.o(.text)
</UL>
<P><STRONG><a name="[be]"></a>physics</STRONG> (Thumb, 48 bytes, Stack size 0 bytes, tasks.o(.text))
<BR><BR>[Stack]<UL><LI>Max Depth = 780<LI>Call Chain = physics &rArr; collisionPhysics &rArr; sin &rArr; __ieee754_rem_pio2 &rArr; __aeabi_dsub &rArr; __aeabi_dadd &rArr; _double_epilogue &rArr; _double_round
</UL>
<BR>[Calls]<UL><LI><a href="#[a5]">&gt;&gt;</a>&nbsp;&nbsp;&nbsp;shipPhysics
<LI><a href="#[a4]">&gt;&gt;</a>&nbsp;&nbsp;&nbsp;asteroidPhysics
<LI><a href="#[9f]">&gt;&gt;</a>&nbsp;&nbsp;&nbsp;collisionPhysics
<LI><a href="#[8c]">&gt;&gt;</a>&nbsp;&nbsp;&nbsp;bulletPhysics
</UL>
<BR>[Address Reference Count : 1]<UL><LI> tasks.o(.text)
</UL>
<P><STRONG><a name="[bf]"></a>stageMonitor</STRONG> (Thumb, 332 bytes, Stack size 0 bytes, tasks.o(.text))
<BR><BR>[Stack]<UL><LI>Max Depth = 668<LI>Call Chain = stageMonitor &rArr; resetEntities &rArr; initializeAsteroids &rArr; sin &rArr; __ieee754_rem_pio2 &rArr; __aeabi_dsub &rArr; __aeabi_dadd &rArr; _double_epilogue &rArr; _double_round
</UL>
<BR>[Calls]<UL><LI><a href="#[ac]">&gt;&gt;</a>&nbsp;&nbsp;&nbsp;resetEntities
<LI><a href="#[96]">&gt;&gt;</a>&nbsp;&nbsp;&nbsp;createAsteroids
<LI><a href="#[95]">&gt;&gt;</a>&nbsp;&nbsp;&nbsp;setAsteroidDifficulty
<LI><a href="#[5d]">&gt;&gt;</a>&nbsp;&nbsp;&nbsp;GLCD_Clear
</UL>
<BR>[Address Reference Count : 1]<UL><LI> tasks.o(.text)
</UL>
<P><STRONG><a name="[c1]"></a>init</STRONG> (Thumb, 232 bytes, Stack size 0 bytes, tasks.o(.text))
<BR>[Address Reference Count : 1]<UL><LI> tasks.o(.text)
</UL>
<P><STRONG><a name="[4d]"></a>initializeTasks</STRONG> (Thumb, 22 bytes, Stack size 8 bytes, tasks.o(.text))
<BR><BR>[Stack]<UL><LI>Max Depth = 8<LI>Call Chain = initializeTasks
</UL>
<BR>[Calls]<UL><LI><a href="#[c0]">&gt;&gt;</a>&nbsp;&nbsp;&nbsp;os_set_env
</UL>
<BR>[Called By]<UL><LI><a href="#[2d]">&gt;&gt;</a>&nbsp;&nbsp;&nbsp;main
</UL>

<P><STRONG><a name="[c2]"></a>sendchar</STRONG> (Thumb, 56 bytes, Stack size 8 bytes, retarget.o(.text))
<BR><BR>[Stack]<UL><LI>Max Depth = 24<LI>Call Chain = sendchar &rArr; UARTInit
</UL>
<BR>[Calls]<UL><LI><a href="#[c4]">&gt;&gt;</a>&nbsp;&nbsp;&nbsp;UARTSendChar
<LI><a href="#[c3]">&gt;&gt;</a>&nbsp;&nbsp;&nbsp;UARTInit
</UL>
<BR>[Called By]<UL><LI><a href="#[c8]">&gt;&gt;</a>&nbsp;&nbsp;&nbsp;_ttywrch
<LI><a href="#[c7]">&gt;&gt;</a>&nbsp;&nbsp;&nbsp;fgetc
<LI><a href="#[3f]">&gt;&gt;</a>&nbsp;&nbsp;&nbsp;fputc
</UL>

<P><STRONG><a name="[c5]"></a>getkey</STRONG> (Thumb, 32 bytes, Stack size 8 bytes, retarget.o(.text), UNUSED)
<BR><BR>[Calls]<UL><LI><a href="#[c6]">&gt;&gt;</a>&nbsp;&nbsp;&nbsp;UARTReceiveChar
<LI><a href="#[c3]">&gt;&gt;</a>&nbsp;&nbsp;&nbsp;UARTInit
</UL>
<BR>[Called By]<UL><LI><a href="#[c7]">&gt;&gt;</a>&nbsp;&nbsp;&nbsp;fgetc
</UL>

<P><STRONG><a name="[3f]"></a>fputc</STRONG> (Thumb, 2 bytes, Stack size 0 bytes, retarget.o(.text))
<BR><BR>[Stack]<UL><LI>Max Depth = 24<LI>Call Chain = fputc &rArr; sendchar &rArr; UARTInit
</UL>
<BR>[Calls]<UL><LI><a href="#[c2]">&gt;&gt;</a>&nbsp;&nbsp;&nbsp;sendchar
</UL>
<BR>[Address Reference Count : 1]<UL><LI> printf1.o(i.__0printf$1)
</UL>
<P><STRONG><a name="[c7]"></a>fgetc</STRONG> (Thumb, 16 bytes, Stack size 8 bytes, retarget.o(.text), UNUSED)
<BR><BR>[Calls]<UL><LI><a href="#[c5]">&gt;&gt;</a>&nbsp;&nbsp;&nbsp;getkey
<LI><a href="#[c2]">&gt;&gt;</a>&nbsp;&nbsp;&nbsp;sendchar
</UL>

<P><STRONG><a name="[10b]"></a>ferror</STRONG> (Thumb, 6 bytes, Stack size 0 bytes, retarget.o(.text), UNUSED)

<P><STRONG><a name="[c8]"></a>_ttywrch</STRONG> (Thumb, 2 bytes, Stack size 0 bytes, retarget.o(.text), UNUSED)
<BR><BR>[Calls]<UL><LI><a href="#[c2]">&gt;&gt;</a>&nbsp;&nbsp;&nbsp;sendchar
</UL>

<P><STRONG><a name="[c9]"></a>_sys_exit</STRONG> (Thumb, 2 bytes, Stack size 0 bytes, retarget.o(.text), UNUSED)
<BR><BR>[Calls]<UL><LI><a href="#[c9]">&gt;&gt;</a>&nbsp;&nbsp;&nbsp;_sys_exit
</UL>
<BR>[Called By]<UL><LI><a href="#[c9]">&gt;&gt;</a>&nbsp;&nbsp;&nbsp;_sys_exit
</UL>

<P><STRONG><a name="[10c]"></a>Free</STRONG> (Thumb, 6 bytes, Stack size 0 bytes, uart.o(.text), UNUSED)

<P><STRONG><a name="[cb]"></a>Lock</STRONG> (Thumb, 22 bytes, Stack size 0 bytes, uart.o(.text), UNUSED)
<BR><BR>[Called By]<UL><LI><a href="#[cc]">&gt;&gt;</a>&nbsp;&nbsp;&nbsp;LockSnd
<LI><a href="#[ca]">&gt;&gt;</a>&nbsp;&nbsp;&nbsp;LockRcv
</UL>

<P><STRONG><a name="[ca]"></a>LockRcv</STRONG> (Thumb, 20 bytes, Stack size 0 bytes, uart.o(.text), UNUSED)
<BR><BR>[Calls]<UL><LI><a href="#[cb]">&gt;&gt;</a>&nbsp;&nbsp;&nbsp;Lock
</UL>
<BR>[Called By]<UL><LI><a href="#[d2]">&gt;&gt;</a>&nbsp;&nbsp;&nbsp;UARTRecieve
</UL>

<P><STRONG><a name="[cc]"></a>LockSnd</STRONG> (Thumb, 22 bytes, Stack size 0 bytes, uart.o(.text), UNUSED)
<BR><BR>[Calls]<UL><LI><a href="#[cb]">&gt;&gt;</a>&nbsp;&nbsp;&nbsp;Lock
</UL>
<BR>[Called By]<UL><LI><a href="#[d1]">&gt;&gt;</a>&nbsp;&nbsp;&nbsp;UARTSend
</UL>

<P><STRONG><a name="[cf]"></a>FreeRcv</STRONG> (Thumb, 20 bytes, Stack size 0 bytes, uart.o(.text))
<BR><BR>[Called By]<UL><LI><a href="#[d2]">&gt;&gt;</a>&nbsp;&nbsp;&nbsp;UARTRecieve
<LI><a href="#[c3]">&gt;&gt;</a>&nbsp;&nbsp;&nbsp;UARTInit
</UL>

<P><STRONG><a name="[d0]"></a>FreeSnd</STRONG> (Thumb, 22 bytes, Stack size 0 bytes, uart.o(.text))
<BR><BR>[Called By]<UL><LI><a href="#[d1]">&gt;&gt;</a>&nbsp;&nbsp;&nbsp;UARTSend
<LI><a href="#[c3]">&gt;&gt;</a>&nbsp;&nbsp;&nbsp;UARTInit
</UL>

<P><STRONG><a name="[f]"></a>UART0_IRQHandler</STRONG> (Thumb, 68 bytes, Stack size 16 bytes, uart.o(.text))
<BR><BR>[Stack]<UL><LI>Max Depth = 16<LI>Call Chain = UART0_IRQHandler
</UL>
<BR>[Address Reference Count : 1]<UL><LI> startup_lpc17xx.o(RESET)
</UL>
<P><STRONG><a name="[10]"></a>UART1_IRQHandler</STRONG> (Thumb, 70 bytes, Stack size 16 bytes, uart.o(.text))
<BR><BR>[Stack]<UL><LI>Max Depth = 16<LI>Call Chain = UART1_IRQHandler
</UL>
<BR>[Address Reference Count : 1]<UL><LI> startup_lpc17xx.o(RESET)
</UL>
<P><STRONG><a name="[cd]"></a>getFrequency</STRONG> (Thumb, 38 bytes, Stack size 0 bytes, uart.o(.text))
<BR><BR>[Called By]<UL><LI><a href="#[c3]">&gt;&gt;</a>&nbsp;&nbsp;&nbsp;UARTInit
</UL>

<P><STRONG><a name="[c3]"></a>UARTInit</STRONG> (Thumb, 144 bytes, Stack size 16 bytes, uart.o(.text))
<BR><BR>[Stack]<UL><LI>Max Depth = 16<LI>Call Chain = UARTInit
</UL>
<BR>[Calls]<UL><LI><a href="#[cd]">&gt;&gt;</a>&nbsp;&nbsp;&nbsp;getFrequency
<LI><a href="#[d0]">&gt;&gt;</a>&nbsp;&nbsp;&nbsp;FreeSnd
<LI><a href="#[cf]">&gt;&gt;</a>&nbsp;&nbsp;&nbsp;FreeRcv
<LI><a href="#[ce]">&gt;&gt;</a>&nbsp;&nbsp;&nbsp;NVIC_EnableIRQ
</UL>
<BR>[Called By]<UL><LI><a href="#[c5]">&gt;&gt;</a>&nbsp;&nbsp;&nbsp;getkey
<LI><a href="#[c2]">&gt;&gt;</a>&nbsp;&nbsp;&nbsp;sendchar
</UL>

<P><STRONG><a name="[d1]"></a>UARTSend</STRONG> (Thumb, 84 bytes, Stack size 20 bytes, uart.o(.text), UNUSED)
<BR><BR>[Calls]<UL><LI><a href="#[d0]">&gt;&gt;</a>&nbsp;&nbsp;&nbsp;FreeSnd
<LI><a href="#[cc]">&gt;&gt;</a>&nbsp;&nbsp;&nbsp;LockSnd
</UL>

<P><STRONG><a name="[c4]"></a>UARTSendChar</STRONG> (Thumb, 18 bytes, Stack size 0 bytes, uart.o(.text))
<BR><BR>[Called By]<UL><LI><a href="#[c2]">&gt;&gt;</a>&nbsp;&nbsp;&nbsp;sendchar
</UL>

<P><STRONG><a name="[d2]"></a>UARTRecieve</STRONG> (Thumb, 132 bytes, Stack size 24 bytes, uart.o(.text), UNUSED)
<BR><BR>[Calls]<UL><LI><a href="#[cf]">&gt;&gt;</a>&nbsp;&nbsp;&nbsp;FreeRcv
<LI><a href="#[ca]">&gt;&gt;</a>&nbsp;&nbsp;&nbsp;LockRcv
</UL>

<P><STRONG><a name="[c6]"></a>UARTReceiveChar</STRONG> (Thumb, 18 bytes, Stack size 0 bytes, uart.o(.text), UNUSED)
<BR><BR>[Called By]<UL><LI><a href="#[c5]">&gt;&gt;</a>&nbsp;&nbsp;&nbsp;getkey
</UL>

<P><STRONG><a name="[97]"></a>rand</STRONG> (Thumb, 20 bytes, Stack size 0 bytes, rand.o(.text))
<BR><BR>[Called By]<UL><LI><a href="#[a7]">&gt;&gt;</a>&nbsp;&nbsp;&nbsp;initializeAsteroids
<LI><a href="#[96]">&gt;&gt;</a>&nbsp;&nbsp;&nbsp;createAsteroids
</UL>

<P><STRONG><a name="[10d]"></a>srand</STRONG> (Thumb, 6 bytes, Stack size 0 bytes, rand.o(.text), UNUSED)

<P><STRONG><a name="[8f]"></a>__aeabi_fadd</STRONG> (Thumb, 164 bytes, Stack size 16 bytes, fadd.o(.text))
<BR><BR>[Stack]<UL><LI>Max Depth = 20<LI>Call Chain = __aeabi_fadd &rArr; _float_epilogue
</UL>
<BR>[Calls]<UL><LI><a href="#[d4]">&gt;&gt;</a>&nbsp;&nbsp;&nbsp;_float_round
<LI><a href="#[d3]">&gt;&gt;</a>&nbsp;&nbsp;&nbsp;_float_epilogue
</UL>
<BR>[Called By]<UL><LI><a href="#[9d]">&gt;&gt;</a>&nbsp;&nbsp;&nbsp;__aeabi_fsub
<LI><a href="#[a2]">&gt;&gt;</a>&nbsp;&nbsp;&nbsp;__aeabi_frsub
<LI><a href="#[a7]">&gt;&gt;</a>&nbsp;&nbsp;&nbsp;initializeAsteroids
<LI><a href="#[a5]">&gt;&gt;</a>&nbsp;&nbsp;&nbsp;shipPhysics
<LI><a href="#[a4]">&gt;&gt;</a>&nbsp;&nbsp;&nbsp;asteroidPhysics
<LI><a href="#[9f]">&gt;&gt;</a>&nbsp;&nbsp;&nbsp;collisionPhysics
<LI><a href="#[9b]">&gt;&gt;</a>&nbsp;&nbsp;&nbsp;pnpoly
<LI><a href="#[96]">&gt;&gt;</a>&nbsp;&nbsp;&nbsp;createAsteroids
<LI><a href="#[8c]">&gt;&gt;</a>&nbsp;&nbsp;&nbsp;bulletPhysics
<LI><a href="#[38]">&gt;&gt;</a>&nbsp;&nbsp;&nbsp;GameOver
</UL>

<P><STRONG><a name="[9d]"></a>__aeabi_fsub</STRONG> (Thumb, 6 bytes, Stack size 0 bytes, fadd.o(.text))
<BR><BR>[Stack]<UL><LI>Max Depth = 20<LI>Call Chain = __aeabi_fsub &rArr; __aeabi_fadd &rArr; _float_epilogue
</UL>
<BR>[Calls]<UL><LI><a href="#[8f]">&gt;&gt;</a>&nbsp;&nbsp;&nbsp;__aeabi_fadd
</UL>
<BR>[Called By]<UL><LI><a href="#[a5]">&gt;&gt;</a>&nbsp;&nbsp;&nbsp;shipPhysics
<LI><a href="#[a4]">&gt;&gt;</a>&nbsp;&nbsp;&nbsp;asteroidPhysics
<LI><a href="#[9f]">&gt;&gt;</a>&nbsp;&nbsp;&nbsp;collisionPhysics
<LI><a href="#[9e]">&gt;&gt;</a>&nbsp;&nbsp;&nbsp;get_line_intersection
<LI><a href="#[9b]">&gt;&gt;</a>&nbsp;&nbsp;&nbsp;pnpoly
<LI><a href="#[8c]">&gt;&gt;</a>&nbsp;&nbsp;&nbsp;bulletPhysics
</UL>

<P><STRONG><a name="[a2]"></a>__aeabi_frsub</STRONG> (Thumb, 6 bytes, Stack size 0 bytes, fadd.o(.text))
<BR><BR>[Stack]<UL><LI>Max Depth = 20<LI>Call Chain = __aeabi_frsub &rArr; __aeabi_fadd &rArr; _float_epilogue
</UL>
<BR>[Calls]<UL><LI><a href="#[8f]">&gt;&gt;</a>&nbsp;&nbsp;&nbsp;__aeabi_fadd
</UL>
<BR>[Called By]<UL><LI><a href="#[a7]">&gt;&gt;</a>&nbsp;&nbsp;&nbsp;initializeAsteroids
<LI><a href="#[9f]">&gt;&gt;</a>&nbsp;&nbsp;&nbsp;collisionPhysics
</UL>

<P><STRONG><a name="[8e]"></a>__aeabi_fmul</STRONG> (Thumb, 108 bytes, Stack size 8 bytes, fmul.o(.text))
<BR><BR>[Stack]<UL><LI>Max Depth = 8<LI>Call Chain = __aeabi_fmul
</UL>
<BR>[Called By]<UL><LI><a href="#[a5]">&gt;&gt;</a>&nbsp;&nbsp;&nbsp;shipPhysics
<LI><a href="#[9f]">&gt;&gt;</a>&nbsp;&nbsp;&nbsp;collisionPhysics
<LI><a href="#[9e]">&gt;&gt;</a>&nbsp;&nbsp;&nbsp;get_line_intersection
<LI><a href="#[9b]">&gt;&gt;</a>&nbsp;&nbsp;&nbsp;pnpoly
<LI><a href="#[38]">&gt;&gt;</a>&nbsp;&nbsp;&nbsp;GameOver
</UL>

<P><STRONG><a name="[7a]"></a>__aeabi_fdiv</STRONG> (Thumb, 128 bytes, Stack size 8 bytes, fdiv.o(.text))
<BR><BR>[Stack]<UL><LI>Max Depth = 8<LI>Call Chain = __aeabi_fdiv
</UL>
<BR>[Calls]<UL><LI><a href="#[d4]">&gt;&gt;</a>&nbsp;&nbsp;&nbsp;_float_round
</UL>
<BR>[Called By]<UL><LI><a href="#[9f]">&gt;&gt;</a>&nbsp;&nbsp;&nbsp;collisionPhysics
<LI><a href="#[9e]">&gt;&gt;</a>&nbsp;&nbsp;&nbsp;get_line_intersection
<LI><a href="#[9b]">&gt;&gt;</a>&nbsp;&nbsp;&nbsp;pnpoly
<LI><a href="#[77]">&gt;&gt;</a>&nbsp;&nbsp;&nbsp;renderAsteroids
</UL>

<P><STRONG><a name="[a0]"></a>__ARM_scalbnf</STRONG> (Thumb, 24 bytes, Stack size 0 bytes, fscalb.o(.text))
<BR><BR>[Called By]<UL><LI><a href="#[a5]">&gt;&gt;</a>&nbsp;&nbsp;&nbsp;shipPhysics
<LI><a href="#[9f]">&gt;&gt;</a>&nbsp;&nbsp;&nbsp;collisionPhysics
</UL>

<P><STRONG><a name="[10e]"></a>scalbnf</STRONG> (Thumb, 0 bytes, Stack size 0 bytes, fscalb.o(.text), UNUSED)

<P><STRONG><a name="[84]"></a>__aeabi_dadd</STRONG> (Thumb, 322 bytes, Stack size 48 bytes, dadd.o(.text))
<BR><BR>[Stack]<UL><LI>Max Depth = 88<LI>Call Chain = __aeabi_dadd &rArr; _double_epilogue &rArr; _double_round
</UL>
<BR>[Calls]<UL><LI><a href="#[d5]">&gt;&gt;</a>&nbsp;&nbsp;&nbsp;__aeabi_lasr
<LI><a href="#[50]">&gt;&gt;</a>&nbsp;&nbsp;&nbsp;__aeabi_llsl
<LI><a href="#[d7]">&gt;&gt;</a>&nbsp;&nbsp;&nbsp;_double_round
<LI><a href="#[d6]">&gt;&gt;</a>&nbsp;&nbsp;&nbsp;_double_epilogue
</UL>
<BR>[Called By]<UL><LI><a href="#[a7]">&gt;&gt;</a>&nbsp;&nbsp;&nbsp;initializeAsteroids
<LI><a href="#[9f]">&gt;&gt;</a>&nbsp;&nbsp;&nbsp;collisionPhysics
<LI><a href="#[9a]">&gt;&gt;</a>&nbsp;&nbsp;&nbsp;launchBomb
<LI><a href="#[96]">&gt;&gt;</a>&nbsp;&nbsp;&nbsp;createAsteroids
<LI><a href="#[8b]">&gt;&gt;</a>&nbsp;&nbsp;&nbsp;createBullet
<LI><a href="#[87]">&gt;&gt;</a>&nbsp;&nbsp;&nbsp;__aeabi_dsub
<LI><a href="#[7f]">&gt;&gt;</a>&nbsp;&nbsp;&nbsp;drawShip
<LI><a href="#[e1]">&gt;&gt;</a>&nbsp;&nbsp;&nbsp;__kernel_poly
<LI><a href="#[e2]">&gt;&gt;</a>&nbsp;&nbsp;&nbsp;__kernel_sin
<LI><a href="#[df]">&gt;&gt;</a>&nbsp;&nbsp;&nbsp;__ieee754_rem_pio2
<LI><a href="#[d8]">&gt;&gt;</a>&nbsp;&nbsp;&nbsp;__aeabi_drsub
</UL>

<P><STRONG><a name="[87]"></a>__aeabi_dsub</STRONG> (Thumb, 6 bytes, Stack size 0 bytes, dadd.o(.text))
<BR><BR>[Stack]<UL><LI>Max Depth = 88<LI>Call Chain = __aeabi_dsub &rArr; __aeabi_dadd &rArr; _double_epilogue &rArr; _double_round
</UL>
<BR>[Calls]<UL><LI><a href="#[84]">&gt;&gt;</a>&nbsp;&nbsp;&nbsp;__aeabi_dadd
</UL>
<BR>[Called By]<UL><LI><a href="#[a5]">&gt;&gt;</a>&nbsp;&nbsp;&nbsp;shipPhysics
<LI><a href="#[9f]">&gt;&gt;</a>&nbsp;&nbsp;&nbsp;collisionPhysics
<LI><a href="#[8b]">&gt;&gt;</a>&nbsp;&nbsp;&nbsp;createBullet
<LI><a href="#[7f]">&gt;&gt;</a>&nbsp;&nbsp;&nbsp;drawShip
<LI><a href="#[e2]">&gt;&gt;</a>&nbsp;&nbsp;&nbsp;__kernel_sin
<LI><a href="#[df]">&gt;&gt;</a>&nbsp;&nbsp;&nbsp;__ieee754_rem_pio2
<LI><a href="#[e0]">&gt;&gt;</a>&nbsp;&nbsp;&nbsp;__kernel_cos
</UL>

<P><STRONG><a name="[d8]"></a>__aeabi_drsub</STRONG> (Thumb, 6 bytes, Stack size 0 bytes, dadd.o(.text))
<BR><BR>[Stack]<UL><LI>Max Depth = 88<LI>Call Chain = __aeabi_drsub &rArr; __aeabi_dadd &rArr; _double_epilogue &rArr; _double_round
</UL>
<BR>[Calls]<UL><LI><a href="#[84]">&gt;&gt;</a>&nbsp;&nbsp;&nbsp;__aeabi_dadd
</UL>
<BR>[Called By]<UL><LI><a href="#[e2]">&gt;&gt;</a>&nbsp;&nbsp;&nbsp;__kernel_sin
<LI><a href="#[df]">&gt;&gt;</a>&nbsp;&nbsp;&nbsp;__ieee754_rem_pio2
<LI><a href="#[e0]">&gt;&gt;</a>&nbsp;&nbsp;&nbsp;__kernel_cos
</UL>

<P><STRONG><a name="[81]"></a>__aeabi_dmul</STRONG> (Thumb, 228 bytes, Stack size 48 bytes, dmul.o(.text))
<BR><BR>[Stack]<UL><LI>Max Depth = 88<LI>Call Chain = __aeabi_dmul &rArr; _double_epilogue &rArr; _double_round
</UL>
<BR>[Calls]<UL><LI><a href="#[d6]">&gt;&gt;</a>&nbsp;&nbsp;&nbsp;_double_epilogue
</UL>
<BR>[Called By]<UL><LI><a href="#[a7]">&gt;&gt;</a>&nbsp;&nbsp;&nbsp;initializeAsteroids
<LI><a href="#[a5]">&gt;&gt;</a>&nbsp;&nbsp;&nbsp;shipPhysics
<LI><a href="#[9f]">&gt;&gt;</a>&nbsp;&nbsp;&nbsp;collisionPhysics
<LI><a href="#[9a]">&gt;&gt;</a>&nbsp;&nbsp;&nbsp;launchBomb
<LI><a href="#[96]">&gt;&gt;</a>&nbsp;&nbsp;&nbsp;createAsteroids
<LI><a href="#[93]">&gt;&gt;</a>&nbsp;&nbsp;&nbsp;shipBreaks
<LI><a href="#[91]">&gt;&gt;</a>&nbsp;&nbsp;&nbsp;shipThrusters
<LI><a href="#[8b]">&gt;&gt;</a>&nbsp;&nbsp;&nbsp;createBullet
<LI><a href="#[7f]">&gt;&gt;</a>&nbsp;&nbsp;&nbsp;drawShip
<LI><a href="#[e1]">&gt;&gt;</a>&nbsp;&nbsp;&nbsp;__kernel_poly
<LI><a href="#[e2]">&gt;&gt;</a>&nbsp;&nbsp;&nbsp;__kernel_sin
<LI><a href="#[df]">&gt;&gt;</a>&nbsp;&nbsp;&nbsp;__ieee754_rem_pio2
<LI><a href="#[e0]">&gt;&gt;</a>&nbsp;&nbsp;&nbsp;__kernel_cos
</UL>

<P><STRONG><a name="[82]"></a>__aeabi_ddiv</STRONG> (Thumb, 222 bytes, Stack size 32 bytes, ddiv.o(.text))
<BR><BR>[Stack]<UL><LI>Max Depth = 40<LI>Call Chain = __aeabi_ddiv &rArr; _double_round
</UL>
<BR>[Calls]<UL><LI><a href="#[d7]">&gt;&gt;</a>&nbsp;&nbsp;&nbsp;_double_round
</UL>
<BR>[Called By]<UL><LI><a href="#[a7]">&gt;&gt;</a>&nbsp;&nbsp;&nbsp;initializeAsteroids
<LI><a href="#[a5]">&gt;&gt;</a>&nbsp;&nbsp;&nbsp;shipPhysics
<LI><a href="#[9f]">&gt;&gt;</a>&nbsp;&nbsp;&nbsp;collisionPhysics
<LI><a href="#[96]">&gt;&gt;</a>&nbsp;&nbsp;&nbsp;createAsteroids
<LI><a href="#[91]">&gt;&gt;</a>&nbsp;&nbsp;&nbsp;shipThrusters
<LI><a href="#[8b]">&gt;&gt;</a>&nbsp;&nbsp;&nbsp;createBullet
<LI><a href="#[7f]">&gt;&gt;</a>&nbsp;&nbsp;&nbsp;drawShip
<LI><a href="#[86]">&gt;&gt;</a>&nbsp;&nbsp;&nbsp;sin
<LI><a href="#[83]">&gt;&gt;</a>&nbsp;&nbsp;&nbsp;cos
</UL>

<P><STRONG><a name="[99]"></a>__ARM_scalbn</STRONG> (Thumb, 46 bytes, Stack size 16 bytes, dscalb.o(.text))
<BR><BR>[Stack]<UL><LI>Max Depth = 16<LI>Call Chain = __ARM_scalbn
</UL>
<BR>[Called By]<UL><LI><a href="#[a7]">&gt;&gt;</a>&nbsp;&nbsp;&nbsp;initializeAsteroids
<LI><a href="#[9f]">&gt;&gt;</a>&nbsp;&nbsp;&nbsp;collisionPhysics
<LI><a href="#[96]">&gt;&gt;</a>&nbsp;&nbsp;&nbsp;createAsteroids
<LI><a href="#[86]">&gt;&gt;</a>&nbsp;&nbsp;&nbsp;sin
<LI><a href="#[83]">&gt;&gt;</a>&nbsp;&nbsp;&nbsp;cos
<LI><a href="#[e4]">&gt;&gt;</a>&nbsp;&nbsp;&nbsp;__mathlib_dbl_underflow
<LI><a href="#[e2]">&gt;&gt;</a>&nbsp;&nbsp;&nbsp;__kernel_sin
<LI><a href="#[df]">&gt;&gt;</a>&nbsp;&nbsp;&nbsp;__ieee754_rem_pio2
<LI><a href="#[e0]">&gt;&gt;</a>&nbsp;&nbsp;&nbsp;__kernel_cos
</UL>

<P><STRONG><a name="[10f]"></a>scalbn</STRONG> (Thumb, 0 bytes, Stack size 16 bytes, dscalb.o(.text), UNUSED)

<P><STRONG><a name="[79]"></a>__aeabi_i2f</STRONG> (Thumb, 18 bytes, Stack size 0 bytes, fflti.o(.text))
<BR><BR>[Stack]<UL><LI>Max Depth = 4<LI>Call Chain = __aeabi_i2f &rArr; _float_epilogue
</UL>
<BR>[Calls]<UL><LI><a href="#[d3]">&gt;&gt;</a>&nbsp;&nbsp;&nbsp;_float_epilogue
</UL>
<BR>[Called By]<UL><LI><a href="#[a5]">&gt;&gt;</a>&nbsp;&nbsp;&nbsp;shipPhysics
<LI><a href="#[9f]">&gt;&gt;</a>&nbsp;&nbsp;&nbsp;collisionPhysics
<LI><a href="#[9e]">&gt;&gt;</a>&nbsp;&nbsp;&nbsp;get_line_intersection
<LI><a href="#[77]">&gt;&gt;</a>&nbsp;&nbsp;&nbsp;renderAsteroids
</UL>

<P><STRONG><a name="[78]"></a>__aeabi_ui2f</STRONG> (Thumb, 10 bytes, Stack size 0 bytes, ffltui.o(.text))
[...]
<LI><a href="#[f4]">&gt;&gt;</a>&nbsp;&nbsp;&nbsp;rt_mbx_psh
<LI><a href="#[f0]">&gt;&gt;</a>&nbsp;&nbsp;&nbsp;rt_evt_psh
</UL>
<BR>[Called By]<UL><LI><a href="#[8]">&gt;&gt;</a>&nbsp;&nbsp;&nbsp;PendSV_Handler
</UL>

<P><STRONG><a name="[e8]"></a>rt_put_dly</STRONG> (Thumb, 68 bytes, Stack size 8 bytes, rt_list.o(i.rt_put_dly))
<BR><BR>[Stack]<UL><LI>Max Depth = 8<LI>Call Chain = rt_put_dly
</UL>
<BR>[Called By]<UL><LI><a href="#[e7]">&gt;&gt;</a>&nbsp;&nbsp;&nbsp;rt_block
</UL>

<P><STRONG><a name="[ec]"></a>rt_put_prio</STRONG> (Thumb, 54 bytes, Stack size 12 bytes, rt_list.o(i.rt_put_prio))
<BR><BR>[Stack]<UL><LI>Max Depth = 12<LI>Call Chain = rt_put_prio
</UL>
<BR>[Called By]<UL><LI><a href="#[f6]">&gt;&gt;</a>&nbsp;&nbsp;&nbsp;rt_sem_psh
<LI><a href="#[f5]">&gt;&gt;</a>&nbsp;&nbsp;&nbsp;rt_resort_prio
<LI><a href="#[ee]">&gt;&gt;</a>&nbsp;&nbsp;&nbsp;rt_dispatch
<LI><a href="#[37]">&gt;&gt;</a>&nbsp;&nbsp;&nbsp;rt_tsk_pass
<LI><a href="#[36]">&gt;&gt;</a>&nbsp;&nbsp;&nbsp;rt_sem_wait
<LI><a href="#[32]">&gt;&gt;</a>&nbsp;&nbsp;&nbsp;rt_mut_wait
<LI><a href="#[33]">&gt;&gt;</a>&nbsp;&nbsp;&nbsp;rt_mut_release
<LI><a href="#[f4]">&gt;&gt;</a>&nbsp;&nbsp;&nbsp;rt_mbx_psh
<LI><a href="#[f0]">&gt;&gt;</a>&nbsp;&nbsp;&nbsp;rt_evt_psh
<LI><a href="#[ed]">&gt;&gt;</a>&nbsp;&nbsp;&nbsp;rt_dec_dly
<LI><a href="#[eb]">&gt;&gt;</a>&nbsp;&nbsp;&nbsp;rt_chk_robin
</UL>

<P><STRONG><a name="[ef]"></a>rt_put_rdy_first</STRONG> (Thumb, 14 bytes, Stack size 0 bytes, rt_list.o(i.rt_put_rdy_first))
<BR><BR>[Called By]<UL><LI><a href="#[ee]">&gt;&gt;</a>&nbsp;&nbsp;&nbsp;rt_dispatch
<LI><a href="#[46]">&gt;&gt;</a>&nbsp;&nbsp;&nbsp;rt_systick
<LI><a href="#[45]">&gt;&gt;</a>&nbsp;&nbsp;&nbsp;rt_pop_req
</UL>

<P><STRONG><a name="[f5]"></a>rt_resort_prio</STRONG> (Thumb, 46 bytes, Stack size 8 bytes, rt_list.o(i.rt_resort_prio))
<BR><BR>[Stack]<UL><LI>Max Depth = 20<LI>Call Chain = rt_resort_prio &rArr; rt_put_prio
</UL>
<BR>[Calls]<UL><LI><a href="#[f7]">&gt;&gt;</a>&nbsp;&nbsp;&nbsp;rt_rmv_list
<LI><a href="#[ec]">&gt;&gt;</a>&nbsp;&nbsp;&nbsp;rt_put_prio
</UL>
<BR>[Called By]<UL><LI><a href="#[32]">&gt;&gt;</a>&nbsp;&nbsp;&nbsp;rt_mut_wait
</UL>

<P><STRONG><a name="[f1]"></a>rt_rmv_dly</STRONG> (Thumb, 40 bytes, Stack size 8 bytes, rt_list.o(i.rt_rmv_dly))
<BR><BR>[Stack]<UL><LI>Max Depth = 8<LI>Call Chain = rt_rmv_dly
</UL>
<BR>[Called By]<UL><LI><a href="#[f6]">&gt;&gt;</a>&nbsp;&nbsp;&nbsp;rt_sem_psh
<LI><a href="#[3a]">&gt;&gt;</a>&nbsp;&nbsp;&nbsp;rt_sem_send
<LI><a href="#[35]">&gt;&gt;</a>&nbsp;&nbsp;&nbsp;rt_tsk_delete
<LI><a href="#[33]">&gt;&gt;</a>&nbsp;&nbsp;&nbsp;rt_mut_release
<LI><a href="#[f4]">&gt;&gt;</a>&nbsp;&nbsp;&nbsp;rt_mbx_psh
<LI><a href="#[f0]">&gt;&gt;</a>&nbsp;&nbsp;&nbsp;rt_evt_psh
</UL>

<P><STRONG><a name="[f7]"></a>rt_rmv_list</STRONG> (Thumb, 44 bytes, Stack size 0 bytes, rt_list.o(i.rt_rmv_list))
<BR><BR>[Called By]<UL><LI><a href="#[f5]">&gt;&gt;</a>&nbsp;&nbsp;&nbsp;rt_resort_prio
<LI><a href="#[35]">&gt;&gt;</a>&nbsp;&nbsp;&nbsp;rt_tsk_delete
</UL>

<P><STRONG><a name="[3c]"></a>rt_sem_init</STRONG> (Thumb, 12 bytes, Stack size 0 bytes, rt_semaphore.o(i.rt_sem_init))
<BR>[Address Reference Count : 1]<UL><LI> tasks.o(.text)
</UL>
<P><STRONG><a name="[f6]"></a>rt_sem_psh</STRONG> (Thumb, 46 bytes, Stack size 8 bytes, rt_semaphore.o(i.rt_sem_psh))
<BR><BR>[Stack]<UL><LI>Max Depth = 20<LI>Call Chain = rt_sem_psh &rArr; rt_put_prio
</UL>
<BR>[Calls]<UL><LI><a href="#[f1]">&gt;&gt;</a>&nbsp;&nbsp;&nbsp;rt_rmv_dly
<LI><a href="#[ec]">&gt;&gt;</a>&nbsp;&nbsp;&nbsp;rt_put_prio
<LI><a href="#[e9]">&gt;&gt;</a>&nbsp;&nbsp;&nbsp;rt_get_first
</UL>
<BR>[Called By]<UL><LI><a href="#[45]">&gt;&gt;</a>&nbsp;&nbsp;&nbsp;rt_pop_req
</UL>

<P><STRONG><a name="[3a]"></a>rt_sem_send</STRONG> (Thumb, 52 bytes, Stack size 8 bytes, rt_semaphore.o(i.rt_sem_send))
<BR><BR>[Stack]<UL><LI>Max Depth = 36<LI>Call Chain = rt_sem_send &rArr; rt_dispatch &rArr; rt_put_prio
</UL>
<BR>[Calls]<UL><LI><a href="#[f1]">&gt;&gt;</a>&nbsp;&nbsp;&nbsp;rt_rmv_dly
<LI><a href="#[e9]">&gt;&gt;</a>&nbsp;&nbsp;&nbsp;rt_get_first
<LI><a href="#[ee]">&gt;&gt;</a>&nbsp;&nbsp;&nbsp;rt_dispatch
</UL>
<BR>[Address Reference Count : 1]<UL><LI> tasks.o(.text)
</UL>
<P><STRONG><a name="[36]"></a>rt_sem_wait</STRONG> (Thumb, 56 bytes, Stack size 8 bytes, rt_semaphore.o(i.rt_sem_wait))
<BR><BR>[Stack]<UL><LI>Max Depth = 32<LI>Call Chain = rt_sem_wait &rArr; rt_block &rArr; rt_put_dly
</UL>
<BR>[Calls]<UL><LI><a href="#[ec]">&gt;&gt;</a>&nbsp;&nbsp;&nbsp;rt_put_prio
<LI><a href="#[e7]">&gt;&gt;</a>&nbsp;&nbsp;&nbsp;rt_block
</UL>
<BR>[Address Reference Count : 1]<UL><LI> entities.o(.text)
</UL>
<P><STRONG><a name="[44]"></a>rt_stk_check</STRONG> (Thumb, 28 bytes, Stack size 0 bytes, rt_system.o(i.rt_stk_check))
<BR><BR>[Stack]<UL><LI>Max Depth = 24<LI>Call Chain = rt_stk_check &rArr; os_error &rArr; __2printf
</UL>
<BR>[Calls]<UL><LI><a href="#[49]">&gt;&gt;</a>&nbsp;&nbsp;&nbsp;os_error
</UL>
<BR>[Called By]<UL><LI><a href="#[35]">&gt;&gt;</a>&nbsp;&nbsp;&nbsp;rt_tsk_delete
<LI><a href="#[8]">&gt;&gt;</a>&nbsp;&nbsp;&nbsp;PendSV_Handler
<LI><a href="#[6]">&gt;&gt;</a>&nbsp;&nbsp;&nbsp;SVC_Handler
</UL>

<P><STRONG><a name="[ea]"></a>rt_switch_req</STRONG> (Thumb, 30 bytes, Stack size 0 bytes, rt_task.o(i.rt_switch_req))
<BR><BR>[Calls]<UL><LI><a href="#[f8]">&gt;&gt;</a>&nbsp;&nbsp;&nbsp;dbg_task_switch
</UL>
<BR>[Called By]<UL><LI><a href="#[ee]">&gt;&gt;</a>&nbsp;&nbsp;&nbsp;rt_dispatch
<LI><a href="#[e7]">&gt;&gt;</a>&nbsp;&nbsp;&nbsp;rt_block
<LI><a href="#[37]">&gt;&gt;</a>&nbsp;&nbsp;&nbsp;rt_tsk_pass
<LI><a href="#[46]">&gt;&gt;</a>&nbsp;&nbsp;&nbsp;rt_systick
<LI><a href="#[45]">&gt;&gt;</a>&nbsp;&nbsp;&nbsp;rt_pop_req
</UL>

<P><STRONG><a name="[3e]"></a>rt_sys_init</STRONG> (Thumb, 266 bytes, Stack size 32 bytes, rt_task.o(i.rt_sys_init))
<BR><BR>[Stack]<UL><LI>Max Depth = 84<LI>Call Chain = rt_sys_init &rArr; rt_tsk_create &rArr; rt_dispatch &rArr; rt_put_prio
</UL>
<BR>[Calls]<UL><LI><a href="#[fb]">&gt;&gt;</a>&nbsp;&nbsp;&nbsp;rt_set_PSP
<LI><a href="#[fc]">&gt;&gt;</a>&nbsp;&nbsp;&nbsp;rt_init_robin
<LI><a href="#[fd]">&gt;&gt;</a>&nbsp;&nbsp;&nbsp;os_tick_init
<LI><a href="#[f9]">&gt;&gt;</a>&nbsp;&nbsp;&nbsp;dbg_init
<LI><a href="#[fa]">&gt;&gt;</a>&nbsp;&nbsp;&nbsp;_init_box
<LI><a href="#[f2]">&gt;&gt;</a>&nbsp;&nbsp;&nbsp;rt_init_context
<LI><a href="#[39]">&gt;&gt;</a>&nbsp;&nbsp;&nbsp;rt_tsk_create
</UL>
<BR>[Address Reference Count : 1]<UL><LI> tasks.o(.text)
</UL>
<P><STRONG><a name="[46]"></a>rt_systick</STRONG> (Thumb, 48 bytes, Stack size 8 bytes, rt_system.o(i.rt_systick))
<BR><BR>[Stack]<UL><LI>Max Depth = 36<LI>Call Chain = rt_systick &rArr; rt_dec_dly &rArr; rt_put_prio
</UL>
<BR>[Calls]<UL><LI><a href="#[ef]">&gt;&gt;</a>&nbsp;&nbsp;&nbsp;rt_put_rdy_first
<LI><a href="#[e9]">&gt;&gt;</a>&nbsp;&nbsp;&nbsp;rt_get_first
<LI><a href="#[ea]">&gt;&gt;</a>&nbsp;&nbsp;&nbsp;rt_switch_req
<LI><a href="#[fe]">&gt;&gt;</a>&nbsp;&nbsp;&nbsp;rt_tmr_tick
<LI><a href="#[ed]">&gt;&gt;</a>&nbsp;&nbsp;&nbsp;rt_dec_dly
<LI><a href="#[eb]">&gt;&gt;</a>&nbsp;&nbsp;&nbsp;rt_chk_robin
</UL>
<BR>[Called By]<UL><LI><a href="#[47]">&gt;&gt;</a>&nbsp;&nbsp;&nbsp;OS_Tick_Handler
<LI><a href="#[9]">&gt;&gt;</a>&nbsp;&nbsp;&nbsp;SysTick_Handler
</UL>

<P><STRONG><a name="[fe]"></a>rt_tmr_tick</STRONG> (Thumb, 56 bytes, Stack size 16 bytes, rt_timer.o(i.rt_tmr_tick))
<BR><BR>[Stack]<UL><LI>Max Depth = 16<LI>Call Chain = rt_tmr_tick
</UL>
<BR>[Calls]<UL><LI><a href="#[2f]">&gt;&gt;</a>&nbsp;&nbsp;&nbsp;rt_free_box
<LI><a href="#[ff]">&gt;&gt;</a>&nbsp;&nbsp;&nbsp;os_tmr_call
</UL>
<BR>[Called By]<UL><LI><a href="#[46]">&gt;&gt;</a>&nbsp;&nbsp;&nbsp;rt_systick
</UL>

<P><STRONG><a name="[39]"></a>rt_tsk_create</STRONG> (Thumb, 126 bytes, Stack size 24 bytes, rt_task.o(i.rt_tsk_create))
<BR><BR>[Stack]<UL><LI>Max Depth = 52<LI>Call Chain = rt_tsk_create &rArr; rt_dispatch &rArr; rt_put_prio
</UL>
<BR>[Calls]<UL><LI><a href="#[2e]">&gt;&gt;</a>&nbsp;&nbsp;&nbsp;rt_alloc_box
<LI><a href="#[100]">&gt;&gt;</a>&nbsp;&nbsp;&nbsp;dbg_task_notify
<LI><a href="#[ee]">&gt;&gt;</a>&nbsp;&nbsp;&nbsp;rt_dispatch
<LI><a href="#[f2]">&gt;&gt;</a>&nbsp;&nbsp;&nbsp;rt_init_context
</UL>
<BR>[Called By]<UL><LI><a href="#[3e]">&gt;&gt;</a>&nbsp;&nbsp;&nbsp;rt_sys_init
</UL>
<BR>[Address Reference Count : 1]<UL><LI> tasks.o(.text)
</UL>
<P><STRONG><a name="[35]"></a>rt_tsk_delete</STRONG> (Thumb, 162 bytes, Stack size 24 bytes, rt_task.o(i.rt_tsk_delete))
<BR><BR>[Stack]<UL><LI>Max Depth = 52<LI>Call Chain = rt_tsk_delete &rArr; rt_dispatch &rArr; rt_put_prio
</UL>
<BR>[Calls]<UL><LI><a href="#[44]">&gt;&gt;</a>&nbsp;&nbsp;&nbsp;rt_stk_check
<LI><a href="#[f7]">&gt;&gt;</a>&nbsp;&nbsp;&nbsp;rt_rmv_list
<LI><a href="#[f1]">&gt;&gt;</a>&nbsp;&nbsp;&nbsp;rt_rmv_dly
<LI><a href="#[101]">&gt;&gt;</a>&nbsp;&nbsp;&nbsp;rt_get_PSP
<LI><a href="#[2f]">&gt;&gt;</a>&nbsp;&nbsp;&nbsp;rt_free_box
<LI><a href="#[100]">&gt;&gt;</a>&nbsp;&nbsp;&nbsp;dbg_task_notify
<LI><a href="#[ee]">&gt;&gt;</a>&nbsp;&nbsp;&nbsp;rt_dispatch
</UL>
<BR>[Address Reference Count : 2]<UL><LI> graphics.o(.text)
<LI> tasks.o(.text)
</UL>
<P><STRONG><a name="[37]"></a>rt_tsk_pass</STRONG> (Thumb, 38 bytes, Stack size 16 bytes, rt_task.o(i.rt_tsk_pass))
<BR><BR>[Stack]<UL><LI>Max Depth = 28<LI>Call Chain = rt_tsk_pass &rArr; rt_put_prio
</UL>
<BR>[Calls]<UL><LI><a href="#[ec]">&gt;&gt;</a>&nbsp;&nbsp;&nbsp;rt_put_prio
<LI><a href="#[102]">&gt;&gt;</a>&nbsp;&nbsp;&nbsp;rt_get_same_rdy_prio
<LI><a href="#[ea]">&gt;&gt;</a>&nbsp;&nbsp;&nbsp;rt_switch_req
</UL>
<BR>[Address Reference Count : 1]<UL><LI> tasks.o(.text)
</UL>
<P><STRONG><a name="[86]"></a>sin</STRONG> (Thumb, 166 bytes, Stack size 52 bytes, sin.o(i.sin))
<BR><BR>[Stack]<UL><LI>Max Depth = 604<LI>Call Chain = sin &rArr; __ieee754_rem_pio2 &rArr; __aeabi_dsub &rArr; __aeabi_dadd &rArr; _double_epilogue &rArr; _double_round
</UL>
<BR>[Calls]<UL><LI><a href="#[99]">&gt;&gt;</a>&nbsp;&nbsp;&nbsp;__ARM_scalbn
<LI><a href="#[82]">&gt;&gt;</a>&nbsp;&nbsp;&nbsp;__aeabi_ddiv
<LI><a href="#[e6]">&gt;&gt;</a>&nbsp;&nbsp;&nbsp;__set_errno
<LI><a href="#[e2]">&gt;&gt;</a>&nbsp;&nbsp;&nbsp;__kernel_sin
<LI><a href="#[df]">&gt;&gt;</a>&nbsp;&nbsp;&nbsp;__ieee754_rem_pio2
<LI><a href="#[e0]">&gt;&gt;</a>&nbsp;&nbsp;&nbsp;__kernel_cos
</UL>
<BR>[Called By]<UL><LI><a href="#[a7]">&gt;&gt;</a>&nbsp;&nbsp;&nbsp;initializeAsteroids
<LI><a href="#[9f]">&gt;&gt;</a>&nbsp;&nbsp;&nbsp;collisionPhysics
<LI><a href="#[96]">&gt;&gt;</a>&nbsp;&nbsp;&nbsp;createAsteroids
<LI><a href="#[91]">&gt;&gt;</a>&nbsp;&nbsp;&nbsp;shipThrusters
<LI><a href="#[8b]">&gt;&gt;</a>&nbsp;&nbsp;&nbsp;createBullet
<LI><a href="#[7f]">&gt;&gt;</a>&nbsp;&nbsp;&nbsp;drawShip
</UL>

<P><STRONG><a name="[a3]"></a>sqrt</STRONG> (Thumb, 78 bytes, Stack size 24 bytes, sqrt.o(i.sqrt))
<BR><BR>[Stack]<UL><LI>Max Depth = 64<LI>Call Chain = sqrt &rArr; _dsqrt &rArr; _double_round
</UL>
<BR>[Calls]<UL><LI><a href="#[d9]">&gt;&gt;</a>&nbsp;&nbsp;&nbsp;_dsqrt
<LI><a href="#[e6]">&gt;&gt;</a>&nbsp;&nbsp;&nbsp;__set_errno
</UL>
<BR>[Called By]<UL><LI><a href="#[9f]">&gt;&gt;</a>&nbsp;&nbsp;&nbsp;collisionPhysics
</UL>
<P>
<H3>
Local Symbols
</H3>
<P><STRONG><a name="[52]"></a>spi_tran_man</STRONG> (Thumb, 106 bytes, Stack size 40 bytes, glcd_spi_lpc1700.o(.text))
<BR><BR>[Stack]<UL><LI>Max Depth = 40<LI>Call Chain = spi_tran_man
</UL>
<BR>[Calls]<UL><LI><a href="#[53]">&gt;&gt;</a>&nbsp;&nbsp;&nbsp;delay
</UL>
<BR>[Called By]<UL><LI><a href="#[55]">&gt;&gt;</a>&nbsp;&nbsp;&nbsp;rd_id_man
</UL>

<P><STRONG><a name="[53]"></a>delay</STRONG> (Thumb, 8 bytes, Stack size 0 bytes, glcd_spi_lpc1700.o(.text))
<BR><BR>[Called By]<UL><LI><a href="#[54]">&gt;&gt;</a>&nbsp;&nbsp;&nbsp;GLCD_Init
<LI><a href="#[52]">&gt;&gt;</a>&nbsp;&nbsp;&nbsp;spi_tran_man
</UL>

<P><STRONG><a name="[57]"></a>spi_tran</STRONG> (Thumb, 16 bytes, Stack size 0 bytes, glcd_spi_lpc1700.o(.text))
<BR><BR>[Called By]<UL><LI><a href="#[54]">&gt;&gt;</a>&nbsp;&nbsp;&nbsp;GLCD_Init
<LI><a href="#[5f]">&gt;&gt;</a>&nbsp;&nbsp;&nbsp;wr_dat_only
<LI><a href="#[5e]">&gt;&gt;</a>&nbsp;&nbsp;&nbsp;wr_dat_start
<LI><a href="#[5c]">&gt;&gt;</a>&nbsp;&nbsp;&nbsp;wr_dat
<LI><a href="#[56]">&gt;&gt;</a>&nbsp;&nbsp;&nbsp;wr_cmd
</UL>

<P><STRONG><a name="[56]"></a>wr_cmd</STRONG> (Thumb, 32 bytes, Stack size 16 bytes, glcd_spi_lpc1700.o(.text))
<BR><BR>[Stack]<UL><LI>Max Depth = 16<LI>Call Chain = wr_cmd
</UL>
<BR>[Calls]<UL><LI><a href="#[57]">&gt;&gt;</a>&nbsp;&nbsp;&nbsp;spi_tran
</UL>
<BR>[Called By]<UL><LI><a href="#[67]">&gt;&gt;</a>&nbsp;&nbsp;&nbsp;GLCD_WrCmd
<LI><a href="#[65]">&gt;&gt;</a>&nbsp;&nbsp;&nbsp;GLCD_Bitmap
<LI><a href="#[64]">&gt;&gt;</a>&nbsp;&nbsp;&nbsp;GLCD_Bargraph
<LI><a href="#[60]">&gt;&gt;</a>&nbsp;&nbsp;&nbsp;GLCD_DrawChar
<LI><a href="#[5d]">&gt;&gt;</a>&nbsp;&nbsp;&nbsp;GLCD_Clear
<LI><a href="#[5b]">&gt;&gt;</a>&nbsp;&nbsp;&nbsp;GLCD_PutPixel
<LI><a href="#[54]">&gt;&gt;</a>&nbsp;&nbsp;&nbsp;GLCD_Init
<LI><a href="#[58]">&gt;&gt;</a>&nbsp;&nbsp;&nbsp;wr_reg
</UL>

<P><STRONG><a name="[5c]"></a>wr_dat</STRONG> (Thumb, 32 bytes, Stack size 16 bytes, glcd_spi_lpc1700.o(.text))
<BR><BR>[Stack]<UL><LI>Max Depth = 16<LI>Call Chain = wr_dat
</UL>
<BR>[Calls]<UL><LI><a href="#[57]">&gt;&gt;</a>&nbsp;&nbsp;&nbsp;spi_tran
</UL>
<BR>[Called By]<UL><LI><a href="#[69]">&gt;&gt;</a>&nbsp;&nbsp;&nbsp;GLCD_WrDat
<LI><a href="#[5b]">&gt;&gt;</a>&nbsp;&nbsp;&nbsp;GLCD_PutPixel
<LI><a href="#[58]">&gt;&gt;</a>&nbsp;&nbsp;&nbsp;wr_reg
</UL>

<P><STRONG><a name="[5e]"></a>wr_dat_start</STRONG> (Thumb, 30 bytes, Stack size 0 bytes, glcd_spi_lpc1700.o(.text))
<BR><BR>[Calls]<UL><LI><a href="#[57]">&gt;&gt;</a>&nbsp;&nbsp;&nbsp;spi_tran
</UL>
<BR>[Called By]<UL><LI><a href="#[65]">&gt;&gt;</a>&nbsp;&nbsp;&nbsp;GLCD_Bitmap
<LI><a href="#[64]">&gt;&gt;</a>&nbsp;&nbsp;&nbsp;GLCD_Bargraph
<LI><a href="#[60]">&gt;&gt;</a>&nbsp;&nbsp;&nbsp;GLCD_DrawChar
<LI><a href="#[5d]">&gt;&gt;</a>&nbsp;&nbsp;&nbsp;GLCD_Clear
</UL>

<P><STRONG><a name="[5f]"></a>wr_dat_only</STRONG> (Thumb, 18 bytes, Stack size 8 bytes, glcd_spi_lpc1700.o(.text))
<BR><BR>[Stack]<UL><LI>Max Depth = 8<LI>Call Chain = wr_dat_only
</UL>
<BR>[Calls]<UL><LI><a href="#[57]">&gt;&gt;</a>&nbsp;&nbsp;&nbsp;spi_tran
</UL>
<BR>[Called By]<UL><LI><a href="#[65]">&gt;&gt;</a>&nbsp;&nbsp;&nbsp;GLCD_Bitmap
<LI><a href="#[64]">&gt;&gt;</a>&nbsp;&nbsp;&nbsp;GLCD_Bargraph
<LI><a href="#[60]">&gt;&gt;</a>&nbsp;&nbsp;&nbsp;GLCD_DrawChar
<LI><a href="#[5d]">&gt;&gt;</a>&nbsp;&nbsp;&nbsp;GLCD_Clear
</UL>

<P><STRONG><a name="[58]"></a>wr_reg</STRONG> (Thumb, 16 bytes, Stack size 8 bytes, glcd_spi_lpc1700.o(.text))
<BR><BR>[Stack]<UL><LI>Max Depth = 24<LI>Call Chain = wr_reg &rArr; wr_dat
</UL>
<BR>[Calls]<UL><LI><a href="#[5c]">&gt;&gt;</a>&nbsp;&nbsp;&nbsp;wr_dat
<LI><a href="#[56]">&gt;&gt;</a>&nbsp;&nbsp;&nbsp;wr_cmd
</UL>
<BR>[Called By]<UL><LI><a href="#[68]">&gt;&gt;</a>&nbsp;&nbsp;&nbsp;GLCD_WrReg
<LI><a href="#[66]">&gt;&gt;</a>&nbsp;&nbsp;&nbsp;GLCD_ScrollVertical
<LI><a href="#[5b]">&gt;&gt;</a>&nbsp;&nbsp;&nbsp;GLCD_PutPixel
<LI><a href="#[59]">&gt;&gt;</a>&nbsp;&nbsp;&nbsp;GLCD_SetWindow
<LI><a href="#[54]">&gt;&gt;</a>&nbsp;&nbsp;&nbsp;GLCD_Init
</UL>

<P><STRONG><a name="[55]"></a>rd_id_man</STRONG> (Thumb, 104 bytes, Stack size 16 bytes, glcd_spi_lpc1700.o(.text))
<BR><BR>[Stack]<UL><LI>Max Depth = 56<LI>Call Chain = rd_id_man &rArr; spi_tran_man
</UL>
<BR>[Calls]<UL><LI><a href="#[52]">&gt;&gt;</a>&nbsp;&nbsp;&nbsp;spi_tran_man
</UL>
<BR>[Called By]<UL><LI><a href="#[54]">&gt;&gt;</a>&nbsp;&nbsp;&nbsp;GLCD_Init
</UL>

<P><STRONG><a name="[6c]"></a>wr_cmd</STRONG> (Thumb, 32 bytes, Stack size 16 bytes, graphics.o(.text))
<BR><BR>[Stack]<UL><LI>Max Depth = 16<LI>Call Chain = wr_cmd
</UL>
<BR>[Calls]<UL><LI><a href="#[90]">&gt;&gt;</a>&nbsp;&nbsp;&nbsp;spi_tran
</UL>
<BR>[Called By]<UL><LI><a href="#[7d]">&gt;&gt;</a>&nbsp;&nbsp;&nbsp;clearBullet
<LI><a href="#[7c]">&gt;&gt;</a>&nbsp;&nbsp;&nbsp;drawBullet
<LI><a href="#[6e]">&gt;&gt;</a>&nbsp;&nbsp;&nbsp;LCD_drawBlock
<LI><a href="#[6a]">&gt;&gt;</a>&nbsp;&nbsp;&nbsp;LCD_DrawLine
<LI><a href="#[6b]">&gt;&gt;</a>&nbsp;&nbsp;&nbsp;wr_reg
</UL>

<P><STRONG><a name="[70]"></a>wr_dat_only</STRONG> (Thumb, 20 bytes, Stack size 8 bytes, graphics.o(.text))
<BR><BR>[Stack]<UL><LI>Max Depth = 8<LI>Call Chain = wr_dat_only
</UL>
<BR>[Calls]<UL><LI><a href="#[90]">&gt;&gt;</a>&nbsp;&nbsp;&nbsp;spi_tran
</UL>
<BR>[Called By]<UL><LI><a href="#[7d]">&gt;&gt;</a>&nbsp;&nbsp;&nbsp;clearBullet
<LI><a href="#[7c]">&gt;&gt;</a>&nbsp;&nbsp;&nbsp;drawBullet
<LI><a href="#[6e]">&gt;&gt;</a>&nbsp;&nbsp;&nbsp;LCD_drawBlock
</UL>

<P><STRONG><a name="[6f]"></a>wr_dat_start</STRONG> (Thumb, 12 bytes, Stack size 0 bytes, graphics.o(.text))
<BR><BR>[Calls]<UL><LI><a href="#[90]">&gt;&gt;</a>&nbsp;&nbsp;&nbsp;spi_tran
</UL>
<BR>[Called By]<UL><LI><a href="#[7d]">&gt;&gt;</a>&nbsp;&nbsp;&nbsp;clearBullet
<LI><a href="#[7c]">&gt;&gt;</a>&nbsp;&nbsp;&nbsp;drawBullet
<LI><a href="#[6e]">&gt;&gt;</a>&nbsp;&nbsp;&nbsp;LCD_drawBlock
</UL>

<P><STRONG><a name="[6d]"></a>wr_dat</STRONG> (Thumb, 32 bytes, Stack size 16 bytes, graphics.o(.text))
<BR><BR>[Stack]<UL><LI>Max Depth = 16<LI>Call Chain = wr_dat
</UL>
<BR>[Calls]<UL><LI><a href="#[90]">&gt;&gt;</a>&nbsp;&nbsp;&nbsp;spi_tran
</UL>
<BR>[Called By]<UL><LI><a href="#[6a]">&gt;&gt;</a>&nbsp;&nbsp;&nbsp;LCD_DrawLine
<LI><a href="#[6b]">&gt;&gt;</a>&nbsp;&nbsp;&nbsp;wr_reg
</UL>

<P><STRONG><a name="[6b]"></a>wr_reg</STRONG> (Thumb, 16 bytes, Stack size 8 bytes, graphics.o(.text))
<BR><BR>[Stack]<UL><LI>Max Depth = 24<LI>Call Chain = wr_reg &rArr; wr_dat
</UL>
<BR>[Calls]<UL><LI><a href="#[6d]">&gt;&gt;</a>&nbsp;&nbsp;&nbsp;wr_dat
<LI><a href="#[6c]">&gt;&gt;</a>&nbsp;&nbsp;&nbsp;wr_cmd
</UL>
<BR>[Called By]<UL><LI><a href="#[6a]">&gt;&gt;</a>&nbsp;&nbsp;&nbsp;LCD_DrawLine
</UL>

<P><STRONG><a name="[90]"></a>spi_tran</STRONG> (Thumb, 16 bytes, Stack size 0 bytes, graphics.o(.text))
<BR><BR>[Called By]<UL><LI><a href="#[6d]">&gt;&gt;</a>&nbsp;&nbsp;&nbsp;wr_dat
<LI><a href="#[6f]">&gt;&gt;</a>&nbsp;&nbsp;&nbsp;wr_dat_start
<LI><a href="#[70]">&gt;&gt;</a>&nbsp;&nbsp;&nbsp;wr_dat_only
<LI><a href="#[6c]">&gt;&gt;</a>&nbsp;&nbsp;&nbsp;wr_cmd
</UL>

<P><STRONG><a name="[ce]"></a>NVIC_EnableIRQ</STRONG> (Thumb, 24 bytes, Stack size 0 bytes, uart.o(.text))
<BR><BR>[Called By]<UL><LI><a href="#[c3]">&gt;&gt;</a>&nbsp;&nbsp;&nbsp;UARTInit
</UL>

<P><STRONG><a name="[f2]"></a>rt_init_context</STRONG> (Thumb, 64 bytes, Stack size 16 bytes, rt_task.o(i.rt_init_context))
<BR><BR>[Stack]<UL><LI>Max Depth = 24<LI>Call Chain = rt_init_context &rArr; rt_init_stack
</UL>
<BR>[Calls]<UL><LI><a href="#[f3]">&gt;&gt;</a>&nbsp;&nbsp;&nbsp;rt_init_stack
<LI><a href="#[2e]">&gt;&gt;</a>&nbsp;&nbsp;&nbsp;rt_alloc_box
</UL>
<BR>[Called By]<UL><LI><a href="#[39]">&gt;&gt;</a>&nbsp;&nbsp;&nbsp;rt_tsk_create
<LI><a href="#[3e]">&gt;&gt;</a>&nbsp;&nbsp;&nbsp;rt_sys_init
</UL>

<P><STRONG><a name="[dd]"></a>_printf_core</STRONG> (Thumb, 334 bytes, Stack size 88 bytes, printf1.o(i._printf_core), UNUSED)
<BR><BR>[Calls]<UL><LI><a href="#[e5]">&gt;&gt;</a>&nbsp;&nbsp;&nbsp;__aeabi_uidivmod
</UL>
<BR>[Called By]<UL><LI><a href="#[de]">&gt;&gt;</a>&nbsp;&nbsp;&nbsp;__0sprintf$1
<LI><a href="#[dc]">&gt;&gt;</a>&nbsp;&nbsp;&nbsp;__0printf$1
</UL>

<P><STRONG><a name="[40]"></a>_sputc</STRONG> (Thumb, 10 bytes, Stack size 0 bytes, printf1.o(i._sputc))
<BR><BR>[Called By]<UL><LI><a href="#[de]">&gt;&gt;</a>&nbsp;&nbsp;&nbsp;__0sprintf$1
</UL>
<BR>[Address Reference Count : 1]<UL><LI> printf1.o(i.__0sprintf$1)
</UL><P>
<H3>
Undefined Global Symbols
</H3><HR></body></html>
