ARM Linker, 5.02 [Build 28] [MDK-ARM Lite]

==============================================================================

Section Cross References

    startup_lpc17xx.o(RESET) refers to startup_lpc17xx.o(STACK) for __initial_sp
    startup_lpc17xx.o(RESET) refers to startup_lpc17xx.o(.text) for Reset_Handler
    startup_lpc17xx.o(RESET) refers to hal_cm3.o(.emb_text) for SVC_Handler
    startup_lpc17xx.o(RESET) refers to uart.o(.text) for UART0_IRQHandler
    startup_lpc17xx.o(RESET) refers to controls.o(.text) for ADC_IRQHandler
    startup_lpc17xx.o(.text) refers to system_lpc17xx.o(.text) for SystemInit
    startup_lpc17xx.o(.text) refers to entry.o(.ARM.Collect$$$$00000000) for __main
    system_lpc17xx.o(.text) refers to uldiv.o(.text) for __aeabi_uldivmod
    system_lpc17xx.o(.text) refers to system_lpc17xx.o(.data) for .data
    rtx_conf_cm.o(.text) refers to printf1.o(i.__0printf$1) for __2printf
    glcd_spi_lpc1700.o(.text) refers to glcd_spi_lpc1700.o(.data) for .data
    glcd_spi_lpc1700.o(.text) refers to glcd_spi_lpc1700.o(.constdata) for .constdata
    main.o(.text) refers to printf1.o(i.__0printf$1) for __2printf
    main.o(.text) refers to entities.o(.text) for initializeEntities
    main.o(.text) refers to controls.o(.text) for initializeControls
    main.o(.text) refers to tasks.o(.text) for initializeTasks
    graphics.o(.text) refers to glcd_spi_lpc1700.o(.text) for GLCD_SetWindow
    graphics.o(.text) refers to printf1.o(i.__0sprintf$1) for __2sprintf
    graphics.o(.text) refers to ffltui.o(.text) for __aeabi_ui2f
    graphics.o(.text) refers to fflti.o(.text) for __aeabi_i2f
    graphics.o(.text) refers to fdiv.o(.text) for __aeabi_fdiv
    graphics.o(.text) refers to ffixui.o(.text) for __aeabi_f2uiz
    graphics.o(.text) refers to glcd_spi_lpc1700.o(.data) for _GLCD_Color
    graphics.o(.text) refers to entities.o(.bss) for HUD
    graphics.o(.text) refers to entities.o(.data) for asteroids
    graphics.o(.text) refers to rt_mutex.o(i.rt_mut_wait) for rt_mut_wait
    graphics.o(.text) refers to rt_mutex.o(i.rt_mut_release) for rt_mut_release
    graphics.o(.text) refers to entities.o(.data) for AsteroidColour
    graphics.o(.text) refers to dfltui.o(.text) for __aeabi_ui2d
    graphics.o(.text) refers to dmul.o(.text) for __aeabi_dmul
    graphics.o(.text) refers to ddiv.o(.text) for __aeabi_ddiv
    graphics.o(.text) refers to cos.o(i.cos) for cos
    graphics.o(.text) refers to dadd.o(.text) for __aeabi_dadd
    graphics.o(.text) refers to dfixui.o(.text) for __aeabi_d2uiz
    graphics.o(.text) refers to sin.o(i.sin) for sin
    graphics.o(.text) refers to ffixi.o(.text) for __aeabi_f2iz
    graphics.o(.text) refers to controls.o(.text) for INT0_Get
    graphics.o(.text) refers to entities.o(.text) for createBullet
    graphics.o(.text) refers to tasks.o(.bss) for mut_GLCD
    graphics.o(.text) refers to rt_time.o(i.rt_dly_wait) for rt_dly_wait
    graphics.o(.text) refers to fmul.o(.text) for __aeabi_fmul
    graphics.o(.text) refers to fadd.o(.text) for __aeabi_fadd
    graphics.o(.text) refers to rt_task.o(i.rt_tsk_delete) for rt_tsk_delete
    entities.o(.text) refers to dfltui.o(.text) for __aeabi_ui2d
    entities.o(.text) refers to dmul.o(.text) for __aeabi_dmul
    entities.o(.text) refers to ddiv.o(.text) for __aeabi_ddiv
    entities.o(.text) refers to cos.o(i.cos) for cos
    entities.o(.text) refers to sin.o(i.sin) for sin
    entities.o(.text) refers to d2f.o(.text) for __aeabi_d2f
    entities.o(.text) refers to f2d.o(.text) for __aeabi_f2d
    entities.o(.text) refers to ffltui.o(.text) for __aeabi_ui2f
    entities.o(.text) refers to rand.o(.text) for rand
    entities.o(.text) refers to dflti.o(.text) for __aeabi_i2d
    entities.o(.text) refers to dscalb.o(.text) for __ARM_scalbn
    entities.o(.text) refers to dadd.o(.text) for __aeabi_dadd
    entities.o(.text) refers to fadd.o(.text) for __aeabi_fadd
    entities.o(.text) refers to ffixui.o(.text) for __aeabi_f2uiz
    entities.o(.text) refers to entities.o(.bss) for .bss
    entities.o(.text) refers to rt_mutex.o(i.rt_mut_wait) for rt_mut_wait
    entities.o(.text) refers to entities.o(.data) for .data
    entities.o(.text) refers to rt_mutex.o(i.rt_mut_release) for rt_mut_release
    entities.o(.text) refers to graphics.o(.text) for bombEffect
    entities.o(.text) refers to dfixui.o(.text) for __aeabi_d2uiz
    entities.o(.text) refers to cfrcmple.o(.text) for __aeabi_cfrcmple
    entities.o(.text) refers to fmul.o(.text) for __aeabi_fmul
    entities.o(.text) refers to fdiv.o(.text) for __aeabi_fdiv
    entities.o(.text) refers to fflti.o(.text) for __aeabi_i2f
    entities.o(.text) refers to tasks.o(.bss) for mut_GLCD
    entities.o(.text) refers to fscalb.o(.text) for __ARM_scalbnf
    entities.o(.text) refers to cfcmple.o(.text) for __aeabi_cfcmple
    entities.o(.text) refers to tasks.o(.data) for sem_reset
[...]

    Removing system_lpc17xx.o(.rev16_text), (4 bytes).
    Removing system_lpc17xx.o(.revsh_text), (4 bytes).
    Removing glcd_spi_lpc1700.o(.rev16_text), (4 bytes).
    Removing glcd_spi_lpc1700.o(.revsh_text), (4 bytes).
    Removing main.o(.rev16_text), (4 bytes).
    Removing main.o(.revsh_text), (4 bytes).
    Removing graphics.o(.rev16_text), (4 bytes).
    Removing graphics.o(.revsh_text), (4 bytes).
    Removing entities.o(.rev16_text), (4 bytes).
    Removing entities.o(.revsh_text), (4 bytes).
    Removing controls.o(.rev16_text), (4 bytes).
    Removing controls.o(.revsh_text), (4 bytes).
    Removing controls.o(.data), (4 bytes).
    Removing tasks.o(.rev16_text), (4 bytes).
    Removing tasks.o(.revsh_text), (4 bytes).
    Removing retarget.o(.data), (4 bytes).
    Removing uart.o(.rev16_text), (4 bytes).
    Removing uart.o(.revsh_text), (4 bytes).
    Removing uart.o(.data), (4 bytes).
    Removing uart.o(.data), (4 bytes).
    Removing uart.o(.data), (4 bytes).
    Removing uart.o(.data), (4 bytes).
    Removing rt_task.o(i.rt_tsk_prio), (128 bytes).
    Removing rt_task.o(i.rt_tsk_self), (16 bytes).
    Removing rt_semaphore.o(i.isr_sem_send), (16 bytes).
    Removing rt_time.o(i.rt_itv_set), (24 bytes).
    Removing rt_time.o(i.rt_itv_wait), (44 bytes).
    Removing rt_time.o(i.rt_time_get), (12 bytes).
    Removing rt_system.o(.emb_text), (0 bytes).
    Removing rt_system.o(i.rt_psh_req), (32 bytes).
    Removing rt_system.o(i.rt_resume), (176 bytes).
    Removing rt_system.o(i.rt_suspend), (44 bytes).
    Removing rt_system.o(i.rt_tsk_lock), (80 bytes).
    Removing rt_system.o(i.rt_tsk_unlock), (80 bytes).
    Removing rt_list.o(i.rt_psq_enq), (88 bytes).
    Removing rt_membox.o(i._calloc_box), (30 bytes).
    Removing rt_event.o(i.isr_evt_set), (40 bytes).
    Removing rt_event.o(i.rt_evt_clr), (28 bytes).
    Removing rt_event.o(i.rt_evt_get), (12 bytes).
    Removing rt_event.o(i.rt_evt_set), (96 bytes).
    Removing rt_event.o(i.rt_evt_wait), (64 bytes).
    Removing rt_mailbox.o(i.isr_mbx_receive), (84 bytes).
    Removing rt_mailbox.o(i.isr_mbx_send), (14 bytes).
    Removing rt_mailbox.o(i.rt_mbx_check), (8 bytes).
    Removing rt_mailbox.o(i.rt_mbx_init), (26 bytes).
    Removing rt_mailbox.o(i.rt_mbx_send), (160 bytes).
    Removing rt_mailbox.o(i.rt_mbx_wait), (184 bytes).
    Removing rt_timer.o(i.rt_tmr_create), (80 bytes).
    Removing rt_timer.o(i.rt_tmr_kill), (52 bytes).
    Removing dfixul.o(.text), (48 bytes).
    Removing cdcmple.o(.text), (40 bytes).

51 unused section(s) (total 1794 bytes) removed from the image.

==============================================================================

Image Symbol Table

    Local Symbols

    Symbol Name                              Value     Ov Type        Size  Object(Section)

    RESET                                    0x00000000   Section      204  startup_lpc17xx.o(RESET)
    ../clib/microlib/division.c              0x00000000   Number         0  uidiv.o ABSOLUTE
    ../clib/microlib/division.c              0x00000000   Number         0  uldiv.o ABSOLUTE
    ../clib/microlib/errno.c                 0x00000000   Number         0  errno.o ABSOLUTE
    ../clib/microlib/init/entry.s            0x00000000   Number         0  entry8.o ABSOLUTE
    ../clib/microlib/init/entry.s            0x00000000   Number         0  entry2.o ABSOLUTE
    ../clib/microlib/init/entry.s            0x00000000   Number         0  entry5.o ABSOLUTE
    ../clib/microlib/init/entry.s            0x00000000   Number         0  entry7b.o ABSOLUTE
    ../clib/microlib/init/entry.s            0x00000000   Number         0  entry7a.o ABSOLUTE
    ../clib/microlib/init/entry.s            0x00000000   Number         0  entry.o ABSOLUTE
    ../clib/microlib/longlong.c              0x00000000   Number         0  llsshr.o ABSOLUTE
    ../clib/microlib/longlong.c              0x00000000   Number         0  llushr.o ABSOLUTE
    ../clib/microlib/longlong.c              0x00000000   Number         0  llshl.o ABSOLUTE
    ../clib/microlib/malloc/malloc.c         0x00000000   Number         0  mallocra.o ABSOLUTE
    ../clib/microlib/malloc/malloc.c         0x00000000   Number         0  malloca.o ABSOLUTE
    ../clib/microlib/malloc/malloc.c         0x00000000   Number         0  mallocr.o ABSOLUTE
    ../clib/microlib/malloc/malloc.c         0x00000000   Number         0  malloc.o ABSOLUTE
    ../clib/microlib/malloc/mvars.c          0x00000000   Number         0  mvars.o ABSOLUTE
    ../clib/microlib/printf/printf.c         0x00000000   Number         0  printf5.o ABSOLUTE
    ../clib/microlib/printf/printf.c         0x00000000   Number         0  printf3.o ABSOLUTE
    ../clib/microlib/printf/printf.c         0x00000000   Number         0  printf2.o ABSOLUTE
    ../clib/microlib/printf/printf.c         0x00000000   Number         0  printf1.o ABSOLUTE
    ../clib/microlib/printf/printf.c         0x00000000   Number         0  printf0.o ABSOLUTE
    ../clib/microlib/printf/printf.c         0x00000000   Number         0  printf4.o ABSOLUTE
    ../clib/microlib/printf/printf.c         0x00000000   Number         0  printf8.o ABSOLUTE
    ../clib/microlib/printf/printf.c         0x00000000   Number         0  printfa.o ABSOLUTE
    ../clib/microlib/printf/printf.c         0x00000000   Number         0  printf7.o ABSOLUTE
    ../clib/microlib/printf/printf.c         0x00000000   Number         0  printfb.o ABSOLUTE
    ../clib/microlib/printf/printf.c         0x00000000   Number         0  printf6.o ABSOLUTE
    ../clib/microlib/printf/stubs.s          0x00000000   Number         0  stubs.o ABSOLUTE
    ../clib/microlib/stdlib/rand.c           0x00000000   Number         0  rand.o ABSOLUTE
    ../clib/microlib/string/memcpy.c         0x00000000   Number         0  memcpyb.o ABSOLUTE
    ../clib/microlib/string/memcpy.c         0x00000000   Number         0  memcpya.o ABSOLUTE
    ../clib/microlib/stubs.s                 0x00000000   Number         0  iusefp.o ABSOLUTE
    ../fplib/microlib/d2f.c                  0x00000000   Number         0  d2f.o ABSOLUTE
    ../fplib/microlib/f2d.c                  0x00000000   Number         0  f2d.o ABSOLUTE
    ../fplib/microlib/fpadd.c                0x00000000   Number         0  dadd.o ABSOLUTE
    ../fplib/microlib/fpadd.c                0x00000000   Number         0  fadd.o ABSOLUTE
    ../fplib/microlib/fpdiv.c                0x00000000   Number         0  ddiv.o ABSOLUTE
    ../fplib/microlib/fpdiv.c                0x00000000   Number         0  fdiv.o ABSOLUTE
    ../fplib/microlib/fpepilogue.c           0x00000000   Number         0  depilogue.o ABSOLUTE
    ../fplib/microlib/fpepilogue.c           0x00000000   Number         0  fepilogue.o ABSOLUTE
    ../fplib/microlib/fpfix.c                0x00000000   Number         0  ffixi.o ABSOLUTE
    ../fplib/microlib/fpfix.c                0x00000000   Number         0  dfixul.o ABSOLUTE
    ../fplib/microlib/fpfix.c                0x00000000   Number         0  dfixui.o ABSOLUTE
    ../fplib/microlib/fpfix.c                0x00000000   Number         0  dfixi.o ABSOLUTE
    ../fplib/microlib/fpfix.c                0x00000000   Number         0  ffixui.o ABSOLUTE
    ../fplib/microlib/fpflt.c                0x00000000   Number         0  dflti.o ABSOLUTE
    ../fplib/microlib/fpflt.c                0x00000000   Number         0  ffltui.o ABSOLUTE
    ../fplib/microlib/fpflt.c                0x00000000   Number         0  fflti.o ABSOLUTE
    ../fplib/microlib/fpflt.c                0x00000000   Number         0  dfltui.o ABSOLUTE
    ../fplib/microlib/fpmul.c                0x00000000   Number         0  fmul.o ABSOLUTE
    ../fplib/microlib/fpmul.c                0x00000000   Number         0  dmul.o ABSOLUTE
    ../fplib/microlib/fpscalb.c              0x00000000   Number         0  fscalb.o ABSOLUTE
    ../fplib/microlib/fpscalb.c              0x00000000   Number         0  dscalb.o ABSOLUTE
    ../fplib/microlib/fpsqrt.c               0x00000000   Number         0  dsqrt.o ABSOLUTE
    ../mathlib/cos.c                         0x00000000   Number         0  cos_x.o ABSOLUTE
    ../mathlib/cos.c                         0x00000000   Number         0  cos.o ABSOLUTE
    ../mathlib/cos_i.c                       0x00000000   Number         0  cos_i.o ABSOLUTE
    ../mathlib/dunder.c                      0x00000000   Number         0  dunder.o ABSOLUTE
    ../mathlib/fpclassify.c                  0x00000000   Number         0  fpclassify.o ABSOLUTE
    ../mathlib/poly.c                        0x00000000   Number         0  poly.o ABSOLUTE
    ../mathlib/rred.c                        0x00000000   Number         0  rred.o ABSOLUTE
    ../mathlib/sin.c                         0x00000000   Number         0  sin.o ABSOLUTE
    ../mathlib/sin.c                         0x00000000   Number         0  sin_x.o ABSOLUTE
    ../mathlib/sin_i.c                       0x00000000   Number         0  sin_i.o ABSOLUTE
    ../mathlib/sin_i.c                       0x00000000   Number         0  sin_i_x.o ABSOLUTE
    ../mathlib/sqrt.c                        0x00000000   Number         0  sqrt_x.o ABSOLUTE
    ../mathlib/sqrt.c                        0x00000000   Number         0  sqrt.o ABSOLUTE
    Controls.c                               0x00000000   Number         0  controls.o ABSOLUTE
    Controls.c                               0x00000000   Number         0  controls.o ABSOLUTE
    Entities.c                               0x00000000   Number         0  entities.o ABSOLUTE
    Entities.c                               0x00000000   Number         0  entities.o ABSOLUTE
    GLCD_SPI_LPC1700.c                       0x00000000   Number         0  glcd_spi_lpc1700.o ABSOLUTE
    GLCD_SPI_LPC1700.c                       0x00000000   Number         0  glcd_spi_lpc1700.o ABSOLUTE
    Graphics.c                               0x00000000   Number         0  graphics.o ABSOLUTE
    Graphics.c                               0x00000000   Number         0  graphics.o ABSOLUTE
    Main.c                                   0x00000000   Number         0  main.o ABSOLUTE
    Main.c                                   0x00000000   Number         0  main.o ABSOLUTE
    RTX_Conf_CM.c                            0x00000000   Number         0  rtx_conf_cm.o ABSOLUTE
    Retarget.c                               0x00000000   Number         0  retarget.o ABSOLUTE
    SRC\CM\HAL_CM3.c                         0x00000000   Number         0  hal_cm3.o ABSOLUTE
    SRC\CM\SVC_Table.s                       0x00000000   Number         0  SVC_Table.o ABSOLUTE
    SRC\CM\rt_Event.c                        0x00000000   Number         0  rt_event.o ABSOLUTE
    SRC\CM\rt_List.c                         0x00000000   Number         0  rt_list.o ABSOLUTE
    SRC\CM\rt_Mailbox.c                      0x00000000   Number         0  rt_mailbox.o ABSOLUTE
    SRC\CM\rt_MemBox.c                       0x00000000   Number         0  rt_membox.o ABSOLUTE
    SRC\CM\rt_Mutex.c                        0x00000000   Number         0  rt_mutex.o ABSOLUTE
    SRC\CM\rt_Robin.c                        0x00000000   Number         0  rt_robin.o ABSOLUTE
    SRC\CM\rt_Semaphore.c                    0x00000000   Number         0  rt_semaphore.o ABSOLUTE
    SRC\CM\rt_System.c                       0x00000000   Number         0  rt_system.o ABSOLUTE
    SRC\CM\rt_Task.c                         0x00000000   Number         0  rt_task.o ABSOLUTE
    SRC\CM\rt_Time.c                         0x00000000   Number         0  rt_time.o ABSOLUTE
    SRC\CM\rt_Timer.c                        0x00000000   Number         0  rt_timer.o ABSOLUTE
    SRC\\CM\\HAL_CM3.c                       0x00000000   Number         0  hal_cm3.o ABSOLUTE
    SRC\\CM\\rt_System.c                     0x00000000   Number         0  rt_system.o ABSOLUTE
    Tasks.c                                  0x00000000   Number         0  tasks.o ABSOLUTE
    Tasks.c                                  0x00000000   Number         0  tasks.o ABSOLUTE
    cdcmple.s                                0x00000000   Number         0  cdcmple.o ABSOLUTE
    cdrcmple.s                               0x00000000   Number         0  cdrcmple.o ABSOLUTE
    cfcmple.s                                0x00000000   Number         0  cfcmple.o ABSOLUTE
    cfrcmple.s                               0x00000000   Number         0  cfrcmple.o ABSOLUTE
    dc.s                                     0x00000000   Number         0  dc.o ABSOLUTE
    handlers.s                               0x00000000   Number         0  handlers.o ABSOLUTE
    init.s                                   0x00000000   Number         0  init.o ABSOLUTE
    startup_LPC17xx.s                        0x00000000   Number         0  startup_lpc17xx.o ABSOLUTE
    system_LPC17xx.c                         0x00000000   Number         0  system_lpc17xx.o ABSOLUTE
    system_LPC17xx.c                         0x00000000   Number         0  system_lpc17xx.o ABSOLUTE
    uart.c                                   0x00000000   Number         0  uart.o ABSOLUTE
    uart.c                                   0x00000000   Number         0  uart.o ABSOLUTE
    .ARM.Collect$$$$00000000                 0x000000cc   Section        0  entry.o(.ARM.Collect$$$$00000000)
    .ARM.Collect$$$$00000001                 0x000000cc   Section        4  entry2.o(.ARM.Collect$$$$00000001)
    .ARM.Collect$$$$00000004                 0x000000d0   Section        4  entry5.o(.ARM.Collect$$$$00000004)
    .ARM.Collect$$$$00000008                 0x000000d4   Section        0  entry7b.o(.ARM.Collect$$$$00000008)
    .ARM.Collect$$$$00000009                 0x000000d4   Section        8  entry8.o(.ARM.Collect$$$$00000009)
    .ARM.Collect$$$$00002712                 0x000000dc   Section        4  entry2.o(.ARM.Collect$$$$00002712)
    __lit__00000000                          0x000000dc   Data           4  entry2.o(.ARM.Collect$$$$00002712)
    .emb_text                                0x000000e0   Section      340  hal_cm3.o(.emb_text)
    .text                                    0x00000234   Section       36  startup_lpc17xx.o(.text)
    .text                                    0x00000258   Section        0  rtx_conf_cm.o(.text)
    .text                                    0x00000270   Section        0  main.o(.text)
    .text                                    0x00000294   Section        0  uldiv.o(.text)
    .text                                    0x000002f6   Section        0  iusefp.o(.text)
    SVC_TABLE                                0x000002f8   Section        4  SVC_Table.o(SVC_TABLE)
    .ARM.__at_0x02FC                         0x000002fc   Section        4  startup_lpc17xx.o(.ARM.__at_0x02FC)
    .text                                    0x00000300   Section        0  system_lpc17xx.o(.text)
    .text                                    0x00000470   Section        0  glcd_spi_lpc1700.o(.text)
    spi_tran_man                             0x00000471   Thumb Code   106  glcd_spi_lpc1700.o(.text)
    delay                                    0x00000e23   Thumb Code     8  glcd_spi_lpc1700.o(.text)
    spi_tran                                 0x00000e2b   Thumb Code    16  glcd_spi_lpc1700.o(.text)
    wr_cmd                                   0x00000e3b   Thumb Code    32  glcd_spi_lpc1700.o(.text)
    wr_dat                                   0x00000e5b   Thumb Code    32  glcd_spi_lpc1700.o(.text)
    wr_dat_start                             0x00000e7b   Thumb Code    30  glcd_spi_lpc1700.o(.text)
    wr_dat_only                              0x00000e99   Thumb Code    18  glcd_spi_lpc1700.o(.text)
    wr_reg                                   0x00000eab   Thumb Code    16  glcd_spi_lpc1700.o(.text)
    rd_id_man                                0x00000ebb   Thumb Code   104  glcd_spi_lpc1700.o(.text)
    .text                                    0x00000f2c   Section        0  graphics.o(.text)
    wr_cmd                                   0x000019af   Thumb Code    32  graphics.o(.text)
    wr_dat_only                              0x000019cf   Thumb Code    20  graphics.o(.text)
    wr_dat_start                             0x000019e3   Thumb Code    12  graphics.o(.text)
    wr_dat                                   0x000019ef   Thumb Code    32  graphics.o(.text)
    wr_reg                                   0x00001a0f   Thumb Code    16  graphics.o(.text)
    spi_tran                                 0x00001a1f   Thumb Code    16  graphics.o(.text)
    .text                                    0x00001ab4   Section        0  entities.o(.text)
    .text                                    0x00002f98   Section        0  controls.o(.text)
    .text                                    0x00003114   Section        0  tasks.o(.text)
    .text                                    0x00003534   Section        0  retarget.o(.text)
    .text                                    0x000035ac   Section        0  uart.o(.text)
    NVIC_EnableIRQ                           0x00003859   Thumb Code    24  uart.o(.text)
    .text                                    0x0000388c   Section        0  rand.o(.text)
    .text                                    0x000038b0   Section        0  fadd.o(.text)
    .text                                    0x00003960   Section        0  fmul.o(.text)
    .text                                    0x000039cc   Section        0  fdiv.o(.text)
    .text                                    0x00003a4c   Section        0  fscalb.o(.text)
    .text                                    0x00003a64   Section        0  dadd.o(.text)
    .text                                    0x00003bb2   Section        0  dmul.o(.text)
    .text                                    0x00003c96   Section        0  ddiv.o(.text)
    .text                                    0x00003d74   Section        0  dscalb.o(.text)
    .text                                    0x00003da2   Section        0  fflti.o(.text)
    .text                                    0x00003db4   Section        0  ffltui.o(.text)
    .text                                    0x00003dbe   Section        0  dflti.o(.text)
    .text                                    0x00003de0   Section        0  dfltui.o(.text)
    .text                                    0x00003dfa   Section        0  ffixi.o(.text)
    .text                                    0x00003e2c   Section        0  ffixui.o(.text)
    .text                                    0x00003e54   Section        0  dfixui.o(.text)
    .text                                    0x00003e86   Section        0  f2d.o(.text)
    .text                                    0x00003eac   Section       40  cdrcmple.o(.text)
    .text                                    0x00003ed4   Section        0  d2f.o(.text)
    .text                                    0x00003f0c   Section       20  cfcmple.o(.text)
    .text                                    0x00003f20   Section       20  cfrcmple.o(.text)
    .text                                    0x00003f34   Section        0  uidiv.o(.text)
    .text                                    0x00003f60   Section        0  llshl.o(.text)
    .text                                    0x00003f7e   Section        0  llushr.o(.text)
    .text                                    0x00003f9e   Section        0  llsshr.o(.text)
    .text                                    0x00003fc2   Section        0  fepilogue.o(.text)
    .text                                    0x0000402e   Section        0  depilogue.o(.text)
    .text                                    0x000040ec   Section        0  dsqrt.o(.text)
    .text                                    0x00004190   Section       36  init.o(.text)
    .text                                    0x000041b4   Section        0  dfixi.o(.text)
    i.__0printf$1                            0x000041f4   Section        0  printf1.o(i.__0printf$1)
    i.__0sprintf$1                           0x00004214   Section        0  printf1.o(i.__0sprintf$1)
    i.__ARM_fpclassify                       0x0000423c   Section        0  fpclassify.o(i.__ARM_fpclassify)
    i.__ieee754_rem_pio2                     0x00004264   Section        0  rred.o(i.__ieee754_rem_pio2)
    i.__kernel_cos                           0x000045ec   Section        0  cos_i.o(i.__kernel_cos)
    i.__kernel_poly                          0x000046e8   Section        0  poly.o(i.__kernel_poly)
    i.__kernel_sin                           0x00004794   Section        0  sin_i.o(i.__kernel_sin)
    i.__mathlib_dbl_underflow                0x00004880   Section        0  dunder.o(i.__mathlib_dbl_underflow)
    i.__scatterload_copy                     0x00004890   Section       14  handlers.o(i.__scatterload_copy)
    i.__scatterload_null                     0x0000489e   Section        2  handlers.o(i.__scatterload_null)
    i.__scatterload_zeroinit                 0x000048a0   Section       14  handlers.o(i.__scatterload_zeroinit)
    i.__set_errno                            0x000048b0   Section        0  errno.o(i.__set_errno)
    i._init_box                              0x000048bc   Section        0  rt_membox.o(i._init_box)
    i._printf_core                           0x00004904   Section        0  printf1.o(i._printf_core)
    _printf_core                             0x00004905   Thumb Code   334  printf1.o(i._printf_core)
    i._sputc                                 0x00004a58   Section        0  printf1.o(i._sputc)
    _sputc                                   0x00004a59   Thumb Code    10  printf1.o(i._sputc)
    i.cos                                    0x00004a64   Section        0  cos.o(i.cos)
    i.dbg_init                               0x00004b10   Section        0  hal_cm3.o(i.dbg_init)
    i.dbg_task_notify                        0x00004b40   Section        0  hal_cm3.o(i.dbg_task_notify)
    i.dbg_task_switch                        0x00004b60   Section        0  hal_cm3.o(i.dbg_task_switch)
    i.malloc                                 0x00004b70   Section        0  malloc.o(i.malloc)
    i.os_tick_init                           0x00004bdc   Section        0  rt_system.o(i.os_tick_init)
    i.os_tick_irqack                         0x00004c04   Section        0  rt_system.o(i.os_tick_irqack)
    i.rt_alloc_box                           0x00004c06   Section        0  rt_membox.o(i.rt_alloc_box)
    i.rt_block                               0x00004c20   Section        0  rt_task.o(i.rt_block)
    i.rt_chk_robin                           0x00004c58   Section        0  rt_robin.o(i.rt_chk_robin)
    i.rt_dec_dly                             0x00004ca0   Section        0  rt_list.o(i.rt_dec_dly)
    i.rt_dispatch                            0x00004d14   Section        0  rt_task.o(i.rt_dispatch)
    i.rt_dly_wait                            0x00004d58   Section        0  rt_time.o(i.rt_dly_wait)
    i.rt_evt_psh                             0x00004d60   Section        0  rt_event.o(i.rt_evt_psh)
    i.rt_free_box                            0x00004dac   Section        0  rt_membox.o(i.rt_free_box)
    i.rt_get_first                           0x00004dcc   Section        0  rt_list.o(i.rt_get_first)
    i.rt_get_same_rdy_prio                   0x00004df4   Section        0  rt_list.o(i.rt_get_same_rdy_prio)
    i.rt_init_context                        0x00004e18   Section        0  rt_task.o(i.rt_init_context)
    rt_init_context                          0x00004e19   Thumb Code    64  rt_task.o(i.rt_init_context)
    i.rt_init_robin                          0x00004e5c   Section        0  rt_robin.o(i.rt_init_robin)
    i.rt_init_stack                          0x00004e74   Section        0  hal_cm3.o(i.rt_init_stack)
    i.rt_mbx_psh                             0x00004ec4   Section        0  rt_mailbox.o(i.rt_mbx_psh)
    i.rt_mut_init                            0x00004f84   Section        0  rt_mutex.o(i.rt_mut_init)
    i.rt_mut_release                         0x00004f94   Section        0  rt_mutex.o(i.rt_mut_release)
    i.rt_mut_wait                            0x00005040   Section        0  rt_mutex.o(i.rt_mut_wait)
    i.rt_pop_req                             0x000050a4   Section        0  rt_system.o(i.rt_pop_req)
    i.rt_put_dly                             0x0000511c   Section        0  rt_list.o(i.rt_put_dly)
    i.rt_put_prio                            0x00005164   Section        0  rt_list.o(i.rt_put_prio)
    i.rt_put_rdy_first                       0x0000519c   Section        0  rt_list.o(i.rt_put_rdy_first)
    i.rt_resort_prio                         0x000051b0   Section        0  rt_list.o(i.rt_resort_prio)
    i.rt_rmv_dly                             0x000051e4   Section        0  rt_list.o(i.rt_rmv_dly)
    i.rt_rmv_list                            0x0000520c   Section        0  rt_list.o(i.rt_rmv_list)
    i.rt_sem_init                            0x0000523c   Section        0  rt_semaphore.o(i.rt_sem_init)
    i.rt_sem_psh                             0x00005248   Section        0  rt_semaphore.o(i.rt_sem_psh)
    i.rt_sem_send                            0x0000527c   Section        0  rt_semaphore.o(i.rt_sem_send)
    i.rt_sem_wait                            0x000052b4   Section        0  rt_semaphore.o(i.rt_sem_wait)
    i.rt_stk_check                           0x000052f0   Section        0  rt_system.o(i.rt_stk_check)
    i.rt_switch_req                          0x00005314   Section        0  rt_task.o(i.rt_switch_req)
    i.rt_sys_init                            0x0000533c   Section        0  rt_task.o(i.rt_sys_init)
    i.rt_systick                             0x00005494   Section        0  rt_system.o(i.rt_systick)
    i.rt_tmr_tick                            0x000054d0   Section        0  rt_timer.o(i.rt_tmr_tick)
    i.rt_tsk_create                          0x00005510   Section        0  rt_task.o(i.rt_tsk_create)
    i.rt_tsk_delete                          0x000055a4   Section        0  rt_task.o(i.rt_tsk_delete)
    i.rt_tsk_pass                            0x00005660   Section        0  rt_task.o(i.rt_tsk_pass)
    i.sin                                    0x00005690   Section        0  sin.o(i.sin)
    i.sqrt                                   0x00005740   Section        0  sqrt.o(i.sqrt)
    .constdata                               0x0000578e   Section        2  rtx_conf_cm.o(.constdata)
    .constdata                               0x00005790   Section        4  rtx_conf_cm.o(.constdata)
    .constdata                               0x00005794   Section        4  rtx_conf_cm.o(.constdata)
    .constdata                               0x00005798   Section        4  rtx_conf_cm.o(.constdata)
    .constdata                               0x0000579c   Section        1  rtx_conf_cm.o(.constdata)
    .constdata                               0x000057a0   Section        8  rtx_conf_cm.o(.constdata)
    __tagsym$$used                           0x000057a0   Number         0  rtx_conf_cm.o(.constdata)
    __tagsym$$used                           0x000057a4   Number         0  rtx_conf_cm.o(.constdata)
    .constdata                               0x000057a8   Section        2  rtx_conf_cm.o(.constdata)
    .constdata                               0x000057ac   Section        4  rtx_conf_cm.o(.constdata)
    .constdata                               0x000057b0   Section        1  rtx_conf_cm.o(.constdata)
    .constdata                               0x000057b2   Section        2  rtx_conf_cm.o(.constdata)
    .constdata                               0x000057b4   Section     6320  glcd_spi_lpc1700.o(.constdata)
    .constdata                               0x00007064   Section       32  controls.o(.constdata)
    .constdata                               0x00007088   Section       48  cos_i.o(.constdata)
    C                                        0x00007088   Data          48  cos_i.o(.constdata)
    .constdata                               0x000070b8   Section      200  rred.o(.constdata)
    pio2s                                    0x000070b8   Data          48  rred.o(.constdata)
    twooverpi                                0x000070e8   Data         152  rred.o(.constdata)
    .constdata                               0x00007180   Section       40  sin_i.o(.constdata)
    S                                        0x00007180   Data          40  sin_i.o(.constdata)
    .data                                    0x10000000   Section        4  system_lpc17xx.o(.data)
    .data                                    0x10000004   Section        4  rtx_conf_cm.o(.data)
    .data                                    0x10000008   Section       12  glcd_spi_lpc1700.o(.data)
    Himax                                    0x10000008   Data           1  glcd_spi_lpc1700.o(.data)
    y                                        0x10000010   Data           4  glcd_spi_lpc1700.o(.data)
    .data                                    0x10000014   Section       10  entities.o(.data)
    .data                                    0x10000020   Section        8  entities.o(.data)
    .data                                    0x10000028   Section       12  controls.o(.data)
    .data                                    0x10000034   Section       44  tasks.o(.data)
    .data                                    0x10000060   Section        1  retarget.o(.data)
    .data                                    0x10000064   Section        4  retarget.o(.data)
    .data                                    0x10000068   Section       16  uart.o(.data)
    .data                                    0x10000078   Section        8  rt_task.o(.data)
    .data                                    0x10000080   Section        4  rt_time.o(.data)
    .data                                    0x10000084   Section        1  hal_cm3.o(.data)
    .data                                    0x10000088   Section        8  rt_system.o(.data)
    os_lock                                  0x10000088   Data           1  rt_system.o(.data)
    os_psh_flag                              0x10000089   Data           1  rt_system.o(.data)
    pend_flags                               0x1000008a   Data           1  rt_system.o(.data)
    .data                                    0x10000090   Section        8  rt_robin.o(.data)
    .data                                    0x10000098   Section        8  rt_timer.o(.data)
    .data                                    0x100000a0   Section        4  rand.o(.data)
    _rand_state                              0x100000a0   Data           4  rand.o(.data)
    .data                                    0x100000a4   Section        4  mvars.o(.data)
    .data                                    0x100000a8   Section        4  mvars.o(.data)
    .data                                    0x100000ac   Section        4  errno.o(.data)
    _errno                                   0x100000ac   Data           4  errno.o(.data)
    .bss                                     0x100000b0   Section      492  rtx_conf_cm.o(.bss)
    .bss                                     0x100002a0   Section     5560  rtx_conf_cm.o(.bss)
    .bss                                     0x10001858   Section      132  rtx_conf_cm.o(.bss)
    .bss                                     0x100018dc   Section       40  rtx_conf_cm.o(.bss)
    .bss                                     0x10001904   Section      112  entities.o(.bss)
    .bss                                     0x10001974   Section       24  tasks.o(.bss)
    .bss                                     0x1000198c   Section      128  uart.o(.bss)
    .bss                                     0x10001a0c   Section       48  rt_task.o(.bss)
    .bss                                     0x10001a3c   Section       48  rt_list.o(.bss)
    HEAP                                     0x10001a70   Section     4096  startup_lpc17xx.o(HEAP)
    STACK                                    0x10002a70   Section     4096  startup_lpc17xx.o(STACK)

    Global Symbols

    Symbol Name                              Value     Ov Type        Size  Object(Section)

    BuildAttributes$$THM_ISAv4$P$D$K$B$S$PE$A:L22UL41UL21$X:L11$S22US41US21$IEEE1$IW$USESV6$~STKCKD$USESV7$~SHL$OTIME$ROPI$IEEEX$EBA8$MICROLIB$REQ8$PRES8$EABIv2 0x00000000   Number         0  anon$$obj.o ABSOLUTE
    __ARM_use_no_argv                        0x00000000   Number         0  main.o ABSOLUTE
    __Vectors                                0x00000000   Data           4  startup_lpc17xx.o(RESET)
    _printf_a                                0x00000000   Number         0  stubs.o ABSOLUTE
    _printf_c                                0x00000000   Number         0  stubs.o ABSOLUTE
    _printf_charcount                        0x00000000   Number         0  stubs.o ABSOLUTE
    _printf_d                                0x00000000   Number         0  stubs.o ABSOLUTE
    _printf_e                                0x00000000   Number         0  stubs.o ABSOLUTE
    _printf_f                                0x00000000   Number         0  stubs.o ABSOLUTE
    _printf_flags                            0x00000000   Number         0  stubs.o ABSOLUTE
    _printf_fp_dec                           0x00000000   Number         0  stubs.o ABSOLUTE
    _printf_fp_hex                           0x00000000   Number         0  stubs.o ABSOLUTE
    _printf_g                                0x00000000   Number         0  stubs.o ABSOLUTE
    _printf_i                                0x00000000   Number         0  stubs.o ABSOLUTE
    _printf_int_dec                          0x00000000   Number         0  stubs.o ABSOLUTE
    _printf_l                                0x00000000   Number         0  stubs.o ABSOLUTE
    _printf_lc                               0x00000000   Number         0  stubs.o ABSOLUTE
    _printf_ll                               0x00000000   Number         0  stubs.o ABSOLUTE
    _printf_lld                              0x00000000   Number         0  stubs.o ABSOLUTE
    _printf_lli                              0x00000000   Number         0  stubs.o ABSOLUTE
    _printf_llo                              0x00000000   Number         0  stubs.o ABSOLUTE
    _printf_llu                              0x00000000   Number         0  stubs.o ABSOLUTE
    _printf_llx                              0x00000000   Number         0  stubs.o ABSOLUTE
    _printf_longlong_dec                     0x00000000   Number         0  stubs.o ABSOLUTE
    _printf_longlong_hex                     0x00000000   Number         0  stubs.o ABSOLUTE
    _printf_longlong_oct                     0x00000000   Number         0  stubs.o ABSOLUTE
    _printf_ls                               0x00000000   Number         0  stubs.o ABSOLUTE
    _printf_mbtowc                           0x00000000   Number         0  stubs.o ABSOLUTE
    _printf_n                                0x00000000   Number         0  stubs.o ABSOLUTE
    _printf_o                                0x00000000   Number         0  stubs.o ABSOLUTE
    _printf_p                                0x00000000   Number         0  stubs.o ABSOLUTE
    _printf_percent                          0x00000000   Number         0  stubs.o ABSOLUTE
    _printf_pre_padding                      0x00000000   Number         0  stubs.o ABSOLUTE
    _printf_return_value                     0x00000000   Number         0  stubs.o ABSOLUTE
    _printf_s                                0x00000000   Number         0  stubs.o ABSOLUTE
    _printf_sizespec                         0x00000000   Number         0  stubs.o ABSOLUTE
    _printf_str                              0x00000000   Number         0  stubs.o ABSOLUTE
    _printf_truncate_signed                  0x00000000   Number         0  stubs.o ABSOLUTE
    _printf_truncate_unsigned                0x00000000   Number         0  stubs.o ABSOLUTE
    _printf_u                                0x00000000   Number         0  stubs.o ABSOLUTE
    _printf_wc                               0x00000000   Number         0  stubs.o ABSOLUTE
    _printf_wctomb                           0x00000000   Number         0  stubs.o ABSOLUTE
    _printf_widthprec                        0x00000000   Number         0  stubs.o ABSOLUTE
    _printf_x                                0x00000000   Number         0  stubs.o ABSOLUTE
    __decompress                              - Undefined Weak Reference
    _clock_init                               - Undefined Weak Reference
    __main                                   0x000000cd   Thumb Code     0  entry.o(.ARM.Collect$$$$00000000)
    _main_stk                                0x000000cd   Thumb Code     0  entry2.o(.ARM.Collect$$$$00000001)
    _main_scatterload                        0x000000d1   Thumb Code     0  entry5.o(.ARM.Collect$$$$00000004)
    __main_after_scatterload                 0x000000d5   Thumb Code     0  entry5.o(.ARM.Collect$$$$00000004)
    _main_clock                              0x000000d5   Thumb Code     0  entry7b.o(.ARM.Collect$$$$00000008)
    _main_init                               0x000000d5   Thumb Code     0  entry8.o(.ARM.Collect$$$$00000009)
    rt_set_PSP                               0x000000e1   Thumb Code     6  hal_cm3.o(.emb_text)
    rt_get_PSP                               0x000000e7   Thumb Code     6  hal_cm3.o(.emb_text)
    os_set_env                               0x000000ed   Thumb Code    24  hal_cm3.o(.emb_text)
    _alloc_box                               0x00000109   Thumb Code    28  hal_cm3.o(.emb_text)
    _free_box                                0x00000129   Thumb Code    28  hal_cm3.o(.emb_text)
    SVC_Handler                              0x00000149   Thumb Code   124  hal_cm3.o(.emb_text)
    PendSV_Handler                           0x000001d1   Thumb Code    76  hal_cm3.o(.emb_text)
    SysTick_Handler                          0x00000221   Thumb Code     8  hal_cm3.o(.emb_text)
    OS_Tick_Handler                          0x00000229   Thumb Code    12  hal_cm3.o(.emb_text)
    Reset_Handler                            0x00000235   Thumb Code     8  startup_lpc17xx.o(.text)
    NMI_Handler                              0x0000023d   Thumb Code     2  startup_lpc17xx.o(.text)
    HardFault_Handler                        0x0000023f   Thumb Code     2  startup_lpc17xx.o(.text)
    MemManage_Handler                        0x00000241   Thumb Code     2  startup_lpc17xx.o(.text)
    BusFault_Handler                         0x00000243   Thumb Code     2  startup_lpc17xx.o(.text)
    UsageFault_Handler                       0x00000245   Thumb Code     2  startup_lpc17xx.o(.text)
    DebugMon_Handler                         0x00000249   Thumb Code     2  startup_lpc17xx.o(.text)
    BOD_IRQHandler                           0x0000024f   Thumb Code     0  startup_lpc17xx.o(.text)
    CANActivity_IRQHandler                   0x0000024f   Thumb Code     0  startup_lpc17xx.o(.text)
    CAN_IRQHandler                           0x0000024f   Thumb Code     0  startup_lpc17xx.o(.text)
    DMA_IRQHandler                           0x0000024f   Thumb Code     0  startup_lpc17xx.o(.text)
    EINT0_IRQHandler                         0x0000024f   Thumb Code     0  startup_lpc17xx.o(.text)
    EINT1_IRQHandler                         0x0000024f   Thumb Code     0  startup_lpc17xx.o(.text)
    EINT2_IRQHandler                         0x0000024f   Thumb Code     0  startup_lpc17xx.o(.text)
    EINT3_IRQHandler                         0x0000024f   Thumb Code     0  startup_lpc17xx.o(.text)
    ENET_IRQHandler                          0x0000024f   Thumb Code     0  startup_lpc17xx.o(.text)
    I2C0_IRQHandler                          0x0000024f   Thumb Code     0  startup_lpc17xx.o(.text)
    I2C1_IRQHandler                          0x0000024f   Thumb Code     0  startup_lpc17xx.o(.text)
    I2C2_IRQHandler                          0x0000024f   Thumb Code     0  startup_lpc17xx.o(.text)
    I2S_IRQHandler                           0x0000024f   Thumb Code     0  startup_lpc17xx.o(.text)
    MCPWM_IRQHandler                         0x0000024f   Thumb Code     0  startup_lpc17xx.o(.text)
    PLL0_IRQHandler                          0x0000024f   Thumb Code     0  startup_lpc17xx.o(.text)
    PLL1_IRQHandler                          0x0000024f   Thumb Code     0  startup_lpc17xx.o(.text)
    PWM1_IRQHandler                          0x0000024f   Thumb Code     0  startup_lpc17xx.o(.text)
    QEI_IRQHandler                           0x0000024f   Thumb Code     0  startup_lpc17xx.o(.text)
    RIT_IRQHandler                           0x0000024f   Thumb Code     0  startup_lpc17xx.o(.text)
    RTC_IRQHandler                           0x0000024f   Thumb Code     0  startup_lpc17xx.o(.text)
    SPI_IRQHandler                           0x0000024f   Thumb Code     0  startup_lpc17xx.o(.text)
    SSP0_IRQHandler                          0x0000024f   Thumb Code     0  startup_lpc17xx.o(.text)
    SSP1_IRQHandler                          0x0000024f   Thumb Code     0  startup_lpc17xx.o(.text)
    TIMER0_IRQHandler                        0x0000024f   Thumb Code     0  startup_lpc17xx.o(.text)
    TIMER1_IRQHandler                        0x0000024f   Thumb Code     0  startup_lpc17xx.o(.text)
    TIMER2_IRQHandler                        0x0000024f   Thumb Code     0  startup_lpc17xx.o(.text)
    TIMER3_IRQHandler                        0x0000024f   Thumb Code     0  startup_lpc17xx.o(.text)
    UART2_IRQHandler                         0x0000024f   Thumb Code     0  startup_lpc17xx.o(.text)
    UART3_IRQHandler                         0x0000024f   Thumb Code     0  startup_lpc17xx.o(.text)
    USBActivity_IRQHandler                   0x0000024f   Thumb Code     0  startup_lpc17xx.o(.text)
    USB_IRQHandler                           0x0000024f   Thumb Code     0  startup_lpc17xx.o(.text)
    WDT_IRQHandler                           0x0000024f   Thumb Code     0  startup_lpc17xx.o(.text)
    os_idle_demon                            0x00000259   Thumb Code     2  rtx_conf_cm.o(.text)
    os_tmr_call                              0x0000025b   Thumb Code     2  rtx_conf_cm.o(.text)
    os_error                                 0x0000025d   Thumb Code    10  rtx_conf_cm.o(.text)
    main                                     0x00000271   Thumb Code    24  main.o(.text)
    __aeabi_uldivmod                         0x00000295   Thumb Code    98  uldiv.o(.text)
    __I$use$fp                               0x000002f7   Thumb Code     0  iusefp.o(.text)
    SVC_Count                                0x000002f8   Data           4  SVC_Table.o(SVC_TABLE)
    SVC_Table                                0x000002fc   Data           0  SVC_Table.o(SVC_TABLE)
    SystemCoreClockUpdate                    0x00000301   Thumb Code   194  system_lpc17xx.o(.text)
    SystemInit                               0x000003c3   Thumb Code   142  system_lpc17xx.o(.text)
    __RL_RTX_VER                             0x00000460   Number         0  rt_system.o ABSOLUTE
    GLCD_Init                                0x000004db   Thumb Code  1472  glcd_spi_lpc1700.o(.text)
    GLCD_SetWindow                           0x00000a9b   Thumb Code   148  glcd_spi_lpc1700.o(.text)
    GLCD_WindowMax                           0x00000b2f   Thumb Code    12  glcd_spi_lpc1700.o(.text)
    GLCD_PutPixel                            0x00000b3b   Thumb Code   118  glcd_spi_lpc1700.o(.text)
    GLCD_SetTextColor                        0x00000bb1   Thumb Code     8  glcd_spi_lpc1700.o(.text)
    GLCD_SetBackColor                        0x00000bb9   Thumb Code     8  glcd_spi_lpc1700.o(.text)
    GLCD_Clear                               0x00000bc1   Thumb Code    44  glcd_spi_lpc1700.o(.text)
    GLCD_DrawChar                            0x00000bed   Thumb Code   138  glcd_spi_lpc1700.o(.text)
    GLCD_DisplayChar                         0x00000c77   Thumb Code    66  glcd_spi_lpc1700.o(.text)
    GLCD_DisplayString                       0x00000cb9   Thumb Code    36  glcd_spi_lpc1700.o(.text)
    GLCD_ClearLn                             0x00000cdd   Thumb Code    72  glcd_spi_lpc1700.o(.text)
    GLCD_Bargraph                            0x00000d25   Thumb Code    84  glcd_spi_lpc1700.o(.text)
    GLCD_Bitmap                              0x00000d79   Thumb Code    64  glcd_spi_lpc1700.o(.text)
    GLCD_ScrollVertical                      0x00000db9   Thumb Code    78  glcd_spi_lpc1700.o(.text)
    GLCD_WrCmd                               0x00000e07   Thumb Code     4  glcd_spi_lpc1700.o(.text)
    GLCD_WrReg                               0x00000e0b   Thumb Code     4  glcd_spi_lpc1700.o(.text)
    GLCD_WrDat                               0x00000e0f   Thumb Code     4  glcd_spi_lpc1700.o(.text)
    LCD_Init                                 0x00000e13   Thumb Code    16  glcd_spi_lpc1700.o(.text)
    LCD_DrawLine                             0x00000f2d   Thumb Code   196  graphics.o(.text)
    LCD_drawBlock                            0x00000ff1   Thumb Code    66  graphics.o(.text)
    setupHUD                                 0x00001033   Thumb Code    12  graphics.o(.text)
    drawInHUD                                0x0000103f   Thumb Code    12  graphics.o(.text)
    renderHUD                                0x0000104b   Thumb Code   166  graphics.o(.text)
    drawAsteroid                             0x000010f1   Thumb Code    98  graphics.o(.text)
    renderAsteroids                          0x00001153   Thumb Code   436  graphics.o(.text)
    drawBullet                               0x00001307   Thumb Code   106  graphics.o(.text)
    clearBullet                              0x00001371   Thumb Code    46  graphics.o(.text)
    renderBullets                            0x0000139f   Thumb Code   240  graphics.o(.text)
    drawShip                                 0x0000148f   Thumb Code   340  graphics.o(.text)
    renderShip                               0x000015e3   Thumb Code   174  graphics.o(.text)
    startScreen                              0x00001691   Thumb Code   428  graphics.o(.text)
    bombEffect                               0x0000183d   Thumb Code    46  graphics.o(.text)
    GameOver                                 0x0000186b   Thumb Code   324  graphics.o(.text)
    shipThrusters                            0x00001ab5   Thumb Code   148  entities.o(.text)
    thrustersOff                             0x00001b49   Thumb Code    10  entities.o(.text)
    shipBreaks                               0x00001b53   Thumb Code    96  entities.o(.text)
    setAsteroidDifficulty                    0x00001bb3   Thumb Code    48  entities.o(.text)
    createAsteroids                          0x00001be3   Thumb Code   352  entities.o(.text)
    createBullet                             0x00001d43   Thumb Code   504  entities.o(.text)
    createShip                               0x00001f3b   Thumb Code    40  entities.o(.text)
    launchBomb                               0x00001f63   Thumb Code   222  entities.o(.text)
    pnpoly                                   0x00002041   Thumb Code   160  entities.o(.text)
    get_line_intersection                    0x000020e1   Thumb Code   186  entities.o(.text)
    collisionPhysics                         0x0000219b   Thumb Code  1806  entities.o(.text)
    asteroidPhysics                          0x000028a9   Thumb Code   166  entities.o(.text)
    bulletPhysics                            0x0000294f   Thumb Code   208  entities.o(.text)
    shipPhysics                              0x00002a1f   Thumb Code   578  entities.o(.text)
    initializeHUD                            0x00002c61   Thumb Code    80  entities.o(.text)
    initializeBullets                        0x00002cb1   Thumb Code    46  entities.o(.text)
    initializeAsteroids                      0x00002cdf   Thumb Code   518  entities.o(.text)
    initializeEntities                       0x00002ee5   Thumb Code    42  entities.o(.text)
    resetEntities                            0x00002f0f   Thumb Code    82  entities.o(.text)
    ADC_Init                                 0x00002f99   Thumb Code    50  controls.o(.text)
    ADC_IRQHandler                           0x00002fcb   Thumb Code    18  controls.o(.text)
    ADC_ConversionStart                      0x00002fdd   Thumb Code    12  controls.o(.text)
    KBD_Init                                 0x00002fe9   Thumb Code    38  controls.o(.text)
    KBD_Get                                  0x0000300f   Thumb Code    12  controls.o(.text)
    KBD_Read                                 0x0000301b   Thumb Code    12  controls.o(.text)
    INT0_Get                                 0x00003027   Thumb Code    10  controls.o(.text)
    LED_Init                                 0x00003031   Thumb Code    30  controls.o(.text)
    LED_On                                   0x0000304f   Thumb Code    28  controls.o(.text)
    LED_Off                                  0x0000306b   Thumb Code    28  controls.o(.text)
    LED_Out                                  0x00003087   Thumb Code    38  controls.o(.text)
    LED_Toggle                               0x000030ad   Thumb Code    28  controls.o(.text)
    initializeControls                       0x000030c9   Thumb Code    38  controls.o(.text)
    adc                                      0x00003115   Thumb Code    66  tasks.o(.text)
    joystick                                 0x00003157   Thumb Code    16  tasks.o(.text)
    shipGun                                  0x00003167   Thumb Code    64  tasks.o(.text)
    moveShip                                 0x000031a7   Thumb Code    62  tasks.o(.text)
    bomb                                     0x000031e5   Thumb Code    66  tasks.o(.text)
    lcd                                      0x00003227   Thumb Code    48  tasks.o(.text)
    physics                                  0x00003257   Thumb Code    48  tasks.o(.text)
    stageMonitor                             0x00003287   Thumb Code   332  tasks.o(.text)
    init                                     0x000033d3   Thumb Code   232  tasks.o(.text)
    initializeTasks                          0x000034bb   Thumb Code    22  tasks.o(.text)
    sendchar                                 0x00003535   Thumb Code    56  retarget.o(.text)
    getkey                                   0x0000356d   Thumb Code    32  retarget.o(.text)
    fputc                                    0x0000358d   Thumb Code     2  retarget.o(.text)
    fgetc                                    0x0000358f   Thumb Code    16  retarget.o(.text)
    ferror                                   0x0000359f   Thumb Code     6  retarget.o(.text)
    _ttywrch                                 0x000035a5   Thumb Code     2  retarget.o(.text)
    _sys_exit                                0x000035a7   Thumb Code     2  retarget.o(.text)
    Free                                     0x000035ad   Thumb Code     6  uart.o(.text)
    Lock                                     0x000035b3   Thumb Code    22  uart.o(.text)
    LockRcv                                  0x000035c9   Thumb Code    20  uart.o(.text)
    LockSnd                                  0x000035dd   Thumb Code    22  uart.o(.text)
    FreeRcv                                  0x000035f3   Thumb Code    20  uart.o(.text)
    FreeSnd                                  0x00003607   Thumb Code    22  uart.o(.text)
    UART0_IRQHandler                         0x0000361d   Thumb Code    68  uart.o(.text)
    UART1_IRQHandler                         0x00003661   Thumb Code    70  uart.o(.text)
    getFrequency                             0x000036a7   Thumb Code    38  uart.o(.text)
    UARTInit                                 0x000036cd   Thumb Code   144  uart.o(.text)
    UARTSend                                 0x0000375d   Thumb Code    84  uart.o(.text)
    UARTSendChar                             0x000037b1   Thumb Code    18  uart.o(.text)
    UARTRecieve                              0x000037c3   Thumb Code   132  uart.o(.text)
    UARTReceiveChar                          0x00003847   Thumb Code    18  uart.o(.text)
    rand                                     0x0000388d   Thumb Code    20  rand.o(.text)
    srand                                    0x000038a1   Thumb Code     6  rand.o(.text)
    __aeabi_fadd                             0x000038b1   Thumb Code   164  fadd.o(.text)
    __aeabi_fsub                             0x00003955   Thumb Code     6  fadd.o(.text)
    __aeabi_frsub                            0x0000395b   Thumb Code     6  fadd.o(.text)
    __aeabi_fmul                             0x00003961   Thumb Code   108  fmul.o(.text)
    __aeabi_fdiv                             0x000039cd   Thumb Code   128  fdiv.o(.text)
    __ARM_scalbnf                            0x00003a4d   Thumb Code    24  fscalb.o(.text)
    scalbnf                                  0x00003a4d   Thumb Code     0  fscalb.o(.text)
    __aeabi_dadd                             0x00003a65   Thumb Code   322  dadd.o(.text)
    __aeabi_dsub                             0x00003ba7   Thumb Code     6  dadd.o(.text)
    __aeabi_drsub                            0x00003bad   Thumb Code     6  dadd.o(.text)
    __aeabi_dmul                             0x00003bb3   Thumb Code   228  dmul.o(.text)
    __aeabi_ddiv                             0x00003c97   Thumb Code   222  ddiv.o(.text)
    __ARM_scalbn                             0x00003d75   Thumb Code    46  dscalb.o(.text)
    scalbn                                   0x00003d75   Thumb Code     0  dscalb.o(.text)
    __aeabi_i2f                              0x00003da3   Thumb Code    18  fflti.o(.text)
    __aeabi_ui2f                             0x00003db5   Thumb Code    10  ffltui.o(.text)
    __aeabi_i2d                              0x00003dbf   Thumb Code    34  dflti.o(.text)
    __aeabi_ui2d                             0x00003de1   Thumb Code    26  dfltui.o(.text)
    __aeabi_f2iz                             0x00003dfb   Thumb Code    50  ffixi.o(.text)
    __aeabi_f2uiz                            0x00003e2d   Thumb Code    40  ffixui.o(.text)
    __aeabi_d2uiz                            0x00003e55   Thumb Code    50  dfixui.o(.text)
    __aeabi_f2d                              0x00003e87   Thumb Code    38  f2d.o(.text)
    __aeabi_cdrcmple                         0x00003ead   Thumb Code    38  cdrcmple.o(.text)
    __aeabi_d2f                              0x00003ed5   Thumb Code    56  d2f.o(.text)
    __aeabi_cfcmpeq                          0x00003f0d   Thumb Code     0  cfcmple.o(.text)
    __aeabi_cfcmple                          0x00003f0d   Thumb Code    20  cfcmple.o(.text)
    __aeabi_cfrcmple                         0x00003f21   Thumb Code    20  cfrcmple.o(.text)
    __aeabi_uidiv                            0x00003f35   Thumb Code     0  uidiv.o(.text)
    __aeabi_uidivmod                         0x00003f35   Thumb Code    44  uidiv.o(.text)
    __aeabi_llsl                             0x00003f61   Thumb Code    30  llshl.o(.text)
    _ll_shift_l                              0x00003f61   Thumb Code     0  llshl.o(.text)
    __aeabi_llsr                             0x00003f7f   Thumb Code    32  llushr.o(.text)
    _ll_ushift_r                             0x00003f7f   Thumb Code     0  llushr.o(.text)
    __aeabi_lasr                             0x00003f9f   Thumb Code    36  llsshr.o(.text)
    _ll_sshift_r                             0x00003f9f   Thumb Code     0  llsshr.o(.text)
    _float_round                             0x00003fc3   Thumb Code    18  fepilogue.o(.text)
    _float_epilogue                          0x00003fd5   Thumb Code    90  fepilogue.o(.text)
    _double_round                            0x0000402f   Thumb Code    26  depilogue.o(.text)
    _double_epilogue                         0x00004049   Thumb Code   164  depilogue.o(.text)
    _dsqrt                                   0x000040ed   Thumb Code   162  dsqrt.o(.text)
    __scatterload                            0x00004191   Thumb Code    28  init.o(.text)
    __scatterload_rt2                        0x00004191   Thumb Code     0  init.o(.text)
    __aeabi_d2iz                             0x000041b5   Thumb Code    62  dfixi.o(.text)
    __0printf$1                              0x000041f5   Thumb Code    22  printf1.o(i.__0printf$1)
    __1printf$1                              0x000041f5   Thumb Code     0  printf1.o(i.__0printf$1)
    __2printf                                0x000041f5   Thumb Code     0  printf1.o(i.__0printf$1)
    __0sprintf$1                             0x00004215   Thumb Code    34  printf1.o(i.__0sprintf$1)
    __1sprintf$1                             0x00004215   Thumb Code     0  printf1.o(i.__0sprintf$1)
    __2sprintf                               0x00004215   Thumb Code     0  printf1.o(i.__0sprintf$1)
    __ARM_fpclassify                         0x0000423d   Thumb Code    40  fpclassify.o(i.__ARM_fpclassify)
    __ieee754_rem_pio2                       0x00004265   Thumb Code   832  rred.o(i.__ieee754_rem_pio2)
    __kernel_cos                             0x000045ed   Thumb Code   230  cos_i.o(i.__kernel_cos)
    __kernel_poly                            0x000046e9   Thumb Code   170  poly.o(i.__kernel_poly)
    __kernel_sin                             0x00004795   Thumb Code   224  sin_i.o(i.__kernel_sin)
    __mathlib_dbl_underflow                  0x00004881   Thumb Code    10  dunder.o(i.__mathlib_dbl_underflow)
    __scatterload_copy                       0x00004891   Thumb Code    14  handlers.o(i.__scatterload_copy)
    __scatterload_null                       0x0000489f   Thumb Code     2  handlers.o(i.__scatterload_null)
    __scatterload_zeroinit                   0x000048a1   Thumb Code    14  handlers.o(i.__scatterload_zeroinit)
    __set_errno                              0x000048b1   Thumb Code     6  errno.o(i.__set_errno)
    _init_box                                0x000048bd   Thumb Code    70  rt_membox.o(i._init_box)
    cos                                      0x00004a65   Thumb Code   164  cos.o(i.cos)
    dbg_init                                 0x00004b11   Thumb Code    34  hal_cm3.o(i.dbg_init)
    dbg_task_notify                          0x00004b41   Thumb Code    32  hal_cm3.o(i.dbg_task_notify)
    dbg_task_switch                          0x00004b61   Thumb Code    16  hal_cm3.o(i.dbg_task_switch)
    malloc                                   0x00004b71   Thumb Code    92  malloc.o(i.malloc)
    os_tick_init                             0x00004bdd   Thumb Code    32  rt_system.o(i.os_tick_init)
    os_tick_irqack                           0x00004c05   Thumb Code     2  rt_system.o(i.os_tick_irqack)
    rt_alloc_box                             0x00004c07   Thumb Code    26  rt_membox.o(i.rt_alloc_box)
    rt_block                                 0x00004c21   Thumb Code    48  rt_task.o(i.rt_block)
    rt_chk_robin                             0x00004c59   Thumb Code    60  rt_robin.o(i.rt_chk_robin)
    rt_dec_dly                               0x00004ca1   Thumb Code   106  rt_list.o(i.rt_dec_dly)
    rt_dispatch                              0x00004d15   Thumb Code    60  rt_task.o(i.rt_dispatch)
    rt_dly_wait                              0x00004d59   Thumb Code     6  rt_time.o(i.rt_dly_wait)
    rt_evt_psh                               0x00004d61   Thumb Code    72  rt_event.o(i.rt_evt_psh)
    rt_free_box                              0x00004dad   Thumb Code    32  rt_membox.o(i.rt_free_box)
    rt_get_first                             0x00004dcd   Thumb Code    40  rt_list.o(i.rt_get_first)
    rt_get_same_rdy_prio                     0x00004df5   Thumb Code    26  rt_list.o(i.rt_get_same_rdy_prio)
    rt_init_robin                            0x00004e5d   Thumb Code    14  rt_robin.o(i.rt_init_robin)
    rt_init_stack                            0x00004e75   Thumb Code    70  hal_cm3.o(i.rt_init_stack)
    rt_mbx_psh                               0x00004ec5   Thumb Code   188  rt_mailbox.o(i.rt_mbx_psh)
    rt_mut_init                              0x00004f85   Thumb Code    16  rt_mutex.o(i.rt_mut_init)
    rt_mut_release                           0x00004f95   Thumb Code   164  rt_mutex.o(i.rt_mut_release)
    rt_mut_wait                              0x00005041   Thumb Code    96  rt_mutex.o(i.rt_mut_wait)
    rt_pop_req                               0x000050a5   Thumb Code   106  rt_system.o(i.rt_pop_req)
    rt_put_dly                               0x0000511d   Thumb Code    68  rt_list.o(i.rt_put_dly)
    rt_put_prio                              0x00005165   Thumb Code    54  rt_list.o(i.rt_put_prio)
    rt_put_rdy_first                         0x0000519d   Thumb Code    14  rt_list.o(i.rt_put_rdy_first)
    rt_resort_prio                           0x000051b1   Thumb Code    46  rt_list.o(i.rt_resort_prio)
    rt_rmv_dly                               0x000051e5   Thumb Code    40  rt_list.o(i.rt_rmv_dly)
    rt_rmv_list                              0x0000520d   Thumb Code    44  rt_list.o(i.rt_rmv_list)
    rt_sem_init                              0x0000523d   Thumb Code    12  rt_semaphore.o(i.rt_sem_init)
    rt_sem_psh                               0x00005249   Thumb Code    46  rt_semaphore.o(i.rt_sem_psh)
    rt_sem_send                              0x0000527d   Thumb Code    52  rt_semaphore.o(i.rt_sem_send)
    rt_sem_wait                              0x000052b5   Thumb Code    56  rt_semaphore.o(i.rt_sem_wait)
    rt_stk_check                             0x000052f1   Thumb Code    28  rt_system.o(i.rt_stk_check)
    rt_switch_req                            0x00005315   Thumb Code    30  rt_task.o(i.rt_switch_req)
    rt_sys_init                              0x0000533d   Thumb Code   266  rt_task.o(i.rt_sys_init)
    rt_systick                               0x00005495   Thumb Code    48  rt_system.o(i.rt_systick)
    rt_tmr_tick                              0x000054d1   Thumb Code    56  rt_timer.o(i.rt_tmr_tick)
    rt_tsk_create                            0x00005511   Thumb Code   126  rt_task.o(i.rt_tsk_create)
    rt_tsk_delete                            0x000055a5   Thumb Code   162  rt_task.o(i.rt_tsk_delete)
    rt_tsk_pass                              0x00005661   Thumb Code    38  rt_task.o(i.rt_tsk_pass)
    sin                                      0x00005691   Thumb Code   166  sin.o(i.sin)
    sqrt                                     0x00005741   Thumb Code    78  sqrt.o(i.sqrt)
    os_maxtaskrun                            0x0000578e   Data           2  rtx_conf_cm.o(.constdata)
    os_stackinfo                             0x00005790   Data           4  rtx_conf_cm.o(.constdata)
    os_rrobin                                0x00005794   Data           4  rtx_conf_cm.o(.constdata)
    os_trv                                   0x00005798   Data           4  rtx_conf_cm.o(.constdata)
    os_flags                                 0x0000579c   Data           1  rtx_conf_cm.o(.constdata)
    os_clockrate                             0x000057a0   Data           4  rtx_conf_cm.o(.constdata)
    os_timernum                              0x000057a4   Data           4  rtx_conf_cm.o(.constdata)
    mp_tcb_size                              0x000057a8   Data           2  rtx_conf_cm.o(.constdata)
    mp_stk_size                              0x000057ac   Data           4  rtx_conf_cm.o(.constdata)
    os_fifo_size                             0x000057b0   Data           1  rtx_conf_cm.o(.constdata)
    mp_tmr_size                              0x000057b2   Data           2  rtx_conf_cm.o(.constdata)
    Font_6x8_h                               0x000057b4   Data         896  glcd_spi_lpc1700.o(.constdata)
    Font_16x24_h                             0x00005b34   Data        5424  glcd_spi_lpc1700.o(.constdata)
    led_mask                                 0x00007064   Data          32  controls.o(.constdata)
    Region$$Table$$Base                      0x000071a8   Number         0  anon$$obj.o(Region$$Table)
    Region$$Table$$Limit                     0x000071c8   Number         0  anon$$obj.o(Region$$Table)
    SystemCoreClock                          0x10000000   Data           4  system_lpc17xx.o(.data)
    m_tmr                                    0x10000004   Data           4  rtx_conf_cm.o(.data)
    _GLCD_Color                              0x1000000a   Data           4  glcd_spi_lpc1700.o(.data)
    AsteroidColour                           0x10000014   Data          10  entities.o(.data)
    bullets                                  0x10000020   Data           4  entities.o(.data)
    asteroids                                0x10000024   Data           4  entities.o(.data)
    ADCStat                                  0x10000028   Data           4  controls.o(.data)
    ADCValue                                 0x1000002c   Data           4  controls.o(.data)
    KBD_val                                  0x10000030   Data           4  controls.o(.data)
    t_phys                                   0x10000034   Data           4  tasks.o(.data)
    t_adc                                    0x10000038   Data           4  tasks.o(.data)
    t_jst                                    0x1000003c   Data           4  tasks.o(.data)
    t_gunctrl                                0x10000040   Data           4  tasks.o(.data)
    t_movectrl                               0x10000044   Data           4  tasks.o(.data)
    t_bombctrl                               0x10000048   Data           4  tasks.o(.data)
    t_lcd                                    0x1000004c   Data           4  tasks.o(.data)
    t_stage                                  0x10000050   Data           4  tasks.o(.data)
    t_intro                                  0x10000054   Data           4  tasks.o(.data)
    sem_reset                                0x10000058   Data           8  tasks.o(.data)
    uart_init_called                         0x10000060   Data           1  retarget.o(.data)
    __stdout                                 0x10000064   Data           4  retarget.o(.data)
    UART0TxEmpty                             0x10000068   Data           1  uart.o(.data)
    UART1TxEmpty                             0x10000069   Data           1  uart.o(.data)
    RcvLock0                                 0x1000006a   Data           1  uart.o(.data)
    SndLock0                                 0x1000006b   Data           1  uart.o(.data)
    RcvLock1                                 0x1000006c   Data           1  uart.o(.data)
    SndLock1                                 0x1000006d   Data           1  uart.o(.data)
    UART0Count                               0x10000070   Data           4  uart.o(.data)
    UART1Count                               0x10000074   Data           4  uart.o(.data)
    os_tsk                                   0x10000078   Data           8  rt_task.o(.data)
    os_time                                  0x10000080   Data           4  rt_time.o(.data)
    dbg_msg                                  0x10000084   Data           1  hal_cm3.o(.data)
    os_tick_irqn                             0x1000008c   Data           4  rt_system.o(.data)
    os_robin                                 0x10000090   Data           8  rt_robin.o(.data)
    os_tmr                                   0x10000098   Data           8  rt_timer.o(.data)
    __microlib_freelist                      0x100000a4   Data           4  mvars.o(.data)
    __microlib_freelist_initialised          0x100000a8   Data           4  mvars.o(.data)
    mp_tcb                                   0x100000b0   Data         492  rtx_conf_cm.o(.bss)
    mp_stk                                   0x100002a0   Data        5560  rtx_conf_cm.o(.bss)
    os_fifo                                  0x10001858   Data         132  rtx_conf_cm.o(.bss)
    os_active_TCB                            0x100018dc   Data          40  rtx_conf_cm.o(.bss)
    ship                                     0x10001904   Data          48  entities.o(.bss)
    HUD                                      0x10001934   Data          16  entities.o(.bss)
    mut_ship                                 0x10001944   Data          12  entities.o(.bss)
    mut_bullets                              0x10001950   Data          12  entities.o(.bss)
    mut_asteroids                            0x1000195c   Data          12  entities.o(.bss)
    mut_physics                              0x10001968   Data          12  entities.o(.bss)
    mut_GLCD                                 0x10001974   Data          12  tasks.o(.bss)
    mut_levelStart                           0x10001980   Data          12  tasks.o(.bss)
    UART0Buffer                              0x1000198c   Data          64  uart.o(.bss)
    UART1Buffer                              0x100019cc   Data          64  uart.o(.bss)
    os_idle_TCB                              0x10001a0c   Data          48  rt_task.o(.bss)
    os_rdy                                   0x10001a3c   Data          24  rt_list.o(.bss)
    os_dly                                   0x10001a54   Data          24  rt_list.o(.bss)
    __heap_base                              0x10001a70   Data           0  startup_lpc17xx.o(HEAP)
    __heap_limit                             0x10002a70   Data           0  startup_lpc17xx.o(HEAP)
    __initial_sp                             0x10003a70   Data           0  startup_lpc17xx.o(STACK)



==============================================================================

Memory Map of the image

  Image Entry point : 0x000000cd

  Load Region LR_IROM1 (Base: 0x00000000, Size: 0x00007278, Max: 0x00080000, ABSOLUTE)

    Execution Region ER_IROM1 (Base: 0x00000000, Size: 0x000071c8, Max: 0x00080000, ABSOLUTE)

    Base Addr    Size         Type   Attr      Idx    E Section Name        Object

    0x00000000   0x000000cc   Data   RO            3    RESET               startup_lpc17xx.o
    0x000000cc   0x00000000   Code   RO          976  * .ARM.Collect$$$$00000000  mc_w.l(entry.o)
    0x000000cc   0x00000004   Code   RO         1327    .ARM.Collect$$$$00000001  mc_w.l(entry2.o)
    0x000000d0   0x00000004   Code   RO         1330    .ARM.Collect$$$$00000004  mc_w.l(entry5.o)
    0x000000d4   0x00000000   Code   RO         1332    .ARM.Collect$$$$00000008  mc_w.l(entry7b.o)
    0x000000d4   0x00000008   Code   RO         1333    .ARM.Collect$$$$00000009  mc_w.l(entry8.o)
    0x000000dc   0x00000004   Code   RO         1328    .ARM.Collect$$$$00002712  mc_w.l(entry2.o)
    0x000000e0   0x00000154   Code   RO          573    .emb_text           RTX_CM3.LIB(hal_cm3.o)
    0x00000234   0x00000024   Code   RO            5    .text               startup_lpc17xx.o
    0x00000258   0x00000018   Code   RO           56    .text               rtx_conf_cm.o
    0x00000270   0x00000024   Code   RO          142    .text               main.o
    0x00000294   0x00000062   Code   RO          979    .text               mc_w.l(uldiv.o)
    0x000002f6   0x00000000   Code   RO         1355    .text               mc_w.l(iusefp.o)
    0x000002f6   0x00000002   PAD
    0x000002f8   0x00000004   Code   RO          832    SVC_TABLE           RTX_CM3.LIB(SVC_Table.o)
    0x000002fc   0x00000004   Code   RO            4    .ARM.__at_0x02FC    startup_lpc17xx.o
    0x00000300   0x00000170   Code   RO           15    .text               system_lpc17xx.o
    0x00000470   0x00000abc   Code   RO           97    .text               glcd_spi_lpc1700.o
    0x00000f2c   0x00000b88   Code   RO          189    .text               graphics.o
    0x00001ab4   0x000014e4   Code   RO          216    .text               entities.o
    0x00002f98   0x0000017c   Code   RO          249    .text               controls.o
    0x00003114   0x00000420   Code   RO          282    .text               tasks.o
    0x00003534   0x00000078   Code   RO          314    .text               retarget.o
    0x000035ac   0x000002e0   Code   RO          344    .text               uart.o
    0x0000388c   0x00000024   Code   RO          981    .text               mc_w.l(rand.o)
    0x000038b0   0x000000b0   Code   RO         1273    .text               mf_w.l(fadd.o)
    0x00003960   0x0000006c   Code   RO         1275    .text               mf_w.l(fmul.o)
    0x000039cc   0x00000080   Code   RO         1277    .text               mf_w.l(fdiv.o)
    0x00003a4c   0x00000018   Code   RO         1279    .text               mf_w.l(fscalb.o)
    0x00003a64   0x0000014e   Code   RO         1281    .text               mf_w.l(dadd.o)
    0x00003bb2   0x000000e4   Code   RO         1283    .text               mf_w.l(dmul.o)
    0x00003c96   0x000000de   Code   RO         1285    .text               mf_w.l(ddiv.o)
    0x00003d74   0x0000002e   Code   RO         1287    .text               mf_w.l(dscalb.o)
    0x00003da2   0x00000012   Code   RO         1289    .text               mf_w.l(fflti.o)
    0x00003db4   0x0000000a   Code   RO         1291    .text               mf_w.l(ffltui.o)
    0x00003dbe   0x00000022   Code   RO         1293    .text               mf_w.l(dflti.o)
    0x00003de0   0x0000001a   Code   RO         1295    .text               mf_w.l(dfltui.o)
    0x00003dfa   0x00000032   Code   RO         1297    .text               mf_w.l(ffixi.o)
    0x00003e2c   0x00000028   Code   RO         1299    .text               mf_w.l(ffixui.o)
    0x00003e54   0x00000032   Code   RO         1301    .text               mf_w.l(dfixui.o)
    0x00003e86   0x00000026   Code   RO         1303    .text               mf_w.l(f2d.o)
    0x00003eac   0x00000028   Code   RO         1305    .text               mf_w.l(cdrcmple.o)
    0x00003ed4   0x00000038   Code   RO         1307    .text               mf_w.l(d2f.o)
    0x00003f0c   0x00000014   Code   RO         1309    .text               mf_w.l(cfcmple.o)
    0x00003f20   0x00000014   Code   RO         1311    .text               mf_w.l(cfrcmple.o)
    0x00003f34   0x0000002c   Code   RO         1334    .text               mc_w.l(uidiv.o)
    0x00003f60   0x0000001e   Code   RO         1336    .text               mc_w.l(llshl.o)
    0x00003f7e   0x00000020   Code   RO         1338    .text               mc_w.l(llushr.o)
    0x00003f9e   0x00000024   Code   RO         1340    .text               mc_w.l(llsshr.o)
    0x00003fc2   0x0000006c   Code   RO         1356    .text               mf_w.l(fepilogue.o)
    0x0000402e   0x000000be   Code   RO         1358    .text               mf_w.l(depilogue.o)
    0x000040ec   0x000000a2   Code   RO         1360    .text               mf_w.l(dsqrt.o)
    0x0000418e   0x00000002   PAD
    0x00004190   0x00000024   Code   RO         1372    .text               mc_w.l(init.o)
    0x000041b4   0x0000003e   Code   RO         1374    .text               mf_w.l(dfixi.o)
    0x000041f2   0x00000002   PAD
    0x000041f4   0x00000020   Code   RO         1029    i.__0printf$1       mc_w.l(printf1.o)
    0x00004214   0x00000028   Code   RO         1031    i.__0sprintf$1      mc_w.l(printf1.o)
    0x0000423c   0x00000028   Code   RO         1368    i.__ARM_fpclassify  m_ws.l(fpclassify.o)
    0x00004264   0x00000388   Code   RO         1316    i.__ieee754_rem_pio2  m_ws.l(rred.o)
    0x000045ec   0x000000fc   Code   RO         1313    i.__kernel_cos      m_ws.l(cos_i.o)
    0x000046e8   0x000000aa   Code   RO         1370    i.__kernel_poly     m_ws.l(poly.o)
    0x00004792   0x00000002   PAD
    0x00004794   0x000000ec   Code   RO         1321    i.__kernel_sin      m_ws.l(sin_i.o)
    0x00004880   0x00000010   Code   RO         1366    i.__mathlib_dbl_underflow  m_ws.l(dunder.o)
    0x00004890   0x0000000e   Code   RO         1378    i.__scatterload_copy  mc_w.l(handlers.o)
    0x0000489e   0x00000002   Code   RO         1379    i.__scatterload_null  mc_w.l(handlers.o)
    0x000048a0   0x0000000e   Code   RO         1380    i.__scatterload_zeroinit  mc_w.l(handlers.o)
    0x000048ae   0x00000002   PAD
    0x000048b0   0x0000000c   Code   RO         1350    i.__set_errno       mc_w.l(errno.o)
    0x000048bc   0x00000046   Code   RO          799    i._init_box         RTX_CM3.LIB(rt_membox.o)
    0x00004902   0x00000002   PAD
    0x00004904   0x00000154   Code   RO         1036    i._printf_core      mc_w.l(printf1.o)
    0x00004a58   0x0000000a   Code   RO         1038    i._sputc            mc_w.l(printf1.o)
    0x00004a62   0x00000002   PAD
    0x00004a64   0x000000ac   Code   RO          953    i.cos               m_ws.l(cos.o)
    0x00004b10   0x00000030   Code   RO          574    i.dbg_init          RTX_CM3.LIB(hal_cm3.o)
    0x00004b40   0x00000020   Code   RO          575    i.dbg_task_notify   RTX_CM3.LIB(hal_cm3.o)
    0x00004b60   0x00000010   Code   RO          576    i.dbg_task_switch   RTX_CM3.LIB(hal_cm3.o)
    0x00004b70   0x0000006c   Code   RO         1246    i.malloc            mc_w.l(malloc.o)
    0x00004bdc   0x00000028   Code   RO          615    i.os_tick_init      RTX_CM3.LIB(rt_system.o)
    0x00004c04   0x00000002   Code   RO          616    i.os_tick_irqack    RTX_CM3.LIB(rt_system.o)
    0x00004c06   0x0000001a   Code   RO          800    i.rt_alloc_box      RTX_CM3.LIB(rt_membox.o)
    0x00004c20   0x00000038   Code   RO          377    i.rt_block          RTX_CM3.LIB(rt_task.o)
    0x00004c58   0x00000048   Code   RO          777    i.rt_chk_robin      RTX_CM3.LIB(rt_robin.o)
    0x00004ca0   0x00000074   Code   RO          698    i.rt_dec_dly        RTX_CM3.LIB(rt_list.o)
    0x00004d14   0x00000044   Code   RO          378    i.rt_dispatch       RTX_CM3.LIB(rt_task.o)
    0x00004d58   0x00000006   Code   RO          516    i.rt_dly_wait       RTX_CM3.LIB(rt_time.o)
    0x00004d5e   0x00000002   PAD
    0x00004d60   0x0000004c   Code   RO          838    i.rt_evt_psh        RTX_CM3.LIB(rt_event.o)
    0x00004dac   0x00000020   Code   RO          801    i.rt_free_box       RTX_CM3.LIB(rt_membox.o)
    0x00004dcc   0x00000028   Code   RO          699    i.rt_get_first      RTX_CM3.LIB(rt_list.o)
    0x00004df4   0x00000024   Code   RO          700    i.rt_get_same_rdy_prio  RTX_CM3.LIB(rt_list.o)
    0x00004e18   0x00000044   Code   RO          379    i.rt_init_context   RTX_CM3.LIB(rt_task.o)
    0x00004e5c   0x00000018   Code   RO          778    i.rt_init_robin     RTX_CM3.LIB(rt_robin.o)
    0x00004e74   0x00000050   Code   RO          577    i.rt_init_stack     RTX_CM3.LIB(hal_cm3.o)
    0x00004ec4   0x000000c0   Code   RO          881    i.rt_mbx_psh        RTX_CM3.LIB(rt_mailbox.o)
    0x00004f84   0x00000010   Code   RO          549    i.rt_mut_init       RTX_CM3.LIB(rt_mutex.o)
    0x00004f94   0x000000ac   Code   RO          550    i.rt_mut_release    RTX_CM3.LIB(rt_mutex.o)
    0x00005040   0x00000064   Code   RO          551    i.rt_mut_wait       RTX_CM3.LIB(rt_mutex.o)
    0x000050a4   0x00000078   Code   RO          617    i.rt_pop_req        RTX_CM3.LIB(rt_system.o)
    0x0000511c   0x00000048   Code   RO          702    i.rt_put_dly        RTX_CM3.LIB(rt_list.o)
    0x00005164   0x00000036   Code   RO          703    i.rt_put_prio       RTX_CM3.LIB(rt_list.o)
    0x0000519a   0x00000002   PAD
    0x0000519c   0x00000014   Code   RO          704    i.rt_put_rdy_first  RTX_CM3.LIB(rt_list.o)
    0x000051b0   0x00000034   Code   RO          705    i.rt_resort_prio    RTX_CM3.LIB(rt_list.o)
    0x000051e4   0x00000028   Code   RO          706    i.rt_rmv_dly        RTX_CM3.LIB(rt_list.o)
    0x0000520c   0x00000030   Code   RO          707    i.rt_rmv_list       RTX_CM3.LIB(rt_list.o)
    0x0000523c   0x0000000c   Code   RO          477    i.rt_sem_init       RTX_CM3.LIB(rt_semaphore.o)
    0x00005248   0x00000034   Code   RO          478    i.rt_sem_psh        RTX_CM3.LIB(rt_semaphore.o)
    0x0000527c   0x00000038   Code   RO          479    i.rt_sem_send       RTX_CM3.LIB(rt_semaphore.o)
    0x000052b4   0x0000003c   Code   RO          480    i.rt_sem_wait       RTX_CM3.LIB(rt_semaphore.o)
    0x000052f0   0x00000024   Code   RO          620    i.rt_stk_check      RTX_CM3.LIB(rt_system.o)
    0x00005314   0x00000028   Code   RO          380    i.rt_switch_req     RTX_CM3.LIB(rt_task.o)
    0x0000533c   0x00000158   Code   RO          381    i.rt_sys_init       RTX_CM3.LIB(rt_task.o)
    0x00005494   0x0000003c   Code   RO          622    i.rt_systick        RTX_CM3.LIB(rt_system.o)
    0x000054d0   0x00000040   Code   RO          927    i.rt_tmr_tick       RTX_CM3.LIB(rt_timer.o)
    0x00005510   0x00000094   Code   RO          382    i.rt_tsk_create     RTX_CM3.LIB(rt_task.o)
    0x000055a4   0x000000bc   Code   RO          383    i.rt_tsk_delete     RTX_CM3.LIB(rt_task.o)
    0x00005660   0x00000030   Code   RO          384    i.rt_tsk_pass       RTX_CM3.LIB(rt_task.o)
    0x00005690   0x000000b0   Code   RO          961    i.sin               m_ws.l(sin.o)
    0x00005740   0x0000004e   Code   RO          969    i.sqrt              m_ws.l(sqrt.o)
    0x0000578e   0x00000002   Data   RO           61    .constdata          rtx_conf_cm.o
    0x00005790   0x00000004   Data   RO           62    .constdata          rtx_conf_cm.o
    0x00005794   0x00000004   Data   RO           63    .constdata          rtx_conf_cm.o
    0x00005798   0x00000004   Data   RO           64    .constdata          rtx_conf_cm.o
    0x0000579c   0x00000001   Data   RO           65    .constdata          rtx_conf_cm.o
    0x0000579d   0x00000003   PAD
    0x000057a0   0x00000008   Data   RO           66    .constdata          rtx_conf_cm.o
    0x000057a8   0x00000002   Data   RO           67    .constdata          rtx_conf_cm.o
    0x000057aa   0x00000002   PAD
    0x000057ac   0x00000004   Data   RO           68    .constdata          rtx_conf_cm.o
    0x000057b0   0x00000001   Data   RO           69    .constdata          rtx_conf_cm.o
    0x000057b1   0x00000001   PAD
    0x000057b2   0x00000002   Data   RO           70    .constdata          rtx_conf_cm.o
    0x000057b4   0x000018b0   Data   RO           98    .constdata          glcd_spi_lpc1700.o
    0x00007064   0x00000020   Data   RO          250    .constdata          controls.o
    0x00007084   0x00000004   PAD
    0x00007088   0x00000030   Data   RO         1314    .constdata          m_ws.l(cos_i.o)
    0x000070b8   0x000000c8   Data   RO         1318    .constdata          m_ws.l(rred.o)
    0x00007180   0x00000028   Data   RO         1322    .constdata          m_ws.l(sin_i.o)
    0x000071a8   0x00000020   Data   RO         1376    Region$$Table       anon$$obj.o


    Execution Region RW_IRAM1 (Base: 0x10000000, Size: 0x00003a70, Max: 0x00008000, ABSOLUTE)

    Base Addr    Size         Type   Attr      Idx    E Section Name        Object

    0x10000000   0x00000004   Data   RW           16    .data               system_lpc17xx.o
    0x10000004   0x00000004   Data   RW           71    .data               rtx_conf_cm.o
    0x10000008   0x0000000c   Data   RW           99    .data               glcd_spi_lpc1700.o
    0x10000014   0x0000000a   Data   RW          218    .data               entities.o
    0x1000001e   0x00000002   PAD
    0x10000020   0x00000008   Data   RW          219    .data               entities.o
    0x10000028   0x0000000c   Data   RW          251    .data               controls.o
    0x10000034   0x0000002c   Data   RW          284    .data               tasks.o
    0x10000060   0x00000001   Data   RW          315    .data               retarget.o
    0x10000061   0x00000003   PAD
    0x10000064   0x00000004   Data   RW          316    .data               retarget.o
    0x10000068   0x00000010   Data   RW          347    .data               uart.o
    0x10000078   0x00000008   Data   RW          388    .data               RTX_CM3.LIB(rt_task.o)
    0x10000080   0x00000004   Data   RW          520    .data               RTX_CM3.LIB(rt_time.o)
    0x10000084   0x00000001   Data   RW          578    .data               RTX_CM3.LIB(hal_cm3.o)
    0x10000085   0x00000003   PAD
    0x10000088   0x00000008   Data   RW          625    .data               RTX_CM3.LIB(rt_system.o)
    0x10000090   0x00000008   Data   RW          779    .data               RTX_CM3.LIB(rt_robin.o)
    0x10000098   0x00000008   Data   RW          928    .data               RTX_CM3.LIB(rt_timer.o)
    0x100000a0   0x00000004   Data   RW          982    .data               mc_w.l(rand.o)
    0x100000a4   0x00000004   Data   RW         1346    .data               mc_w.l(mvars.o)
    0x100000a8   0x00000004   Data   RW         1347    .data               mc_w.l(mvars.o)
    0x100000ac   0x00000004   Data   RW         1351    .data               mc_w.l(errno.o)
    0x100000b0   0x000001ec   Zero   RW           57    .bss                rtx_conf_cm.o
    0x1000029c   0x00000004   PAD
    0x100002a0   0x000015b8   Zero   RW           58    .bss                rtx_conf_cm.o
    0x10001858   0x00000084   Zero   RW           59    .bss                rtx_conf_cm.o
    0x100018dc   0x00000028   Zero   RW           60    .bss                rtx_conf_cm.o
    0x10001904   0x00000070   Zero   RW          217    .bss                entities.o
    0x10001974   0x00000018   Zero   RW          283    .bss                tasks.o
    0x1000198c   0x00000080   Zero   RW          345    .bss                uart.o
    0x10001a0c   0x00000030   Zero   RW          387    .bss                RTX_CM3.LIB(rt_task.o)
    0x10001a3c   0x00000030   Zero   RW          708    .bss                RTX_CM3.LIB(rt_list.o)
    0x10001a6c   0x00000004   PAD
    0x10001a70   0x00001000   Zero   RW            2    HEAP                startup_lpc17xx.o
    0x10002a70   0x00001000   Zero   RW            1    STACK               startup_lpc17xx.o


==============================================================================

Image component sizes


      Code (inc. data)   RO Data    RW Data    ZI Data      Debug   Object Name

       380         38         32         12          0      26581   controls.o
      5348        314          0         18        112       9216   entities.o
      2748         50       6320         12          0      24138   glcd_spi_lpc1700.o
      2952        280          0          0          0       5824   graphics.o
        36         12          0          0          0      17011   main.o
       120          4          0          5          0       2957   retarget.o
        24         10         32          4       6224       8576   rtx_conf_cm.o
        40         12        204          0       8192        856   startup_lpc17xx.o
       368         32          0          4          0       5145   system_lpc17xx.o
      1056        100          0         44         24       2376   tasks.o
       736         28          0         16        128      28393   uart.o

    ----------------------------------------------------------------------
     13808        880       6630        120      14684     131073   Object Totals
         0          0         32          0          0          0   (incl. Generated)
         0          0         10          5          4          0   (incl. Padding)

    ----------------------------------------------------------------------

      Code (inc. data)   RO Data    RW Data    ZI Data      Debug   Library Member Name

         4          4          0          0          0        136   SVC_Table.o
       516         56          0          1          0       2465   hal_cm3.o
        76          4          0          0          0        541   rt_event.o
       478         40          0          0         48       4249   rt_list.o
       192          4          0          0          0        605   rt_mailbox.o
       128          0          0          0          0       1489   rt_membox.o
       288         12          0          0          0       1601   rt_mutex.o
        96         22          0          8          0        962   rt_robin.o
       180         14          0          0          0       1883   rt_semaphore.o
       258         42          0          8          0       2962   rt_system.o
       960        166          0          8         48       6716   rt_task.o
         6          0          0          4          0        504   rt_time.o
        64          8          0          8          0        583   rt_timer.o
       172          8          0          0          0        112   cos.o
       252         22         48          0          0        124   cos_i.o
        16          6          0          0          0         68   dunder.o
        40          0          0          0          0         68   fpclassify.o
       170          0          0          0          0         96   poly.o
       904         72        200          0          0        132   rred.o
       176         10          0          0          0        116   sin.o
       236         12         40          0          0        128   sin_i.o
        78          0          0          0          0         84   sqrt.o
         0          0          0          0          0          0   entry.o
         8          4          0          0          0          0   entry2.o
         4          0          0          0          0          0   entry5.o
         0          0          0          0          0          0   entry7b.o
         8          4          0          0          0          0   entry8.o
        12          6          0          4          0         68   errno.o
        30          0          0          0          0          0   handlers.o
        36          8          0          0          0         68   init.o
         0          0          0          0          0          0   iusefp.o
        30          0          0          0          0         68   llshl.o
        36          0          0          0          0         68   llsshr.o
        32          0          0          0          0         68   llushr.o
       108         16          0          0          0         84   malloc.o
         0          0          0          8          0          0   mvars.o
       422         22          0          0          0        332   printf1.o
        36         10          0          4          0        136   rand.o
        44          0          0          0          0         80   uidiv.o
        98          0          0          0          0         92   uldiv.o
        40          2          0          0          0         68   cdrcmple.o
        20          0          0          0          0         68   cfcmple.o
        20          0          0          0          0         68   cfrcmple.o
        56          0          0          0          0         88   d2f.o
       334          0          0          0          0        144   dadd.o
       222          0          0          0          0        100   ddiv.o
       190          0          0          0          0        176   depilogue.o
        62          0          0          0          0         80   dfixi.o
        50          0          0          0          0         76   dfixui.o
        34          0          0          0          0         76   dflti.o
        26          0          0          0          0         76   dfltui.o
       228          0          0          0          0         92   dmul.o
        46          0          0          0          0         80   dscalb.o
       162          0          0          0          0        100   dsqrt.o
        38          0          0          0          0         68   f2d.o
       176          0          0          0          0        140   fadd.o
       128          0          0          0          0         88   fdiv.o
       108          0          0          0          0        168   fepilogue.o
        50          0          0          0          0         68   ffixi.o
        40          0          0          0          0         68   ffixui.o
        18          0          0          0          0         68   fflti.o
        10          0          0          0          0         68   ffltui.o
       108          0          0          0          0         76   fmul.o
        24          0          0          0          0         68   fscalb.o

    ----------------------------------------------------------------------
      8402        574        288         56        100      28860   Library Totals
        18          0          0          3          4          0   (incl. Padding)

    ----------------------------------------------------------------------

      Code (inc. data)   RO Data    RW Data    ZI Data      Debug   Library Name

      3246        372          0         37         96      24696   RTX_CM3.LIB
      2044        130        288          0          0        928   m_ws.l
       904         70          0         16          0       1064   mc_w.l
      2190          2          0          0          0       2172   mf_w.l

    ----------------------------------------------------------------------
      8402        574        288         56        100      28860   Library Totals

    ----------------------------------------------------------------------

==============================================================================


      Code (inc. data)   RO Data    RW Data    ZI Data      Debug   

     22210       1454       6918        176      14784     154213   Grand Totals
     22210       1454       6918        176      14784     154213   ELF Image Totals
     22210       1454       6918        176          0          0   ROM Totals

==============================================================================

    Total RO  Size (Code + RO Data)                29128 (  28.45kB)
    Total RW  Size (RW Data + ZI Data)             14960 (  14.61kB)
    Total ROM Size (Code + RO Data + RW Data)      29304 (  28.62kB)

==============================================================================

